
=== phase2_walk_forward ===
Started: 2026-05-30T08:29:59
Command: /scratch/PDRL/dissertation-project/venv/bin/python experiments/runners/run_walk_forward.py --tickers basket --folds all --seeds extended --timesteps 50000 --bootstrap-paths 16 --agents baseline,probabilistic --tag phase2_wf --device cpu
Log:     /scratch/PDRL/dissertation-project/experiments/results/logs/phase2_walk_forward_20260529_185754.log
============================================================
Walk-forward sweep: 8 tickers x 4 folds x 10 seeds = 320 cells; timesteps=50000, bootstrap_paths=16, agents=['baseline', 'probabilistic']
[1/320] SPY   fold=wf_2018_2019   seed=  7 baseline:      final=977112, sharpe=-0.3880, mdd=0.0430
[1/320] SPY   fold=wf_2018_2019   seed=  7 probabilistic: final=1049965, sharpe=+0.3779, mdd=0.0939
[2/320] SPY   fold=wf_2018_2019   seed= 13 baseline:      final=980495, sharpe=-0.4747, mdd=0.0394
[2/320] SPY   fold=wf_2018_2019   seed= 13 probabilistic: final=1119401, sharpe=+0.5810, mdd=0.1433
[3/320] SPY   fold=wf_2018_2019   seed= 19 baseline:      final=974775, sharpe=-0.7274, mdd=0.0340
[3/320] SPY   fold=wf_2018_2019   seed= 19 probabilistic: final=1040186, sharpe=+0.2742, mdd=0.1292
[4/320] SPY   fold=wf_2018_2019   seed= 23 baseline:      final=986557, sharpe=-0.3669, mdd=0.0332
[4/320] SPY   fold=wf_2018_2019   seed= 23 probabilistic: final=1214458, sharpe=+0.7274, mdd=0.1934
[5/320] SPY   fold=wf_2018_2019   seed= 29 baseline:      final=980865, sharpe=-0.4420, mdd=0.0407
[5/320] SPY   fold=wf_2018_2019   seed= 29 probabilistic: final=1080042, sharpe=+0.6887, mdd=0.0563
[6/320] SPY   fold=wf_2018_2019   seed= 37 baseline:      final=976558, sharpe=-0.6159, mdd=0.0367
[6/320] SPY   fold=wf_2018_2019   seed= 37 probabilistic: final=1209134, sharpe=+0.7266, mdd=0.1930
[7/320] SPY   fold=wf_2018_2019   seed= 42 baseline:      final=980519, sharpe=-0.2274, mdd=0.0454
[7/320] SPY   fold=wf_2018_2019   seed= 42 probabilistic: final=1189697, sharpe=+0.7144, mdd=0.1729
[8/320] SPY   fold=wf_2018_2019   seed= 53 baseline:      final=971403, sharpe=-0.8663, mdd=0.0331
[8/320] SPY   fold=wf_2018_2019   seed= 53 probabilistic: final=1115027, sharpe=+0.5462, mdd=0.1455
[9/320] SPY   fold=wf_2018_2019   seed= 67 baseline:      final=982519, sharpe=-0.5985, mdd=0.0286
[9/320] SPY   fold=wf_2018_2019   seed= 67 probabilistic: final=1216926, sharpe=+0.7447, mdd=0.1935
[10/320] SPY   fold=wf_2018_2019   seed= 89 baseline:      final=992153, sharpe=-0.1116, mdd=0.0430
[10/320] SPY   fold=wf_2018_2019   seed= 89 probabilistic: final=1205477, sharpe=+0.7260, mdd=0.1931
[11/320] SPY   fold=wf_2020_2021   seed=  7 baseline:      final=1003097, sharpe=+0.1473, mdd=0.0202
[11/320] SPY   fold=wf_2020_2021   seed=  7 probabilistic: final=1187490, sharpe=+1.0069, mdd=0.1235
[12/320] SPY   fold=wf_2020_2021   seed= 13 baseline:      final=993742, sharpe=-0.2496, mdd=0.0290
[12/320] SPY   fold=wf_2020_2021   seed= 13 probabilistic: final=1112379, sharpe=+0.7315, mdd=0.1220
[13/320] SPY   fold=wf_2020_2021   seed= 19 baseline:      final=957770, sharpe=-0.2782, mdd=0.1571
[13/320] SPY   fold=wf_2020_2021   seed= 19 probabilistic: final=1613798, sharpe=+1.3473, mdd=0.1971
[14/320] SPY   fold=wf_2020_2021   seed= 23 baseline:      final=1004964, sharpe=+0.2818, mdd=0.0146
[14/320] SPY   fold=wf_2020_2021   seed= 23 probabilistic: final=1224078, sharpe=+0.7695, mdd=0.2005
[15/320] SPY   fold=wf_2020_2021   seed= 29 baseline:      final=951900, sharpe=-0.8512, mdd=0.0748
[15/320] SPY   fold=wf_2020_2021   seed= 29 probabilistic: final=1512291, sharpe=+1.3379, mdd=0.1764
[16/320] SPY   fold=wf_2020_2021   seed= 37 baseline:      final=1007572, sharpe=+0.4385, mdd=0.0131
[16/320] SPY   fold=wf_2020_2021   seed= 37 probabilistic: final=1235617, sharpe=+1.0642, mdd=0.1371
[17/320] SPY   fold=wf_2020_2021   seed= 42 baseline:      final=943670, sharpe=-0.3546, mdd=0.1620
[17/320] SPY   fold=wf_2020_2021   seed= 42 probabilistic: final=1574676, sharpe=+1.0840, mdd=0.2648
[18/320] SPY   fold=wf_2020_2021   seed= 53 baseline:      final=1016747, sharpe=+1.3022, mdd=0.0016
[18/320] SPY   fold=wf_2020_2021   seed= 53 probabilistic: final=1626633, sharpe=+1.3681, mdd=0.1922
[19/320] SPY   fold=wf_2020_2021   seed= 67 baseline:      final=1015920, sharpe=+1.3659, mdd=0.0015
[19/320] SPY   fold=wf_2020_2021   seed= 67 probabilistic: final=1499945, sharpe=+1.5319, mdd=0.1127
[20/320] SPY   fold=wf_2020_2021   seed= 89 baseline:      final=984752, sharpe=-0.4852, mdd=0.0366
[20/320] SPY   fold=wf_2020_2021   seed= 89 probabilistic: final=1564427, sharpe=+1.0865, mdd=0.2608
[21/320] SPY   fold=wf_2022_2023   seed=  7 baseline:      final=997938, sharpe=-0.1386, mdd=0.0094
[21/320] SPY   fold=wf_2022_2023   seed=  7 probabilistic: final=1039462, sharpe=+0.1916, mdd=0.1212
[22/320] SPY   fold=wf_2022_2023   seed= 13 baseline:      final=982148, sharpe=-0.5710, mdd=0.0291
[22/320] SPY   fold=wf_2022_2023   seed= 13 probabilistic: final=1065674, sharpe=+0.2876, mdd=0.1359
[23/320] SPY   fold=wf_2022_2023   seed= 19 baseline:      final=986286, sharpe=-0.4756, mdd=0.0251
[23/320] SPY   fold=wf_2022_2023   seed= 19 probabilistic: final=1103591, sharpe=+0.2770, mdd=0.2126
[24/320] SPY   fold=wf_2022_2023   seed= 23 baseline:      final=988136, sharpe=-0.5808, mdd=0.0163
[24/320] SPY   fold=wf_2022_2023   seed= 23 probabilistic: final=1058450, sharpe=+0.2662, mdd=0.1394
[25/320] SPY   fold=wf_2022_2023   seed= 29 baseline:      final=983428, sharpe=-0.6134, mdd=0.0235
[25/320] SPY   fold=wf_2022_2023   seed= 29 probabilistic: final=1119678, sharpe=+0.8107, mdd=0.0746
[26/320] SPY   fold=wf_2022_2023   seed= 37 baseline:      final=988482, sharpe=-0.4405, mdd=0.0215
[26/320] SPY   fold=wf_2022_2023   seed= 37 probabilistic: final=1051154, sharpe=+0.3411, mdd=0.0879
[27/320] SPY   fold=wf_2022_2023   seed= 42 baseline:      final=986001, sharpe=-0.5441, mdd=0.0194
[27/320] SPY   fold=wf_2022_2023   seed= 42 probabilistic: final=1118615, sharpe=+0.3359, mdd=0.1942
[28/320] SPY   fold=wf_2022_2023   seed= 53 baseline:      final=967787, sharpe=-0.5280, mdd=0.0445
[28/320] SPY   fold=wf_2022_2023   seed= 53 probabilistic: final=1117365, sharpe=+0.3245, mdd=0.1992
[29/320] SPY   fold=wf_2022_2023   seed= 67 baseline:      final=984696, sharpe=-0.5659, mdd=0.0250
[29/320] SPY   fold=wf_2022_2023   seed= 67 probabilistic: final=1121228, sharpe=+0.3442, mdd=0.1892
[30/320] SPY   fold=wf_2022_2023   seed= 89 baseline:      final=984719, sharpe=-0.5334, mdd=0.0241
[30/320] SPY   fold=wf_2022_2023   seed= 89 probabilistic: final=965605, sharpe=-0.3770, mdd=0.0688
[31/320] SPY   fold=wf_2024_2025   seed=  7 baseline:      final=1016196, sharpe=+0.9973, mdd=0.0059
[31/320] SPY   fold=wf_2024_2025   seed=  7 probabilistic: final=1302060, sharpe=+1.2316, mdd=0.1284
[32/320] SPY   fold=wf_2024_2025   seed= 13 baseline:      final=1014651, sharpe=+0.9974, mdd=0.0044
[32/320] SPY   fold=wf_2024_2025   seed= 13 probabilistic: final=1350118, sharpe=+1.1559, mdd=0.1576
[33/320] SPY   fold=wf_2024_2025   seed= 19 baseline:      final=1019222, sharpe=+1.1947, mdd=0.0039
[33/320] SPY   fold=wf_2024_2025   seed= 19 probabilistic: final=1415991, sharpe=+1.1291, mdd=0.1875
[34/320] SPY   fold=wf_2024_2025   seed= 23 baseline:      final=1018146, sharpe=+1.1154, mdd=0.0044
[34/320] SPY   fold=wf_2024_2025   seed= 23 probabilistic: final=1401187, sharpe=+1.1102, mdd=0.1867
[35/320] SPY   fold=wf_2024_2025   seed= 29 baseline:      final=1026269, sharpe=+1.2331, mdd=0.0062
[35/320] SPY   fold=wf_2024_2025   seed= 29 probabilistic: final=1394748, sharpe=+1.0907, mdd=0.1875
[36/320] SPY   fold=wf_2024_2025   seed= 37 baseline:      final=1016831, sharpe=+1.0802, mdd=0.0047
[36/320] SPY   fold=wf_2024_2025   seed= 37 probabilistic: final=1418670, sharpe=+1.1328, mdd=0.1875
[37/320] SPY   fold=wf_2024_2025   seed= 42 baseline:      final=1020195, sharpe=+1.1635, mdd=0.0048
[37/320] SPY   fold=wf_2024_2025   seed= 42 probabilistic: final=1429885, sharpe=+1.1514, mdd=0.1876
[38/320] SPY   fold=wf_2024_2025   seed= 53 baseline:      final=1026546, sharpe=+1.1246, mdd=0.0078
[38/320] SPY   fold=wf_2024_2025   seed= 53 probabilistic: final=1412701, sharpe=+1.1218, mdd=0.1875
[39/320] SPY   fold=wf_2024_2025   seed= 67 baseline:      final=1011200, sharpe=+0.9613, mdd=0.0030
[39/320] SPY   fold=wf_2024_2025   seed= 67 probabilistic: final=1384500, sharpe=+1.0743, mdd=0.1874
[40/320] SPY   fold=wf_2024_2025   seed= 89 baseline:      final=1024710, sharpe=+1.0950, mdd=0.0066
[40/320] SPY   fold=wf_2024_2025   seed= 89 probabilistic: final=1420773, sharpe=+1.1387, mdd=0.1875
[41/320] QQQ   fold=wf_2018_2019   seed=  7 baseline:      final=1004995, sharpe=+0.0466, mdd=0.0530
[41/320] QQQ   fold=wf_2018_2019   seed=  7 probabilistic: final=1039480, sharpe=+0.2848, mdd=0.0836
[42/320] QQQ   fold=wf_2018_2019   seed= 13 baseline:      final=974504, sharpe=-0.3318, mdd=0.0487
[42/320] QQQ   fold=wf_2018_2019   seed= 13 probabilistic: final=1198220, sharpe=+0.6319, mdd=0.1781
[43/320] QQQ   fold=wf_2018_2019   seed= 19 baseline:      final=974456, sharpe=-0.7050, mdd=0.0370
[43/320] QQQ   fold=wf_2018_2019   seed= 19 probabilistic: final=1269254, sharpe=+0.6895, mdd=0.2263
[44/320] QQQ   fold=wf_2018_2019   seed= 23 baseline:      final=990574, sharpe=-0.2394, mdd=0.0361
[44/320] QQQ   fold=wf_2018_2019   seed= 23 probabilistic: final=1292817, sharpe=+0.7011, mdd=0.2280
[45/320] QQQ   fold=wf_2018_2019   seed= 29 baseline:      final=983843, sharpe=-0.3775, mdd=0.0420
[45/320] QQQ   fold=wf_2018_2019   seed= 29 probabilistic: final=1128167, sharpe=+0.8097, mdd=0.0779
[46/320] QQQ   fold=wf_2018_2019   seed= 37 baseline:      final=985743, sharpe=-0.3319, mdd=0.0405
[46/320] QQQ   fold=wf_2018_2019   seed= 37 probabilistic: final=1265344, sharpe=+0.7572, mdd=0.1921
[47/320] QQQ   fold=wf_2018_2019   seed= 42 baseline:      final=988646, sharpe=-0.1460, mdd=0.0471
[47/320] QQQ   fold=wf_2018_2019   seed= 42 probabilistic: final=1146024, sharpe=+0.5595, mdd=0.1507
[48/320] QQQ   fold=wf_2018_2019   seed= 53 baseline:      final=970725, sharpe=-0.7959, mdd=0.0376
[48/320] QQQ   fold=wf_2018_2019   seed= 53 probabilistic: final=1282282, sharpe=+0.6871, mdd=0.2275
[49/320] QQQ   fold=wf_2018_2019   seed= 67 baseline:      final=998562, sharpe=-0.0351, mdd=0.0363
[49/320] QQQ   fold=wf_2018_2019   seed= 67 probabilistic: final=1287760, sharpe=+0.7325, mdd=0.2278
[50/320] QQQ   fold=wf_2018_2019   seed= 89 baseline:      final=1001476, sharpe=+0.0281, mdd=0.0440
[50/320] QQQ   fold=wf_2018_2019   seed= 89 probabilistic: final=1294054, sharpe=+0.7180, mdd=0.2279
[51/320] QQQ   fold=wf_2020_2021   seed=  7 baseline:      final=1025390, sharpe=+1.4179, mdd=0.0016
[51/320] QQQ   fold=wf_2020_2021   seed=  7 probabilistic: final=1292248, sharpe=+1.2426, mdd=0.1115
[52/320] QQQ   fold=wf_2020_2021   seed= 13 baseline:      final=1005260, sharpe=+0.1738, mdd=0.0294
[52/320] QQQ   fold=wf_2020_2021   seed= 13 probabilistic: final=1600849, sharpe=+1.2171, mdd=0.1916
[53/320] QQQ   fold=wf_2020_2021   seed= 19 baseline:      final=962383, sharpe=-0.5104, mdd=0.0773
[53/320] QQQ   fold=wf_2020_2021   seed= 19 probabilistic: final=1856327, sharpe=+1.3901, mdd=0.1846
[54/320] QQQ   fold=wf_2020_2021   seed= 23 baseline:      final=1004638, sharpe=+0.1741, mdd=0.0258
[54/320] QQQ   fold=wf_2020_2021   seed= 23 probabilistic: final=1612697, sharpe=+1.2733, mdd=0.1840
[55/320] QQQ   fold=wf_2020_2021   seed= 29 baseline:      final=1374779, sharpe=+1.1674, mdd=0.1484
[55/320] QQQ   fold=wf_2020_2021   seed= 29 probabilistic: final=1186555, sharpe=+0.8140, mdd=0.1137
[56/320] QQQ   fold=wf_2020_2021   seed= 37 baseline:      final=1018656, sharpe=+0.8170, mdd=0.0131
[56/320] QQQ   fold=wf_2020_2021   seed= 37 probabilistic: final=1512043, sharpe=+1.2551, mdd=0.1591
[57/320] QQQ   fold=wf_2020_2021   seed= 42 baseline:      final=951280, sharpe=-0.4048, mdd=0.1147
[57/320] QQQ   fold=wf_2020_2021   seed= 42 probabilistic: final=1851373, sharpe=+1.2786, mdd=0.2214
[58/320] QQQ   fold=wf_2020_2021   seed= 53 baseline:      final=1023665, sharpe=+1.1939, mdd=0.0052
[58/320] QQQ   fold=wf_2020_2021   seed= 53 probabilistic: final=1872673, sharpe=+1.3233, mdd=0.2102
[59/320] QQQ   fold=wf_2020_2021   seed= 67 baseline:      final=1022066, sharpe=+1.2611, mdd=0.0030
[59/320] QQQ   fold=wf_2020_2021   seed= 67 probabilistic: final=1832362, sharpe=+1.4428, mdd=0.1582
[60/320] QQQ   fold=wf_2020_2021   seed= 89 baseline:      final=981035, sharpe=-0.3590, mdd=0.0577
[60/320] QQQ   fold=wf_2020_2021   seed= 89 probabilistic: final=1829265, sharpe=+1.2529, mdd=0.2250
[61/320] QQQ   fold=wf_2022_2023   seed=  7 baseline:      final=966782, sharpe=-0.6613, mdd=0.0416
[61/320] QQQ   fold=wf_2022_2023   seed=  7 probabilistic: final=1080391, sharpe=+0.2749, mdd=0.1798
[62/320] QQQ   fold=wf_2022_2023   seed= 13 baseline:      final=978438, sharpe=-0.6065, mdd=0.0256
[62/320] QQQ   fold=wf_2022_2023   seed= 13 probabilistic: final=1133929, sharpe=+0.3871, mdd=0.2052
[63/320] QQQ   fold=wf_2022_2023   seed= 19 baseline:      final=983221, sharpe=-0.5109, mdd=0.0208
[63/320] QQQ   fold=wf_2022_2023   seed= 19 probabilistic: final=1175901, sharpe=+0.3453, mdd=0.2835
[64/320] QQQ   fold=wf_2022_2023   seed= 23 baseline:      final=980438, sharpe=-0.6139, mdd=0.0231
[64/320] QQQ   fold=wf_2022_2023   seed= 23 probabilistic: final=1155752, sharpe=+0.4188, mdd=0.2122
[65/320] QQQ   fold=wf_2022_2023   seed= 29 baseline:      final=973835, sharpe=-0.6024, mdd=0.0355
[65/320] QQQ   fold=wf_2022_2023   seed= 29 probabilistic: final=1266554, sharpe=+1.0870, mdd=0.0953
[66/320] QQQ   fold=wf_2022_2023   seed= 37 baseline:      final=978407, sharpe=-0.4359, mdd=0.0388
[66/320] QQQ   fold=wf_2022_2023   seed= 37 probabilistic: final=1197031, sharpe=+0.5433, mdd=0.2068
[67/320] QQQ   fold=wf_2022_2023   seed= 42 baseline:      final=978332, sharpe=-0.5425, mdd=0.0290
[67/320] QQQ   fold=wf_2022_2023   seed= 42 probabilistic: final=1213237, sharpe=+0.5204, mdd=0.2212
[68/320] QQQ   fold=wf_2022_2023   seed= 53 baseline:      final=980566, sharpe=-0.5412, mdd=0.0280
[68/320] QQQ   fold=wf_2022_2023   seed= 53 probabilistic: final=1184042, sharpe=+0.3630, mdd=0.2804
[69/320] QQQ   fold=wf_2022_2023   seed= 67 baseline:      final=971458, sharpe=-0.7229, mdd=0.0340
[69/320] QQQ   fold=wf_2022_2023   seed= 67 probabilistic: final=1185417, sharpe=+0.3683, mdd=0.2772
[70/320] QQQ   fold=wf_2022_2023   seed= 89 baseline:      final=968287, sharpe=-0.6176, mdd=0.0411
[70/320] QQQ   fold=wf_2022_2023   seed= 89 probabilistic: final=1080771, sharpe=+0.3910, mdd=0.1395
[71/320] QQQ   fold=wf_2024_2025   seed=  7 baseline:      final=1016334, sharpe=+0.8249, mdd=0.0080
[71/320] QQQ   fold=wf_2024_2025   seed=  7 probabilistic: final=1315018, sharpe=+1.0839, mdd=0.1471
[72/320] QQQ   fold=wf_2024_2025   seed= 13 baseline:      final=1014066, sharpe=+0.8521, mdd=0.0055
[72/320] QQQ   fold=wf_2024_2025   seed= 13 probabilistic: final=1309567, sharpe=+1.0978, mdd=0.1270
[73/320] QQQ   fold=wf_2024_2025   seed= 19 baseline:      final=1019052, sharpe=+1.0553, mdd=0.0051
[73/320] QQQ   fold=wf_2024_2025   seed= 19 probabilistic: final=1467126, sharpe=+0.9754, mdd=0.2277
[74/320] QQQ   fold=wf_2024_2025   seed= 23 baseline:      final=1015851, sharpe=+0.9228, mdd=0.0062
[74/320] QQQ   fold=wf_2024_2025   seed= 23 probabilistic: final=1427818, sharpe=+0.9492, mdd=0.2236
[75/320] QQQ   fold=wf_2024_2025   seed= 29 baseline:      final=1014670, sharpe=+0.8348, mdd=0.0057
[75/320] QQQ   fold=wf_2024_2025   seed= 29 probabilistic: final=1458734, sharpe=+0.9642, mdd=0.2277
[76/320] QQQ   fold=wf_2024_2025   seed= 37 baseline:      final=1017663, sharpe=+0.9404, mdd=0.0065
[76/320] QQQ   fold=wf_2024_2025   seed= 37 probabilistic: final=1456491, sharpe=+0.9648, mdd=0.2276
[77/320] QQQ   fold=wf_2024_2025   seed= 42 baseline:      final=1020949, sharpe=+0.9815, mdd=0.0075
[77/320] QQQ   fold=wf_2024_2025   seed= 42 probabilistic: final=1461599, sharpe=+0.9740, mdd=0.2274
[78/320] QQQ   fold=wf_2024_2025   seed= 53 baseline:      final=1022197, sharpe=+0.9895, mdd=0.0076
[78/320] QQQ   fold=wf_2024_2025   seed= 53 probabilistic: final=1461845, sharpe=+0.9690, mdd=0.2277
[79/320] QQQ   fold=wf_2024_2025   seed= 67 baseline:      final=1013852, sharpe=+0.9040, mdd=0.0056
[79/320] QQQ   fold=wf_2024_2025   seed= 67 probabilistic: final=1448305, sharpe=+0.9524, mdd=0.2277
[80/320] QQQ   fold=wf_2024_2025   seed= 89 baseline:      final=1015314, sharpe=+1.1890, mdd=0.0013
[80/320] QQQ   fold=wf_2024_2025   seed= 89 probabilistic: final=1466352, sharpe=+0.9747, mdd=0.2277
[81/320] IWM   fold=wf_2018_2019   seed=  7 baseline:      final=1026496, sharpe=+0.3918, mdd=0.0364
[81/320] IWM   fold=wf_2018_2019   seed=  7 probabilistic: final=983204, sharpe=-0.1332, mdd=0.1205
[82/320] IWM   fold=wf_2018_2019   seed= 13 baseline:      final=985505, sharpe=-0.4049, mdd=0.0336
[82/320] IWM   fold=wf_2018_2019   seed= 13 probabilistic: final=1040308, sharpe=+0.1689, mdd=0.2036
[83/320] IWM   fold=wf_2018_2019   seed= 19 baseline:      final=979010, sharpe=-0.6904, mdd=0.0297
[83/320] IWM   fold=wf_2018_2019   seed= 19 probabilistic: final=1058507, sharpe=+0.2057, mdd=0.2412
[84/320] IWM   fold=wf_2018_2019   seed= 23 baseline:      final=992294, sharpe=-0.2381, mdd=0.0286
[84/320] IWM   fold=wf_2018_2019   seed= 23 probabilistic: final=1091735, sharpe=+0.2785, mdd=0.2680
[85/320] IWM   fold=wf_2018_2019   seed= 29 baseline:      final=987592, sharpe=-0.2648, mdd=0.0360
[85/320] IWM   fold=wf_2018_2019   seed= 29 probabilistic: final=1026216, sharpe=+0.1824, mdd=0.1022
[86/320] IWM   fold=wf_2018_2019   seed= 37 baseline:      final=988811, sharpe=-0.3227, mdd=0.0316
[86/320] IWM   fold=wf_2018_2019   seed= 37 probabilistic: final=1079992, sharpe=+0.2898, mdd=0.2189
[87/320] IWM   fold=wf_2018_2019   seed= 42 baseline:      final=1042630, sharpe=+0.2590, mdd=0.1410
[87/320] IWM   fold=wf_2018_2019   seed= 42 probabilistic: final=1057452, sharpe=+0.2245, mdd=0.2106
[88/320] IWM   fold=wf_2018_2019   seed= 53 baseline:      final=983522, sharpe=-0.4799, mdd=0.0325
[88/320] IWM   fold=wf_2018_2019   seed= 53 probabilistic: final=984165, sharpe=-0.5297, mdd=0.0290
[89/320] IWM   fold=wf_2018_2019   seed= 67 baseline:      final=982810, sharpe=-0.7103, mdd=0.0241
[89/320] IWM   fold=wf_2018_2019   seed= 67 probabilistic: final=1084147, sharpe=+0.2634, mdd=0.2677
[90/320] IWM   fold=wf_2018_2019   seed= 89 baseline:      final=997613, sharpe=-0.0597, mdd=0.0332
[90/320] IWM   fold=wf_2018_2019   seed= 89 probabilistic: final=1060346, sharpe=+0.2146, mdd=0.2262
[91/320] IWM   fold=wf_2020_2021   seed=  7 baseline:      final=1016529, sharpe=+1.0934, mdd=0.0051
[91/320] IWM   fold=wf_2020_2021   seed=  7 probabilistic: final=1104576, sharpe=+0.5476, mdd=0.1292
[92/320] IWM   fold=wf_2020_2021   seed= 13 baseline:      final=995454, sharpe=-0.1701, mdd=0.0276
[92/320] IWM   fold=wf_2020_2021   seed= 13 probabilistic: final=1092993, sharpe=+0.4325, mdd=0.1671
[93/320] IWM   fold=wf_2020_2021   seed= 19 baseline:      final=942062, sharpe=-1.0752, mdd=0.0798
[93/320] IWM   fold=wf_2020_2021   seed= 19 probabilistic: final=1572176, sharpe=+0.8979, mdd=0.2507
[94/320] IWM   fold=wf_2020_2021   seed= 23 baseline:      final=974245, sharpe=-0.7639, mdd=0.0466
[94/320] IWM   fold=wf_2020_2021   seed= 23 probabilistic: final=1108091, sharpe=+0.3457, mdd=0.2325
[95/320] IWM   fold=wf_2020_2021   seed= 29 baseline:      final=1013277, sharpe=+0.6578, mdd=0.0089
[95/320] IWM   fold=wf_2020_2021   seed= 29 probabilistic: final=1362612, sharpe=+0.7848, mdd=0.2024
[96/320] IWM   fold=wf_2020_2021   seed= 37 baseline:      final=1007289, sharpe=+0.3530, mdd=0.0131
[96/320] IWM   fold=wf_2020_2021   seed= 37 probabilistic: final=1150217, sharpe=+0.7013, mdd=0.1296
[97/320] IWM   fold=wf_2020_2021   seed= 42 baseline:      final=1017874, sharpe=+1.0509, mdd=0.0055
[97/320] IWM   fold=wf_2020_2021   seed= 42 probabilistic: final=1517219, sharpe=+0.7521, mdd=0.3140
[98/320] IWM   fold=wf_2020_2021   seed= 53 baseline:      final=1018292, sharpe=+1.1018, mdd=0.0051
[98/320] IWM   fold=wf_2020_2021   seed= 53 probabilistic: final=1583113, sharpe=+0.9278, mdd=0.2333
[99/320] IWM   fold=wf_2020_2021   seed= 67 baseline:      final=1016074, sharpe=+1.1244, mdd=0.0043
[99/320] IWM   fold=wf_2020_2021   seed= 67 probabilistic: final=1482562, sharpe=+0.9880, mdd=0.1371
[100/320] IWM   fold=wf_2020_2021   seed= 89 baseline:      final=913189, sharpe=-1.2293, mdd=0.1096
[100/320] IWM   fold=wf_2020_2021   seed= 89 probabilistic: final=1490525, sharpe=+0.7207, mdd=0.3195
[101/320] IWM   fold=wf_2022_2023   seed=  7 baseline:      final=995552, sharpe=-0.3138, mdd=0.0120
[101/320] IWM   fold=wf_2022_2023   seed=  7 probabilistic: final=1060290, sharpe=+0.1406, mdd=0.1859
[102/320] IWM   fold=wf_2022_2023   seed= 13 baseline:      final=993002, sharpe=-0.2080, mdd=0.0227
[102/320] IWM   fold=wf_2022_2023   seed= 13 probabilistic: final=1026822, sharpe=+0.0872, mdd=0.1498
[103/320] IWM   fold=wf_2022_2023   seed= 19 baseline:      final=980098, sharpe=-0.3092, mdd=0.0322
[103/320] IWM   fold=wf_2022_2023   seed= 19 probabilistic: final=1054287, sharpe=+0.1221, mdd=0.1968
[104/320] IWM   fold=wf_2022_2023   seed= 23 baseline:      final=993909, sharpe=-0.3257, mdd=0.0128
[104/320] IWM   fold=wf_2022_2023   seed= 23 probabilistic: final=1061753, sharpe=+0.1433, mdd=0.1841
[105/320] IWM   fold=wf_2022_2023   seed= 29 baseline:      final=996401, sharpe=-0.0734, mdd=0.0260
[105/320] IWM   fold=wf_2022_2023   seed= 29 probabilistic: final=1115613, sharpe=+0.4106, mdd=0.1665
[106/320] IWM   fold=wf_2022_2023   seed= 37 baseline:      final=997797, sharpe=-0.0835, mdd=0.0137
[106/320] IWM   fold=wf_2022_2023   seed= 37 probabilistic: final=1034459, sharpe=+0.1299, mdd=0.1764
[107/320] IWM   fold=wf_2022_2023   seed= 42 baseline:      final=989671, sharpe=-0.2805, mdd=0.0231
[107/320] IWM   fold=wf_2022_2023   seed= 42 probabilistic: final=1043705, sharpe=+0.1372, mdd=0.1643
[108/320] IWM   fold=wf_2022_2023   seed= 53 baseline:      final=963961, sharpe=-0.3900, mdd=0.0771
[108/320] IWM   fold=wf_2022_2023   seed= 53 probabilistic: final=1061680, sharpe=+0.1415, mdd=0.1889
[109/320] IWM   fold=wf_2022_2023   seed= 67 baseline:      final=993381, sharpe=-0.3584, mdd=0.0120
[109/320] IWM   fold=wf_2022_2023   seed= 67 probabilistic: final=1092752, sharpe=+0.2293, mdd=0.1798
[110/320] IWM   fold=wf_2022_2023   seed= 89 baseline:      final=992759, sharpe=-0.1709, mdd=0.0245
[110/320] IWM   fold=wf_2022_2023   seed= 89 probabilistic: final=1076916, sharpe=+0.2025, mdd=0.1783
[111/320] IWM   fold=wf_2024_2025   seed=  7 baseline:      final=1015916, sharpe=+0.4163, mdd=0.0180
[111/320] IWM   fold=wf_2024_2025   seed=  7 probabilistic: final=1166657, sharpe=+0.6790, mdd=0.1517
[112/320] IWM   fold=wf_2024_2025   seed= 13 baseline:      final=1017082, sharpe=+0.4648, mdd=0.0163
[112/320] IWM   fold=wf_2024_2025   seed= 13 probabilistic: final=1230412, sharpe=+0.6718, mdd=0.2079
[113/320] IWM   fold=wf_2024_2025   seed= 19 baseline:      final=1018766, sharpe=+0.6166, mdd=0.0118
[113/320] IWM   fold=wf_2024_2025   seed= 19 probabilistic: final=1293525, sharpe=+0.6382, mdd=0.2750
[114/320] IWM   fold=wf_2024_2025   seed= 23 baseline:      final=1012999, sharpe=+0.4647, mdd=0.0112
[114/320] IWM   fold=wf_2024_2025   seed= 23 probabilistic: final=1276582, sharpe=+0.6294, mdd=0.2698
[115/320] IWM   fold=wf_2024_2025   seed= 29 baseline:      final=1015226, sharpe=+0.4686, mdd=0.0134
[115/320] IWM   fold=wf_2024_2025   seed= 29 probabilistic: final=1043332, sharpe=+0.2593, mdd=0.1402
[116/320] IWM   fold=wf_2024_2025   seed= 37 baseline:      final=1019684, sharpe=+0.5381, mdd=0.0159
[116/320] IWM   fold=wf_2024_2025   seed= 37 probabilistic: final=1272895, sharpe=+0.6165, mdd=0.2739
[117/320] IWM   fold=wf_2024_2025   seed= 42 baseline:      final=1025732, sharpe=+0.6021, mdd=0.0170
[117/320] IWM   fold=wf_2024_2025   seed= 42 probabilistic: final=1299381, sharpe=+0.6420, mdd=0.2750
[118/320] IWM   fold=wf_2024_2025   seed= 53 baseline:      final=1020670, sharpe=+0.6319, mdd=0.0124
[118/320] IWM   fold=wf_2024_2025   seed= 53 probabilistic: final=1283593, sharpe=+0.6241, mdd=0.2749
[119/320] IWM   fold=wf_2024_2025   seed= 67 baseline:      final=1007940, sharpe=+0.3750, mdd=0.0093
[119/320] IWM   fold=wf_2024_2025   seed= 67 probabilistic: final=1264483, sharpe=+0.6033, mdd=0.2745
[120/320] IWM   fold=wf_2024_2025   seed= 89 baseline:      final=1009128, sharpe=+0.6281, mdd=0.0072
[120/320] IWM   fold=wf_2024_2025   seed= 89 probabilistic: final=1265225, sharpe=+0.6432, mdd=0.2635
[121/320] XLK   fold=wf_2018_2019   seed=  7 baseline:      final=1029295, sharpe=+0.3047, mdd=0.0475
[121/320] XLK   fold=wf_2018_2019   seed=  7 probabilistic: final=1035970, sharpe=+0.2881, mdd=0.0690
[122/320] XLK   fold=wf_2018_2019   seed= 13 baseline:      final=995525, sharpe=-0.0536, mdd=0.0475
[122/320] XLK   fold=wf_2018_2019   seed= 13 probabilistic: final=1328531, sharpe=+0.8158, mdd=0.2186
[123/320] XLK   fold=wf_2018_2019   seed= 19 baseline:      final=977230, sharpe=-0.5491, mdd=0.0387
[123/320] XLK   fold=wf_2018_2019   seed= 19 probabilistic: final=1373737, sharpe=+0.8462, mdd=0.2377
[124/320] XLK   fold=wf_2018_2019   seed= 23 baseline:      final=991486, sharpe=-0.2011, mdd=0.0361
[124/320] XLK   fold=wf_2018_2019   seed= 23 probabilistic: final=1385509, sharpe=+0.8457, mdd=0.2378
[125/320] XLK   fold=wf_2018_2019   seed= 29 baseline:      final=984976, sharpe=-0.3261, mdd=0.0421
[125/320] XLK   fold=wf_2018_2019   seed= 29 probabilistic: final=1201958, sharpe=+1.1862, mdd=0.0767
[126/320] XLK   fold=wf_2018_2019   seed= 37 baseline:      final=992412, sharpe=-0.1562, mdd=0.0407
[126/320] XLK   fold=wf_2018_2019   seed= 37 probabilistic: final=1374381, sharpe=+0.8462, mdd=0.2360
[127/320] XLK   fold=wf_2018_2019   seed= 42 baseline:      final=985813, sharpe=-0.2968, mdd=0.0421
[127/320] XLK   fold=wf_2018_2019   seed= 42 probabilistic: final=1370112, sharpe=+0.8401, mdd=0.2322
[128/320] XLK   fold=wf_2018_2019   seed= 53 baseline:      final=970750, sharpe=-0.7435, mdd=0.0373
[128/320] XLK   fold=wf_2018_2019   seed= 53 probabilistic: final=1364150, sharpe=+0.8272, mdd=0.2342
[129/320] XLK   fold=wf_2018_2019   seed= 67 baseline:      final=993757, sharpe=-0.1563, mdd=0.0346
[129/320] XLK   fold=wf_2018_2019   seed= 67 probabilistic: final=1357240, sharpe=+0.8463, mdd=0.2359
[130/320] XLK   fold=wf_2018_2019   seed= 89 baseline:      final=988614, sharpe=-0.1654, mdd=0.0472
[130/320] XLK   fold=wf_2018_2019   seed= 89 probabilistic: final=1387265, sharpe=+0.8597, mdd=0.2378
[131/320] XLK   fold=wf_2020_2021   seed=  7 baseline:      final=1026737, sharpe=+1.2420, mdd=0.0038
[131/320] XLK   fold=wf_2020_2021   seed=  7 probabilistic: final=1334271, sharpe=+1.0814, mdd=0.1486
[132/320] XLK   fold=wf_2020_2021   seed= 13 baseline:      final=1002011, sharpe=+0.0613, mdd=0.0313
[132/320] XLK   fold=wf_2020_2021   seed= 13 probabilistic: final=1643126, sharpe=+1.2075, mdd=0.1927
[133/320] XLK   fold=wf_2020_2021   seed= 19 baseline:      final=970586, sharpe=-0.4547, mdd=0.0636
[133/320] XLK   fold=wf_2020_2021   seed= 19 probabilistic: final=1915726, sharpe=+1.3231, mdd=0.2099
[134/320] XLK   fold=wf_2020_2021   seed= 23 baseline:      final=1004928, sharpe=+0.1758, mdd=0.0248
[134/320] XLK   fold=wf_2020_2021   seed= 23 probabilistic: final=1805987, sharpe=+1.2805, mdd=0.2093
[135/320] XLK   fold=wf_2020_2021   seed= 29 baseline:      final=1385081, sharpe=+1.0991, mdd=0.1614
[135/320] XLK   fold=wf_2020_2021   seed= 29 probabilistic: final=1253503, sharpe=+0.9235, mdd=0.1277
[136/320] XLK   fold=wf_2020_2021   seed= 37 baseline:      final=1014134, sharpe=+0.5471, mdd=0.0162
[136/320] XLK   fold=wf_2020_2021   seed= 37 probabilistic: final=1629158, sharpe=+1.2700, mdd=0.1735
[137/320] XLK   fold=wf_2020_2021   seed= 42 baseline:      final=1021300, sharpe=+0.0968, mdd=0.1601
[137/320] XLK   fold=wf_2020_2021   seed= 42 probabilistic: final=1895021, sharpe=+1.1982, mdd=0.2476
[138/320] XLK   fold=wf_2020_2021   seed= 53 baseline:      final=1026378, sharpe=+1.2402, mdd=0.0032
[138/320] XLK   fold=wf_2020_2021   seed= 53 probabilistic: final=1918205, sharpe=+1.2532, mdd=0.2322
[139/320] XLK   fold=wf_2020_2021   seed= 67 baseline:      final=1018951, sharpe=+0.9755, mdd=0.0059
[139/320] XLK   fold=wf_2020_2021   seed= 67 probabilistic: final=1806869, sharpe=+1.4421, mdd=0.1380
[140/320] XLK   fold=wf_2020_2021   seed= 89 baseline:      final=995123, sharpe=-0.1289, mdd=0.0398
[140/320] XLK   fold=wf_2020_2021   seed= 89 probabilistic: final=1879626, sharpe=+1.1793, mdd=0.2509
[141/320] XLK   fold=wf_2022_2023   seed=  7 baseline:      final=969086, sharpe=-0.6606, mdd=0.0400
[141/320] XLK   fold=wf_2022_2023   seed=  7 probabilistic: final=1116670, sharpe=+0.3776, mdd=0.1669
[142/320] XLK   fold=wf_2022_2023   seed= 13 baseline:      final=977369, sharpe=-0.5816, mdd=0.0339
[142/320] XLK   fold=wf_2022_2023   seed= 13 probabilistic: final=1236353, sharpe=+0.5305, mdd=0.2259
[143/320] XLK   fold=wf_2022_2023   seed= 19 baseline:      final=985445, sharpe=-0.5379, mdd=0.0185
[143/320] XLK   fold=wf_2022_2023   seed= 19 probabilistic: final=1259197, sharpe=+0.4887, mdd=0.2622
[144/320] XLK   fold=wf_2022_2023   seed= 23 baseline:      final=981042, sharpe=-0.6604, mdd=0.0243
[144/320] XLK   fold=wf_2022_2023   seed= 23 probabilistic: final=1227854, sharpe=+0.5335, mdd=0.2051
[145/320] XLK   fold=wf_2022_2023   seed= 29 baseline:      final=977322, sharpe=-0.6284, mdd=0.0296
[145/320] XLK   fold=wf_2022_2023   seed= 29 probabilistic: final=1341390, sharpe=+0.9270, mdd=0.1300
[146/320] XLK   fold=wf_2022_2023   seed= 37 baseline:      final=980152, sharpe=-0.5414, mdd=0.0297
[146/320] XLK   fold=wf_2022_2023   seed= 37 probabilistic: final=1239489, sharpe=+0.5724, mdd=0.2124
[147/320] XLK   fold=wf_2022_2023   seed= 42 baseline:      final=984988, sharpe=-0.4805, mdd=0.0194
[147/320] XLK   fold=wf_2022_2023   seed= 42 probabilistic: final=1261477, sharpe=+0.4941, mdd=0.2616
[148/320] XLK   fold=wf_2022_2023   seed= 53 baseline:      final=984715, sharpe=-0.5660, mdd=0.0188
[148/320] XLK   fold=wf_2022_2023   seed= 53 probabilistic: final=1264806, sharpe=+0.5000, mdd=0.2608
[149/320] XLK   fold=wf_2022_2023   seed= 67 baseline:      final=976251, sharpe=-0.7117, mdd=0.0290
[149/320] XLK   fold=wf_2022_2023   seed= 67 probabilistic: final=1259795, sharpe=+0.4886, mdd=0.2641
[150/320] XLK   fold=wf_2022_2023   seed= 89 baseline:      final=981496, sharpe=-0.5032, mdd=0.0286
[150/320] XLK   fold=wf_2022_2023   seed= 89 probabilistic: final=1255390, sharpe=+0.7147, mdd=0.1614
[151/320] XLK   fold=wf_2024_2025   seed=  7 baseline:      final=1013212, sharpe=+0.6464, mdd=0.0122
[151/320] XLK   fold=wf_2024_2025   seed=  7 probabilistic: final=1298237, sharpe=+0.9326, mdd=0.1550
[152/320] XLK   fold=wf_2024_2025   seed= 13 baseline:      final=1013515, sharpe=+0.9500, mdd=0.0051
[152/320] XLK   fold=wf_2024_2025   seed= 13 probabilistic: final=1438447, sharpe=+0.7936, mdd=0.2551
[153/320] XLK   fold=wf_2024_2025   seed= 19 baseline:      final=1020760, sharpe=+0.8938, mdd=0.0125
[153/320] XLK   fold=wf_2024_2025   seed= 19 probabilistic: final=1463904, sharpe=+0.8098, mdd=0.2566
[154/320] XLK   fold=wf_2024_2025   seed= 23 baseline:      final=1012746, sharpe=+0.8030, mdd=0.0087
[154/320] XLK   fold=wf_2024_2025   seed= 23 probabilistic: final=1449167, sharpe=+0.7995, mdd=0.2561
[155/320] XLK   fold=wf_2024_2025   seed= 29 baseline:      final=1012945, sharpe=+0.8234, mdd=0.0067
[155/320] XLK   fold=wf_2024_2025   seed= 29 probabilistic: final=1314188, sharpe=+0.7583, mdd=0.2204
[156/320] XLK   fold=wf_2024_2025   seed= 37 baseline:      final=1016056, sharpe=+0.7920, mdd=0.0110
[156/320] XLK   fold=wf_2024_2025   seed= 37 probabilistic: final=1445290, sharpe=+0.7980, mdd=0.2561
[157/320] XLK   fold=wf_2024_2025   seed= 42 baseline:      final=1019151, sharpe=+0.8713, mdd=0.0115
[157/320] XLK   fold=wf_2024_2025   seed= 42 probabilistic: final=1449583, sharpe=+0.8091, mdd=0.2549
[158/320] XLK   fold=wf_2024_2025   seed= 53 baseline:      final=1018107, sharpe=+0.5597, mdd=0.0141
[158/320] XLK   fold=wf_2024_2025   seed= 53 probabilistic: final=1459682, sharpe=+0.8051, mdd=0.2566
[159/320] XLK   fold=wf_2024_2025   seed= 67 baseline:      final=1010869, sharpe=+0.7975, mdd=0.0063
[159/320] XLK   fold=wf_2024_2025   seed= 67 probabilistic: final=1438639, sharpe=+0.7882, mdd=0.2564
[160/320] XLK   fold=wf_2024_2025   seed= 89 baseline:      final=1015687, sharpe=+1.0507, mdd=0.0050
[160/320] XLK   fold=wf_2024_2025   seed= 89 probabilistic: final=1430747, sharpe=+0.7913, mdd=0.2553
[161/320] XLF   fold=wf_2018_2019   seed=  7 baseline:      final=984048, sharpe=-0.2987, mdd=0.0453
[161/320] XLF   fold=wf_2018_2019   seed=  7 probabilistic: final=995271, sharpe=-0.0316, mdd=0.1326
[162/320] XLF   fold=wf_2018_2019   seed= 13 baseline:      final=978919, sharpe=-0.4860, mdd=0.0411
[162/320] XLF   fold=wf_2018_2019   seed= 13 probabilistic: final=984382, sharpe=-0.3387, mdd=0.0395
[163/320] XLF   fold=wf_2018_2019   seed= 19 baseline:      final=978574, sharpe=-0.4487, mdd=0.0432
[163/320] XLF   fold=wf_2018_2019   seed= 19 probabilistic: final=1003738, sharpe=+0.0282, mdd=0.1109
[164/320] XLF   fold=wf_2018_2019   seed= 23 baseline:      final=989906, sharpe=-0.2335, mdd=0.0372
[164/320] XLF   fold=wf_2018_2019   seed= 23 probabilistic: final=1112549, sharpe=+0.4340, mdd=0.1611
[165/320] XLF   fold=wf_2018_2019   seed= 29 baseline:      final=984711, sharpe=-0.2903, mdd=0.0462
[165/320] XLF   fold=wf_2018_2019   seed= 29 probabilistic: final=1077260, sharpe=+0.4287, mdd=0.1055
[166/320] XLF   fold=wf_2018_2019   seed= 37 baseline:      final=980047, sharpe=-0.4475, mdd=0.0407
[166/320] XLF   fold=wf_2018_2019   seed= 37 probabilistic: final=1114621, sharpe=+0.3839, mdd=0.1942
[167/320] XLF   fold=wf_2018_2019   seed= 42 baseline:      final=974520, sharpe=-0.6984, mdd=0.0353
[167/320] XLF   fold=wf_2018_2019   seed= 42 probabilistic: final=1094750, sharpe=+0.3087, mdd=0.2073
[168/320] XLF   fold=wf_2018_2019   seed= 53 baseline:      final=969306, sharpe=-0.5861, mdd=0.0440
[168/320] XLF   fold=wf_2018_2019   seed= 53 probabilistic: final=984143, sharpe=-0.3939, mdd=0.0370
[169/320] XLF   fold=wf_2018_2019   seed= 67 baseline:      final=978176, sharpe=-0.6781, mdd=0.0307
[169/320] XLF   fold=wf_2018_2019   seed= 67 probabilistic: final=1118538, sharpe=+0.3809, mdd=0.2180
[170/320] XLF   fold=wf_2018_2019   seed= 89 baseline:      final=967741, sharpe=-0.4193, mdd=0.0484
[170/320] XLF   fold=wf_2018_2019   seed= 89 probabilistic: final=1107164, sharpe=+0.3299, mdd=0.2213
[171/320] XLF   fold=wf_2020_2021   seed=  7 baseline:      final=913175, sharpe=-1.1830, mdd=0.1081
[171/320] XLF   fold=wf_2020_2021   seed=  7 probabilistic: final=1051211, sharpe=+0.5322, mdd=0.0745
[172/320] XLF   fold=wf_2020_2021   seed= 13 baseline:      final=987704, sharpe=-0.4781, mdd=0.0308
[172/320] XLF   fold=wf_2020_2021   seed= 13 probabilistic: final=1030793, sharpe=+0.2432, mdd=0.1038
[173/320] XLF   fold=wf_2020_2021   seed= 19 baseline:      final=948727, sharpe=-0.9721, mdd=0.0689
[173/320] XLF   fold=wf_2020_2021   seed= 19 probabilistic: final=1504262, sharpe=+0.7610, mdd=0.2952
[174/320] XLF   fold=wf_2020_2021   seed= 23 baseline:      final=1014372, sharpe=+1.1297, mdd=0.0015
[174/320] XLF   fold=wf_2020_2021   seed= 23 probabilistic: final=997250, sharpe=-0.0116, mdd=0.2118
[175/320] XLF   fold=wf_2020_2021   seed= 29 baseline:      final=943526, sharpe=-1.1252, mdd=0.0747
[175/320] XLF   fold=wf_2020_2021   seed= 29 probabilistic: final=1206855, sharpe=+0.7438, mdd=0.1579
[176/320] XLF   fold=wf_2020_2021   seed= 37 baseline:      final=1009471, sharpe=+0.5793, mdd=0.0078
[176/320] XLF   fold=wf_2020_2021   seed= 37 probabilistic: final=1094638, sharpe=+0.5395, mdd=0.1173
[177/320] XLF   fold=wf_2020_2021   seed= 42 baseline:      final=1016308, sharpe=+1.1043, mdd=0.0020
[177/320] XLF   fold=wf_2020_2021   seed= 42 probabilistic: final=1497636, sharpe=+0.8140, mdd=0.2756
[178/320] XLF   fold=wf_2020_2021   seed= 53 baseline:      final=1013409, sharpe=+1.0972, mdd=0.0013
[178/320] XLF   fold=wf_2020_2021   seed= 53 probabilistic: final=1233734, sharpe=+0.6682, mdd=0.2038
[179/320] XLF   fold=wf_2020_2021   seed= 67 baseline:      final=1013509, sharpe=+1.1448, mdd=0.0015
[179/320] XLF   fold=wf_2020_2021   seed= 67 probabilistic: final=1500578, sharpe=+1.0116, mdd=0.1822
[180/320] XLF   fold=wf_2020_2021   seed= 89 baseline:      final=1014708, sharpe=+1.0669, mdd=0.0019
[180/320] XLF   fold=wf_2020_2021   seed= 89 probabilistic: final=1450741, sharpe=+0.6636, mdd=0.3295
[181/320] XLF   fold=wf_2022_2023   seed=  7 baseline:      final=1005389, sharpe=+0.3761, mdd=0.0073
[181/320] XLF   fold=wf_2022_2023   seed=  7 probabilistic: final=1016638, sharpe=+0.0582, mdd=0.1691
[182/320] XLF   fold=wf_2022_2023   seed= 13 baseline:      final=993926, sharpe=-0.2306, mdd=0.0251
[182/320] XLF   fold=wf_2022_2023   seed= 13 probabilistic: final=997338, sharpe=-0.0184, mdd=0.1000
[183/320] XLF   fold=wf_2022_2023   seed= 19 baseline:      final=987556, sharpe=-0.3835, mdd=0.0302
[183/320] XLF   fold=wf_2022_2023   seed= 19 probabilistic: final=1075439, sharpe=+0.2569, mdd=0.1423
[184/320] XLF   fold=wf_2022_2023   seed= 23 baseline:      final=997781, sharpe=-0.1236, mdd=0.0147
[184/320] XLF   fold=wf_2022_2023   seed= 23 probabilistic: final=1028970, sharpe=+0.0937, mdd=0.1791
[185/320] XLF   fold=wf_2022_2023   seed= 29 baseline:      final=991446, sharpe=-0.3450, mdd=0.0236
[185/320] XLF   fold=wf_2022_2023   seed= 29 probabilistic: final=1085162, sharpe=+0.2558, mdd=0.1580
[186/320] XLF   fold=wf_2022_2023   seed= 37 baseline:      final=991052, sharpe=-0.3006, mdd=0.0295
[186/320] XLF   fold=wf_2022_2023   seed= 37 probabilistic: final=976875, sharpe=-0.6025, mdd=0.0491
[187/320] XLF   fold=wf_2022_2023   seed= 42 baseline:      final=1007129, sharpe=+0.4172, mdd=0.0077
[187/320] XLF   fold=wf_2022_2023   seed= 42 probabilistic: final=1023866, sharpe=+0.0716, mdd=0.1914
[188/320] XLF   fold=wf_2022_2023   seed= 53 baseline:      final=990205, sharpe=-0.2042, mdd=0.0459
[188/320] XLF   fold=wf_2022_2023   seed= 53 probabilistic: final=993854, sharpe=-0.2511, mdd=0.0229
[189/320] XLF   fold=wf_2022_2023   seed= 67 baseline:      final=991249, sharpe=-0.4418, mdd=0.0220
[189/320] XLF   fold=wf_2022_2023   seed= 67 probabilistic: final=1054537, sharpe=+0.1509, mdd=0.1861
[190/320] XLF   fold=wf_2022_2023   seed= 89 baseline:      final=1007903, sharpe=+0.5310, mdd=0.0057
[190/320] XLF   fold=wf_2022_2023   seed= 89 probabilistic: final=967874, sharpe=-0.2444, mdd=0.1081
[191/320] XLF   fold=wf_2024_2025   seed=  7 baseline:      final=1004951, sharpe=+0.4785, mdd=0.0043
[191/320] XLF   fold=wf_2024_2025   seed=  7 probabilistic: final=1279313, sharpe=+1.1649, mdd=0.0993
[192/320] XLF   fold=wf_2024_2025   seed= 13 baseline:      final=1029902, sharpe=+0.9155, mdd=0.0221
[192/320] XLF   fold=wf_2024_2025   seed= 13 probabilistic: final=1310831, sharpe=+1.1684, mdd=0.1109
[193/320] XLF   fold=wf_2024_2025   seed= 19 baseline:      final=1006602, sharpe=+0.7663, mdd=0.0027
[193/320] XLF   fold=wf_2024_2025   seed= 19 probabilistic: final=1439664, sharpe=+1.1384, mdd=0.1554
[194/320] XLF   fold=wf_2024_2025   seed= 23 baseline:      final=1002418, sharpe=+0.4523, mdd=0.0023
[194/320] XLF   fold=wf_2024_2025   seed= 23 probabilistic: final=1071878, sharpe=+0.7143, mdd=0.0412
[195/320] XLF   fold=wf_2024_2025   seed= 29 baseline:      final=1010389, sharpe=+0.7577, mdd=0.0046
[195/320] XLF   fold=wf_2024_2025   seed= 29 probabilistic: final=1348139, sharpe=+1.0044, mdd=0.1534
[196/320] XLF   fold=wf_2024_2025   seed= 37 baseline:      final=1004724, sharpe=+0.5166, mdd=0.0031
[196/320] XLF   fold=wf_2024_2025   seed= 37 probabilistic: final=1437868, sharpe=+1.1353, mdd=0.1554
[197/320] XLF   fold=wf_2024_2025   seed= 42 baseline:      final=1024202, sharpe=+1.2941, mdd=0.0053
[197/320] XLF   fold=wf_2024_2025   seed= 42 probabilistic: final=1447086, sharpe=+1.1511, mdd=0.1554
[198/320] XLF   fold=wf_2024_2025   seed= 53 baseline:      final=1115155, sharpe=+1.2794, mdd=0.0347
[198/320] XLF   fold=wf_2024_2025   seed= 53 probabilistic: final=1050584, sharpe=+0.6343, mdd=0.0410
[199/320] XLF   fold=wf_2024_2025   seed= 67 baseline:      final=1001860, sharpe=+0.3025, mdd=0.0023
[199/320] XLF   fold=wf_2024_2025   seed= 67 probabilistic: final=1421510, sharpe=+1.1066, mdd=0.1554
[200/320] XLF   fold=wf_2024_2025   seed= 89 baseline:      final=1014193, sharpe=+0.8786, mdd=0.0056
[200/320] XLF   fold=wf_2024_2025   seed= 89 probabilistic: final=1397998, sharpe=+1.0922, mdd=0.1549
[201/320] XLE   fold=wf_2018_2019   seed=  7 baseline:      final=953033, sharpe=-0.8511, mdd=0.0595
[201/320] XLE   fold=wf_2018_2019   seed=  7 probabilistic: final=958495, sharpe=-1.0513, mdd=0.0481
[202/320] XLE   fold=wf_2018_2019   seed= 13 baseline:      final=997569, sharpe=-0.0288, mdd=0.0607
[202/320] XLE   fold=wf_2018_2019   seed= 13 probabilistic: final=958718, sharpe=-1.0456, mdd=0.0481
[203/320] XLE   fold=wf_2018_2019   seed= 19 baseline:      final=953656, sharpe=-0.9170, mdd=0.0569
[203/320] XLE   fold=wf_2018_2019   seed= 19 probabilistic: final=903322, sharpe=-0.2736, mdd=0.3001
[204/320] XLE   fold=wf_2018_2019   seed= 23 baseline:      final=961469, sharpe=-0.8798, mdd=0.0486
[204/320] XLE   fold=wf_2018_2019   seed= 23 probabilistic: final=912945, sharpe=-0.2430, mdd=0.2984
[205/320] XLE   fold=wf_2018_2019   seed= 29 baseline:      final=953548, sharpe=-0.9827, mdd=0.0564
[205/320] XLE   fold=wf_2018_2019   seed= 29 probabilistic: final=934481, sharpe=-0.9719, mdd=0.0854
[206/320] XLE   fold=wf_2018_2019   seed= 37 baseline:      final=959272, sharpe=-0.9650, mdd=0.0520
[206/320] XLE   fold=wf_2018_2019   seed= 37 probabilistic: final=902154, sharpe=-0.2784, mdd=0.2983
[207/320] XLE   fold=wf_2018_2019   seed= 42 baseline:      final=944015, sharpe=-0.3636, mdd=0.1395
[207/320] XLE   fold=wf_2018_2019   seed= 42 probabilistic: final=913817, sharpe=-0.2362, mdd=0.3011
[208/320] XLE   fold=wf_2018_2019   seed= 53 baseline:      final=964241, sharpe=-1.0431, mdd=0.0402
[208/320] XLE   fold=wf_2018_2019   seed= 53 probabilistic: final=958906, sharpe=-1.0407, mdd=0.0481
[209/320] XLE   fold=wf_2018_2019   seed= 67 baseline:      final=965755, sharpe=-0.8437, mdd=0.0459
[209/320] XLE   fold=wf_2018_2019   seed= 67 probabilistic: final=919879, sharpe=-0.2190, mdd=0.3013
[210/320] XLE   fold=wf_2018_2019   seed= 89 baseline:      final=959440, sharpe=-0.9061, mdd=0.0517
[210/320] XLE   fold=wf_2018_2019   seed= 89 probabilistic: final=900726, sharpe=-0.2978, mdd=0.2820
[211/320] XLE   fold=wf_2020_2021   seed=  7 baseline:      final=1003014, sharpe=+0.1524, mdd=0.0059
[211/320] XLE   fold=wf_2020_2021   seed=  7 probabilistic: final=1088045, sharpe=+0.6316, mdd=0.0998
[212/320] XLE   fold=wf_2020_2021   seed= 13 baseline:      final=992907, sharpe=-0.2282, mdd=0.0187
[212/320] XLE   fold=wf_2020_2021   seed= 13 probabilistic: final=1006670, sharpe=+0.2772, mdd=0.0077
[213/320] XLE   fold=wf_2020_2021   seed= 19 baseline:      final=1003121, sharpe=+0.1158, mdd=0.0085
[213/320] XLE   fold=wf_2020_2021   seed= 19 probabilistic: final=1442853, sharpe=+0.5427, mdd=0.3714
[214/320] XLE   fold=wf_2020_2021   seed= 23 baseline:      final=857413, sharpe=-0.9533, mdd=0.2148
[214/320] XLE   fold=wf_2020_2021   seed= 23 probabilistic: final=1017184, sharpe=+0.6614, mdd=0.0079
[215/320] XLE   fold=wf_2020_2021   seed= 29 baseline:      final=996609, sharpe=-0.1104, mdd=0.0160
[215/320] XLE   fold=wf_2020_2021   seed= 29 probabilistic: final=1286967, sharpe=+0.5652, mdd=0.2321
[216/320] XLE   fold=wf_2020_2021   seed= 37 baseline:      final=983005, sharpe=-0.5222, mdd=0.0284
[216/320] XLE   fold=wf_2020_2021   seed= 37 probabilistic: final=1011231, sharpe=+0.3315, mdd=0.0134
[217/320] XLE   fold=wf_2020_2021   seed= 42 baseline:      final=983292, sharpe=-0.5002, mdd=0.0290
[217/320] XLE   fold=wf_2020_2021   seed= 42 probabilistic: final=1344162, sharpe=+0.4133, mdd=0.3772
[218/320] XLE   fold=wf_2020_2021   seed= 53 baseline:      final=1001371, sharpe=+0.0499, mdd=0.0109
[218/320] XLE   fold=wf_2020_2021   seed= 53 probabilistic: final=1006887, sharpe=+0.2850, mdd=0.0077
[219/320] XLE   fold=wf_2020_2021   seed= 67 baseline:      final=1003229, sharpe=+0.1644, mdd=0.0059
[219/320] XLE   fold=wf_2020_2021   seed= 67 probabilistic: final=1384393, sharpe=+0.5192, mdd=0.3547
[220/320] XLE   fold=wf_2020_2021   seed= 89 baseline:      final=819838, sharpe=-1.4501, mdd=0.1945
[220/320] XLE   fold=wf_2020_2021   seed= 89 probabilistic: final=1303389, sharpe=+0.3407, mdd=0.4164
[221/320] XLE   fold=wf_2022_2023   seed=  7 baseline:      final=1003093, sharpe=+0.1946, mdd=0.0066
[221/320] XLE   fold=wf_2022_2023   seed=  7 probabilistic: final=997781, sharpe=-0.0160, mdd=0.1145
[222/320] XLE   fold=wf_2022_2023   seed= 13 baseline:      final=1057518, sharpe=+0.7710, mdd=0.0319
[222/320] XLE   fold=wf_2022_2023   seed= 13 probabilistic: final=1003867, sharpe=+0.2451, mdd=0.0063
[223/320] XLE   fold=wf_2022_2023   seed= 19 baseline:      final=1079322, sharpe=+0.5569, mdd=0.0883
[223/320] XLE   fold=wf_2022_2023   seed= 19 probabilistic: final=1271118, sharpe=+0.4405, mdd=0.2561
[224/320] XLE   fold=wf_2022_2023   seed= 23 baseline:      final=1004534, sharpe=+0.3076, mdd=0.0057
[224/320] XLE   fold=wf_2022_2023   seed= 23 probabilistic: final=1157253, sharpe=+0.4889, mdd=0.1488
[225/320] XLE   fold=wf_2022_2023   seed= 29 baseline:      final=999954, sharpe=-0.0015, mdd=0.0156
[225/320] XLE   fold=wf_2022_2023   seed= 29 probabilistic: final=1022918, sharpe=+0.0860, mdd=0.1532
[226/320] XLE   fold=wf_2022_2023   seed= 37 baseline:      final=1008887, sharpe=+0.3054, mdd=0.0133
[226/320] XLE   fold=wf_2022_2023   seed= 37 probabilistic: final=1004119, sharpe=+0.2475, mdd=0.0066
[227/320] XLE   fold=wf_2022_2023   seed= 42 baseline:      final=1042558, sharpe=+0.7079, mdd=0.0264
[227/320] XLE   fold=wf_2022_2023   seed= 42 probabilistic: final=1291145, sharpe=+0.4607, mdd=0.2584
[228/320] XLE   fold=wf_2022_2023   seed= 53 baseline:      final=1024991, sharpe=+0.6779, mdd=0.0141
[228/320] XLE   fold=wf_2022_2023   seed= 53 probabilistic: final=985070, sharpe=-0.6117, mdd=0.0239
[229/320] XLE   fold=wf_2022_2023   seed= 67 baseline:      final=1012039, sharpe=+0.5094, mdd=0.0121
[229/320] XLE   fold=wf_2022_2023   seed= 67 probabilistic: final=1250256, sharpe=+0.4137, mdd=0.2554
[230/320] XLE   fold=wf_2022_2023   seed= 89 baseline:      final=1043815, sharpe=+0.7448, mdd=0.0234
[230/320] XLE   fold=wf_2022_2023   seed= 89 probabilistic: final=1123553, sharpe=+0.3878, mdd=0.1448
[231/320] XLE   fold=wf_2024_2025   seed=  7 baseline:      final=1006934, sharpe=+0.3852, mdd=0.0067
[231/320] XLE   fold=wf_2024_2025   seed=  7 probabilistic: final=999519, sharpe=-0.0867, mdd=0.0039
[232/320] XLE   fold=wf_2024_2025   seed= 13 baseline:      final=1008149, sharpe=+0.4630, mdd=0.0063
[232/320] XLE   fold=wf_2024_2025   seed= 13 probabilistic: final=1001268, sharpe=+0.2519, mdd=0.0024
[233/320] XLE   fold=wf_2024_2025   seed= 19 baseline:      final=1011351, sharpe=+0.6107, mdd=0.0052
[233/320] XLE   fold=wf_2024_2025   seed= 19 probabilistic: final=1086453, sharpe=+0.2329, mdd=0.1803
[234/320] XLE   fold=wf_2024_2025   seed= 23 baseline:      final=1001009, sharpe=+0.2284, mdd=0.0020
[234/320] XLE   fold=wf_2024_2025   seed= 23 probabilistic: final=1006388, sharpe=+0.0328, mdd=0.1415
[235/320] XLE   fold=wf_2024_2025   seed= 29 baseline:      final=1021193, sharpe=+0.8485, mdd=0.0070
[235/320] XLE   fold=wf_2024_2025   seed= 29 probabilistic: final=1032514, sharpe=+0.1205, mdd=0.1653
[236/320] XLE   fold=wf_2024_2025   seed= 37 baseline:      final=1005111, sharpe=+0.3891, mdd=0.0053
[236/320] XLE   fold=wf_2024_2025   seed= 37 probabilistic: final=1099733, sharpe=+0.2348, mdd=0.2012
[237/320] XLE   fold=wf_2024_2025   seed= 42 baseline:      final=1004564, sharpe=+0.3489, mdd=0.0055
[237/320] XLE   fold=wf_2024_2025   seed= 42 probabilistic: final=1119886, sharpe=+0.2766, mdd=0.2014
[238/320] XLE   fold=wf_2024_2025   seed= 53 baseline:      final=1041281, sharpe=+1.5550, mdd=0.0069
[238/320] XLE   fold=wf_2024_2025   seed= 53 probabilistic: final=1029457, sharpe=+0.1244, mdd=0.1478
[239/320] XLE   fold=wf_2024_2025   seed= 67 baseline:      final=1002263, sharpe=+0.2519, mdd=0.0038
[239/320] XLE   fold=wf_2024_2025   seed= 67 probabilistic: final=1051874, sharpe=+0.1451, mdd=0.1840
[240/320] XLE   fold=wf_2024_2025   seed= 89 baseline:      final=1011223, sharpe=+0.5358, mdd=0.0065
[240/320] XLE   fold=wf_2024_2025   seed= 89 probabilistic: final=1072886, sharpe=+0.2629, mdd=0.1527
[241/320] XLV   fold=wf_2018_2019   seed=  7 baseline:      final=981181, sharpe=-0.4941, mdd=0.0363
[241/320] XLV   fold=wf_2018_2019   seed=  7 probabilistic: final=1162275, sharpe=+0.6696, mdd=0.1289
[242/320] XLV   fold=wf_2018_2019   seed= 13 baseline:      final=979926, sharpe=-0.5308, mdd=0.0366
[242/320] XLV   fold=wf_2018_2019   seed= 13 probabilistic: final=1095417, sharpe=+0.5262, mdd=0.0958
[243/320] XLV   fold=wf_2018_2019   seed= 19 baseline:      final=974898, sharpe=-0.7304, mdd=0.0340
[243/320] XLV   fold=wf_2018_2019   seed= 19 probabilistic: final=999770, sharpe=-0.0025, mdd=0.0543
[244/320] XLV   fold=wf_2018_2019   seed= 23 baseline:      final=979746, sharpe=-0.4912, mdd=0.0340
[244/320] XLV   fold=wf_2018_2019   seed= 23 probabilistic: final=1218480, sharpe=+0.7626, mdd=0.1512
[245/320] XLV   fold=wf_2018_2019   seed= 29 baseline:      final=979229, sharpe=-0.5028, mdd=0.0387
[245/320] XLV   fold=wf_2018_2019   seed= 29 probabilistic: final=1096743, sharpe=+0.5753, mdd=0.0747
[246/320] XLV   fold=wf_2018_2019   seed= 37 baseline:      final=979389, sharpe=-0.5738, mdd=0.0349
[246/320] XLV   fold=wf_2018_2019   seed= 37 probabilistic: final=1192048, sharpe=+0.7330, mdd=0.1311
[247/320] XLV   fold=wf_2018_2019   seed= 42 baseline:      final=1045802, sharpe=+0.3790, mdd=0.0670
[247/320] XLV   fold=wf_2018_2019   seed= 42 probabilistic: final=1191911, sharpe=+0.7129, mdd=0.1344
[248/320] XLV   fold=wf_2018_2019   seed= 53 baseline:      final=971887, sharpe=-0.8508, mdd=0.0331
[248/320] XLV   fold=wf_2018_2019   seed= 53 probabilistic: final=1229115, sharpe=+0.7373, mdd=0.1544
[249/320] XLV   fold=wf_2018_2019   seed= 67 baseline:      final=980421, sharpe=-0.7452, mdd=0.0264
[249/320] XLV   fold=wf_2018_2019   seed= 67 probabilistic: final=1241993, sharpe=+0.8067, mdd=0.1544
[250/320] XLV   fold=wf_2018_2019   seed= 89 baseline:      final=984200, sharpe=-0.3803, mdd=0.0368
[250/320] XLV   fold=wf_2018_2019   seed= 89 probabilistic: final=1158318, sharpe=+0.6822, mdd=0.1206
[251/320] XLV   fold=wf_2020_2021   seed=  7 baseline:      final=1001618, sharpe=+0.0580, mdd=0.0261
[251/320] XLV   fold=wf_2020_2021   seed=  7 probabilistic: final=1264702, sharpe=+0.9555, mdd=0.1548
[252/320] XLV   fold=wf_2020_2021   seed= 13 baseline:      final=1008011, sharpe=+0.0474, mdd=0.1417
[252/320] XLV   fold=wf_2020_2021   seed= 13 probabilistic: final=1284159, sharpe=+0.8399, mdd=0.1944
[253/320] XLV   fold=wf_2020_2021   seed= 19 baseline:      final=1008656, sharpe=+0.0551, mdd=0.1333
[253/320] XLV   fold=wf_2020_2021   seed= 19 probabilistic: final=1480141, sharpe=+1.0727, mdd=0.2008
[254/320] XLV   fold=wf_2020_2021   seed= 23 baseline:      final=1018142, sharpe=+1.2177, mdd=0.0018
[254/320] XLV   fold=wf_2020_2021   seed= 23 probabilistic: final=1455050, sharpe=+1.1203, mdd=0.1808
[255/320] XLV   fold=wf_2020_2021   seed= 29 baseline:      final=1013466, sharpe=+0.6488, mdd=0.0103
[255/320] XLV   fold=wf_2020_2021   seed= 29 probabilistic: final=1458538, sharpe=+1.0863, mdd=0.1901
[256/320] XLV   fold=wf_2020_2021   seed= 37 baseline:      final=1017801, sharpe=+0.9281, mdd=0.0050
[256/320] XLV   fold=wf_2020_2021   seed= 37 probabilistic: final=1272069, sharpe=+1.1336, mdd=0.1118
[257/320] XLV   fold=wf_2020_2021   seed= 42 baseline:      final=1020646, sharpe=+1.1421, mdd=0.0030
[257/320] XLV   fold=wf_2020_2021   seed= 42 probabilistic: final=1439086, sharpe=+1.1448, mdd=0.1669
[258/320] XLV   fold=wf_2020_2021   seed= 53 baseline:      final=1020939, sharpe=+1.1719, mdd=0.0027
[258/320] XLV   fold=wf_2020_2021   seed= 53 probabilistic: final=1440044, sharpe=+1.2285, mdd=0.1442
[259/320] XLV   fold=wf_2020_2021   seed= 67 baseline:      final=1016882, sharpe=+1.1202, mdd=0.0023
[259/320] XLV   fold=wf_2020_2021   seed= 67 probabilistic: final=1465096, sharpe=+1.2036, mdd=0.1541
[260/320] XLV   fold=wf_2020_2021   seed= 89 baseline:      final=1019523, sharpe=+1.1330, mdd=0.0031
[260/320] XLV   fold=wf_2020_2021   seed= 89 probabilistic: final=1357192, sharpe=+1.0779, mdd=0.1583
[261/320] XLV   fold=wf_2022_2023   seed=  7 baseline:      final=1001251, sharpe=+0.1154, mdd=0.0052
[261/320] XLV   fold=wf_2022_2023   seed=  7 probabilistic: final=1058795, sharpe=+0.2210, mdd=0.1238
[262/320] XLV   fold=wf_2022_2023   seed= 13 baseline:      final=993407, sharpe=-0.2823, mdd=0.0220
[262/320] XLV   fold=wf_2022_2023   seed= 13 probabilistic: final=1049040, sharpe=+0.2495, mdd=0.0970
[263/320] XLV   fold=wf_2022_2023   seed= 19 baseline:      final=998368, sharpe=-0.1185, mdd=0.0092
[263/320] XLV   fold=wf_2022_2023   seed= 19 probabilistic: final=1063757, sharpe=+0.2147, mdd=0.1554
[264/320] XLV   fold=wf_2022_2023   seed= 23 baseline:      final=994997, sharpe=-0.3466, mdd=0.0132
[264/320] XLV   fold=wf_2022_2023   seed= 23 probabilistic: final=1061127, sharpe=+0.2219, mdd=0.1357
[265/320] XLV   fold=wf_2022_2023   seed= 29 baseline:      final=990299, sharpe=-0.4276, mdd=0.0227
[265/320] XLV   fold=wf_2022_2023   seed= 29 probabilistic: final=1062060, sharpe=+0.2753, mdd=0.1137
[266/320] XLV   fold=wf_2022_2023   seed= 37 baseline:      final=996406, sharpe=-0.2089, mdd=0.0144
[266/320] XLV   fold=wf_2022_2023   seed= 37 probabilistic: final=1020330, sharpe=+0.1026, mdd=0.1087
[267/320] XLV   fold=wf_2022_2023   seed= 42 baseline:      final=992349, sharpe=-0.3564, mdd=0.0210
[267/320] XLV   fold=wf_2022_2023   seed= 42 probabilistic: final=990192, sharpe=-0.1429, mdd=0.0539
[268/320] XLV   fold=wf_2022_2023   seed= 53 baseline:      final=1006861, sharpe=+0.1329, mdd=0.0342
[268/320] XLV   fold=wf_2022_2023   seed= 53 probabilistic: final=1062139, sharpe=+0.2243, mdd=0.1348
[269/320] XLV   fold=wf_2022_2023   seed= 67 baseline:      final=995813, sharpe=-0.2808, mdd=0.0133
[269/320] XLV   fold=wf_2022_2023   seed= 67 probabilistic: final=1058586, sharpe=+0.2059, mdd=0.1433
[270/320] XLV   fold=wf_2022_2023   seed= 89 baseline:      final=994369, sharpe=-0.1903, mdd=0.0229
[270/320] XLV   fold=wf_2022_2023   seed= 89 probabilistic: final=1057030, sharpe=+0.2824, mdd=0.0909
[271/320] XLV   fold=wf_2024_2025   seed=  7 baseline:      final=1017131, sharpe=+1.1071, mdd=0.0049
[271/320] XLV   fold=wf_2024_2025   seed=  7 probabilistic: final=1070811, sharpe=+0.4252, mdd=0.1123
[272/320] XLV   fold=wf_2024_2025   seed= 13 baseline:      final=1017083, sharpe=+1.1090, mdd=0.0045
[272/320] XLV   fold=wf_2024_2025   seed= 13 probabilistic: final=1103932, sharpe=+0.4318, mdd=0.1465
[273/320] XLV   fold=wf_2024_2025   seed= 19 baseline:      final=1015161, sharpe=+1.1606, mdd=0.0030
[273/320] XLV   fold=wf_2024_2025   seed= 19 probabilistic: final=1119505, sharpe=+0.4351, mdd=0.1631
[274/320] XLV   fold=wf_2024_2025   seed= 23 baseline:      final=1015663, sharpe=+1.1440, mdd=0.0036
[274/320] XLV   fold=wf_2024_2025   seed= 23 probabilistic: final=1089542, sharpe=+0.5292, mdd=0.1026
[275/320] XLV   fold=wf_2024_2025   seed= 29 baseline:      final=1008823, sharpe=+0.3442, mdd=0.0173
[275/320] XLV   fold=wf_2024_2025   seed= 29 probabilistic: final=1033246, sharpe=+0.2281, mdd=0.1003
[276/320] XLV   fold=wf_2024_2025   seed= 37 baseline:      final=1010856, sharpe=+0.9725, mdd=0.0017
[276/320] XLV   fold=wf_2024_2025   seed= 37 probabilistic: final=1097100, sharpe=+0.4443, mdd=0.1296
[277/320] XLV   fold=wf_2024_2025   seed= 42 baseline:      final=1015980, sharpe=+1.0741, mdd=0.0040
[277/320] XLV   fold=wf_2024_2025   seed= 42 probabilistic: final=1130808, sharpe=+0.4442, mdd=0.1711
[278/320] XLV   fold=wf_2024_2025   seed= 53 baseline:      final=1012384, sharpe=+1.1168, mdd=0.0026
[278/320] XLV   fold=wf_2024_2025   seed= 53 probabilistic: final=1124747, sharpe=+0.4285, mdd=0.1710
[279/320] XLV   fold=wf_2024_2025   seed= 67 baseline:      final=1009470, sharpe=+0.9391, mdd=0.0023
[279/320] XLV   fold=wf_2024_2025   seed= 67 probabilistic: final=1117604, sharpe=+0.4137, mdd=0.1701
[280/320] XLV   fold=wf_2024_2025   seed= 89 baseline:      final=1019048, sharpe=+1.0027, mdd=0.0075
[280/320] XLV   fold=wf_2024_2025   seed= 89 probabilistic: final=1106900, sharpe=+0.4182, mdd=0.1523
[281/320] XLU   fold=wf_2018_2019   seed=  7 baseline:      final=985896, sharpe=-0.5187, mdd=0.0307
[281/320] XLU   fold=wf_2018_2019   seed=  7 probabilistic: final=1151893, sharpe=+1.0650, mdd=0.0484
[282/320] XLU   fold=wf_2018_2019   seed= 13 baseline:      final=983777, sharpe=-0.6027, mdd=0.0311
[282/320] XLU   fold=wf_2018_2019   seed= 13 probabilistic: final=1321694, sharpe=+1.2415, mdd=0.0841
[283/320] XLU   fold=wf_2018_2019   seed= 19 baseline:      final=977092, sharpe=-1.2451, mdd=0.0281
[283/320] XLU   fold=wf_2018_2019   seed= 19 probabilistic: final=1218528, sharpe=+1.1235, mdd=0.0692
[284/320] XLU   fold=wf_2018_2019   seed= 23 baseline:      final=984034, sharpe=-0.6451, mdd=0.0273
[284/320] XLU   fold=wf_2018_2019   seed= 23 probabilistic: final=1205883, sharpe=+1.1268, mdd=0.0612
[285/320] XLU   fold=wf_2018_2019   seed= 29 baseline:      final=982989, sharpe=-0.6157, mdd=0.0312
[285/320] XLU   fold=wf_2018_2019   seed= 29 probabilistic: final=1344834, sharpe=+1.2518, mdd=0.0866
[286/320] XLU   fold=wf_2018_2019   seed= 37 baseline:      final=978392, sharpe=-1.0735, mdd=0.0298
[286/320] XLU   fold=wf_2018_2019   seed= 37 probabilistic: final=1284310, sharpe=+1.2299, mdd=0.0728
[287/320] XLU   fold=wf_2018_2019   seed= 42 baseline:      final=981312, sharpe=-0.6925, mdd=0.0316
[287/320] XLU   fold=wf_2018_2019   seed= 42 probabilistic: final=1269529, sharpe=+1.2248, mdd=0.0659
[288/320] XLU   fold=wf_2018_2019   seed= 53 baseline:      final=978642, sharpe=-1.1299, mdd=0.0281
[288/320] XLU   fold=wf_2018_2019   seed= 53 probabilistic: final=983159, sharpe=-0.7713, mdd=0.0275
[289/320] XLU   fold=wf_2018_2019   seed= 67 baseline:      final=1014001, sharpe=+0.2737, mdd=0.0306
[289/320] XLU   fold=wf_2018_2019   seed= 67 probabilistic: final=1153349, sharpe=+1.0588, mdd=0.0497
[290/320] XLU   fold=wf_2018_2019   seed= 89 baseline:      final=985832, sharpe=-0.3589, mdd=0.0330
[290/320] XLU   fold=wf_2018_2019   seed= 89 probabilistic: final=1295938, sharpe=+1.2223, mdd=0.0791
[291/320] XLU   fold=wf_2020_2021   seed=  7 baseline:      final=1003233, sharpe=+0.4326, mdd=0.0040
[291/320] XLU   fold=wf_2020_2021   seed=  7 probabilistic: final=1054463, sharpe=+0.3362, mdd=0.0951
[292/320] XLU   fold=wf_2020_2021   seed= 13 baseline:      final=990641, sharpe=-0.5704, mdd=0.0186
[292/320] XLU   fold=wf_2020_2021   seed= 13 probabilistic: final=999948, sharpe=-0.0076, mdd=0.0042
[293/320] XLU   fold=wf_2020_2021   seed= 19 baseline:      final=981623, sharpe=-0.4658, mdd=0.0390
[293/320] XLU   fold=wf_2020_2021   seed= 19 probabilistic: final=1149234, sharpe=+0.3056, mdd=0.2660
[294/320] XLU   fold=wf_2020_2021   seed= 23 baseline:      final=983115, sharpe=-0.6075, mdd=0.0337
[294/320] XLU   fold=wf_2020_2021   seed= 23 probabilistic: final=1046637, sharpe=+0.1346, mdd=0.2304
[295/320] XLU   fold=wf_2020_2021   seed= 29 baseline:      final=980253, sharpe=-0.8302, mdd=0.0319
[295/320] XLU   fold=wf_2020_2021   seed= 29 probabilistic: final=1065782, sharpe=+0.2411, mdd=0.1822
[296/320] XLU   fold=wf_2020_2021   seed= 37 baseline:      final=917771, sharpe=-0.6851, mdd=0.1238
[296/320] XLU   fold=wf_2020_2021   seed= 37 probabilistic: final=1019591, sharpe=+0.0885, mdd=0.1473
[297/320] XLU   fold=wf_2020_2021   seed= 42 baseline:      final=998972, sharpe=-0.0957, mdd=0.0071
[297/320] XLU   fold=wf_2020_2021   seed= 42 probabilistic: final=1116015, sharpe=+0.2840, mdd=0.2393
[298/320] XLU   fold=wf_2020_2021   seed= 53 baseline:      final=1000030, sharpe=+0.0040, mdd=0.0045
[298/320] XLU   fold=wf_2020_2021   seed= 53 probabilistic: final=1158054, sharpe=+0.3661, mdd=0.2233
[299/320] XLU   fold=wf_2020_2021   seed= 67 baseline:      final=1001459, sharpe=+0.2120, mdd=0.0040
[299/320] XLU   fold=wf_2020_2021   seed= 67 probabilistic: final=1167444, sharpe=+0.3675, mdd=0.2327
[300/320] XLU   fold=wf_2020_2021   seed= 89 baseline:      final=1000964, sharpe=+0.1410, mdd=0.0040
[300/320] XLU   fold=wf_2020_2021   seed= 89 probabilistic: final=1090985, sharpe=+0.2456, mdd=0.2290
[301/320] XLU   fold=wf_2022_2023   seed=  7 baseline:      final=1000516, sharpe=+0.0494, mdd=0.0060
[301/320] XLU   fold=wf_2022_2023   seed=  7 probabilistic: final=973042, sharpe=-0.1550, mdd=0.1416
[302/320] XLU   fold=wf_2022_2023   seed= 13 baseline:      final=997992, sharpe=-0.0735, mdd=0.0262
[302/320] XLU   fold=wf_2022_2023   seed= 13 probabilistic: final=989372, sharpe=-0.6076, mdd=0.0176
[303/320] XLU   fold=wf_2022_2023   seed= 19 baseline:      final=993043, sharpe=-0.3928, mdd=0.0187
[303/320] XLU   fold=wf_2022_2023   seed= 19 probabilistic: final=973700, sharpe=-0.0746, mdd=0.2502
[304/320] XLU   fold=wf_2022_2023   seed= 23 baseline:      final=996158, sharpe=-0.1962, mdd=0.0200
[304/320] XLU   fold=wf_2022_2023   seed= 23 probabilistic: final=979828, sharpe=-0.0620, mdd=0.2323
[305/320] XLU   fold=wf_2022_2023   seed= 29 baseline:      final=988450, sharpe=-0.6316, mdd=0.0192
[305/320] XLU   fold=wf_2022_2023   seed= 29 probabilistic: final=1002377, sharpe=+0.0095, mdd=0.1792
[306/320] XLU   fold=wf_2022_2023   seed= 37 baseline:      final=995705, sharpe=-0.2979, mdd=0.0116
[306/320] XLU   fold=wf_2022_2023   seed= 37 probabilistic: final=989134, sharpe=-0.6211, mdd=0.0179
[307/320] XLU   fold=wf_2022_2023   seed= 42 baseline:      final=991607, sharpe=-0.4993, mdd=0.0158
[307/320] XLU   fold=wf_2022_2023   seed= 42 probabilistic: final=976615, sharpe=-0.0692, mdd=0.2408
[308/320] XLU   fold=wf_2022_2023   seed= 53 baseline:      final=1021415, sharpe=+0.5713, mdd=0.0247
[308/320] XLU   fold=wf_2022_2023   seed= 53 probabilistic: final=967004, sharpe=-0.1344, mdd=0.1811
[309/320] XLU   fold=wf_2022_2023   seed= 67 baseline:      final=993506, sharpe=-0.4711, mdd=0.0134
[309/320] XLU   fold=wf_2022_2023   seed= 67 probabilistic: final=979129, sharpe=-0.0910, mdd=0.1683
[310/320] XLU   fold=wf_2022_2023   seed= 89 baseline:      final=1011636, sharpe=+0.3168, mdd=0.0290
[310/320] XLU   fold=wf_2022_2023   seed= 89 probabilistic: final=978037, sharpe=-0.0615, mdd=0.2504
[311/320] XLU   fold=wf_2024_2025   seed=  7 baseline:      final=1015935, sharpe=+0.4265, mdd=0.0214
[311/320] XLU   fold=wf_2024_2025   seed=  7 probabilistic: final=1200188, sharpe=+1.2351, mdd=0.0563
[312/320] XLU   fold=wf_2024_2025   seed= 13 baseline:      final=1003226, sharpe=+0.1034, mdd=0.0205
[312/320] XLU   fold=wf_2024_2025   seed= 13 probabilistic: final=995050, sharpe=-0.2237, mdd=0.0173
[313/320] XLU   fold=wf_2024_2025   seed= 19 baseline:      final=996040, sharpe=-0.1692, mdd=0.0185
[313/320] XLU   fold=wf_2024_2025   seed= 19 probabilistic: final=1394097, sharpe=+1.2901, mdd=0.0949
[314/320] XLU   fold=wf_2024_2025   seed= 23 baseline:      final=1006457, sharpe=+0.2137, mdd=0.0186
[314/320] XLU   fold=wf_2024_2025   seed= 23 probabilistic: final=1369503, sharpe=+1.2565, mdd=0.0924
[315/320] XLU   fold=wf_2024_2025   seed= 29 baseline:      final=998379, sharpe=-0.0639, mdd=0.0191
[315/320] XLU   fold=wf_2024_2025   seed= 29 probabilistic: final=1274245, sharpe=+1.0402, mdd=0.0919
[316/320] XLU   fold=wf_2024_2025   seed= 37 baseline:      final=992279, sharpe=-0.3504, mdd=0.0181
[316/320] XLU   fold=wf_2024_2025   seed= 37 probabilistic: final=995050, sharpe=-0.2237, mdd=0.0173
[317/320] XLU   fold=wf_2024_2025   seed= 42 baseline:      final=1015809, sharpe=+0.4520, mdd=0.0206
[317/320] XLU   fold=wf_2024_2025   seed= 42 probabilistic: final=1456565, sharpe=+1.2932, mdd=0.1050
[318/320] XLU   fold=wf_2024_2025   seed= 53 baseline:      final=991875, sharpe=-0.3759, mdd=0.0183
[318/320] XLU   fold=wf_2024_2025   seed= 53 probabilistic: final=995050, sharpe=-0.2237, mdd=0.0173
[319/320] XLU   fold=wf_2024_2025   seed= 67 baseline:      final=1017309, sharpe=+0.5033, mdd=0.0186
[319/320] XLU   fold=wf_2024_2025   seed= 67 probabilistic: final=994154, sharpe=-0.2638, mdd=0.0173
[320/320] XLU   fold=wf_2024_2025   seed= 89 baseline:      final=1002435, sharpe=+0.0846, mdd=0.0186
[320/320] XLU   fold=wf_2024_2025   seed= 89 probabilistic: final=1406746, sharpe=+1.2116, mdd=0.1049

Wrote walk-forward results:
- /scratch/PDRL/dissertation-project/experiments/results/walk_forward_20260530T073000Z_phase2_wf.json
- /scratch/PDRL/dissertation-project/experiments/results/walk_forward_20260530T073000Z_phase2_wf.csv
- per-cell curves in /scratch/PDRL/dissertation-project/experiments/results/wf_curves/

============================================================
Finished: 2026-05-30T12:34:18
Exit code: 0
