
=== phase2_arm_a_baseline ===
Started: 2026-05-29T18:57:54
Command: /scratch/PDRL/dissertation-project/venv/bin/python experiments/runners/run_baseline.py --tickers market_sample --seeds extended --timesteps 50000 --tag phase2 --device cpu
Log:     /scratch/PDRL/dissertation-project/experiments/results/logs/phase2_arm_a_baseline_20260529_185754.log
============================================================
AAPL  seed=  7 ts=50000: final=998185.27, sharpe=-0.1104, max_dd=0.0085, preservation=0.9951 -> baseline__AAPL__seed7__phase2.json
AAPL  seed= 13 ts=50000: final=997278.96, sharpe=-0.1604, max_dd=0.0085, preservation=0.9942 -> baseline__AAPL__seed13__phase2.json
AAPL  seed= 19 ts=50000: final=998185.27, sharpe=-0.1104, max_dd=0.0085, preservation=0.9951 -> baseline__AAPL__seed19__phase2.json
AAPL  seed= 23 ts=50000: final=996284.07, sharpe=-0.2123, max_dd=0.0085, preservation=0.9932 -> baseline__AAPL__seed23__phase2.json
AAPL  seed= 29 ts=50000: final=997691.00, sharpe=-0.1402, max_dd=0.0085, preservation=0.9946 -> baseline__AAPL__seed29__phase2.json
AAPL  seed= 37 ts=50000: final=994552.58, sharpe=-0.2121, max_dd=0.0101, preservation=0.9911 -> baseline__AAPL__seed37__phase2.json
AAPL  seed= 42 ts=50000: final=998185.27, sharpe=-0.1104, max_dd=0.0085, preservation=0.9951 -> baseline__AAPL__seed42__phase2.json
AAPL  seed= 53 ts=50000: final=994148.15, sharpe=-0.2751, max_dd=0.0095, preservation=0.9911 -> baseline__AAPL__seed53__phase2.json
AAPL  seed= 67 ts=50000: final=998185.27, sharpe=-0.1104, max_dd=0.0085, preservation=0.9951 -> baseline__AAPL__seed67__phase2.json
AAPL  seed= 89 ts=50000: final=976598.01, sharpe=-0.4572, max_dd=0.0325, preservation=0.9717 -> baseline__AAPL__seed89__phase2.json
AMAT  seed=  7 ts=50000: final=1000334.75, sharpe=0.0111, max_dd=0.0144, preservation=0.9935 -> baseline__AMAT__seed7__phase2.json
AMAT  seed= 13 ts=50000: final=998374.64, sharpe=-0.0485, max_dd=0.0144, preservation=0.9915 -> baseline__AMAT__seed13__phase2.json
AMAT  seed= 19 ts=50000: final=998933.16, sharpe=-0.0352, max_dd=0.0144, preservation=0.9921 -> baseline__AMAT__seed19__phase2.json
AMAT  seed= 23 ts=50000: final=999259.56, sharpe=-0.0221, max_dd=0.0144, preservation=0.9924 -> baseline__AMAT__seed23__phase2.json
AMAT  seed= 29 ts=50000: final=998933.16, sharpe=-0.0352, max_dd=0.0144, preservation=0.9921 -> baseline__AMAT__seed29__phase2.json
AMAT  seed= 37 ts=50000: final=999169.22, sharpe=-0.0145, max_dd=0.0224, preservation=0.9849 -> baseline__AMAT__seed37__phase2.json
AMAT  seed= 42 ts=50000: final=1000317.54, sharpe=0.0105, max_dd=0.0144, preservation=0.9934 -> baseline__AMAT__seed42__phase2.json
AMAT  seed= 53 ts=50000: final=991069.32, sharpe=-0.1823, max_dd=0.0191, preservation=0.9810 -> baseline__AMAT__seed53__phase2.json
AMAT  seed= 67 ts=50000: final=1000461.33, sharpe=0.0147, max_dd=0.0144, preservation=0.9936 -> baseline__AMAT__seed67__phase2.json
AMAT  seed= 89 ts=50000: final=1000600.37, sharpe=0.0173, max_dd=0.0145, preservation=0.9937 -> baseline__AMAT__seed89__phase2.json
AMD   seed=  7 ts=50000: final=1010889.90, sharpe=0.1075, max_dd=0.0492, preservation=0.9598 -> baseline__AMD__seed7__phase2.json
AMD   seed= 13 ts=50000: final=1007974.32, sharpe=0.0883, max_dd=0.0410, preservation=0.9603 -> baseline__AMD__seed13__phase2.json
AMD   seed= 19 ts=50000: final=1027267.05, sharpe=0.4646, max_dd=0.0104, preservation=0.9896 -> baseline__AMD__seed19__phase2.json
AMD   seed= 23 ts=50000: final=1021037.65, sharpe=0.3121, max_dd=0.0221, preservation=0.9797 -> baseline__AMD__seed23__phase2.json
AMD   seed= 29 ts=50000: final=1005098.14, sharpe=0.0507, max_dd=0.0468, preservation=0.9565 -> baseline__AMD__seed29__phase2.json
AMD   seed= 37 ts=50000: final=1021289.03, sharpe=0.2295, max_dd=0.0381, preservation=0.9654 -> baseline__AMD__seed37__phase2.json
AMD   seed= 42 ts=50000: final=1031933.14, sharpe=0.5242, max_dd=0.0098, preservation=0.9905 -> baseline__AMD__seed42__phase2.json
AMD   seed= 53 ts=50000: final=1019260.74, sharpe=0.2580, max_dd=0.0278, preservation=0.9726 -> baseline__AMD__seed53__phase2.json
AMD   seed= 67 ts=50000: final=1022463.00, sharpe=0.3295, max_dd=0.0233, preservation=0.9790 -> baseline__AMD__seed67__phase2.json
AMD   seed= 89 ts=50000: final=1033744.53, sharpe=0.5975, max_dd=0.0090, preservation=0.9966 -> baseline__AMD__seed89__phase2.json
AMZN  seed=  7 ts=50000: final=1003217.03, sharpe=0.0231, max_dd=0.0362, preservation=0.9742 -> baseline__AMZN__seed7__phase2.json
AMZN  seed= 13 ts=50000: final=1004597.39, sharpe=0.0346, max_dd=0.0391, preservation=0.9827 -> baseline__AMZN__seed13__phase2.json
AMZN  seed= 19 ts=50000: final=1013758.09, sharpe=0.1150, max_dd=0.0350, preservation=0.9934 -> baseline__AMZN__seed19__phase2.json
AMZN  seed= 23 ts=50000: final=1000608.65, sharpe=0.0048, max_dd=0.0368, preservation=0.9810 -> baseline__AMZN__seed23__phase2.json
AMZN  seed= 29 ts=50000: final=1003719.22, sharpe=0.0248, max_dd=0.0408, preservation=0.9757 -> baseline__AMZN__seed29__phase2.json
AMZN  seed= 37 ts=50000: final=1017258.19, sharpe=0.1261, max_dd=0.0370, preservation=0.9878 -> baseline__AMZN__seed37__phase2.json
AMZN  seed= 42 ts=50000: final=831306.66, sharpe=-0.4478, max_dd=0.2491, preservation=0.7843 -> baseline__AMZN__seed42__phase2.json
AMZN  seed= 53 ts=50000: final=1013376.02, sharpe=0.0990, max_dd=0.0368, preservation=0.9862 -> baseline__AMZN__seed53__phase2.json
AMZN  seed= 67 ts=50000: final=1002836.72, sharpe=0.0270, max_dd=0.0326, preservation=0.9876 -> baseline__AMZN__seed67__phase2.json
AMZN  seed= 89 ts=50000: final=982462.22, sharpe=-0.1092, max_dd=0.0610, preservation=0.9526 -> baseline__AMZN__seed89__phase2.json
AVGO  seed=  7 ts=50000: final=997598.88, sharpe=-0.0422, max_dd=0.0225, preservation=0.9855 -> baseline__AVGO__seed7__phase2.json
AVGO  seed= 13 ts=50000: final=1001226.10, sharpe=0.0331, max_dd=0.0150, preservation=0.9932 -> baseline__AVGO__seed13__phase2.json
AVGO  seed= 19 ts=50000: final=999253.77, sharpe=-0.0186, max_dd=0.0157, preservation=0.9909 -> baseline__AVGO__seed19__phase2.json
AVGO  seed= 23 ts=50000: final=1000841.22, sharpe=0.0225, max_dd=0.0150, preservation=0.9928 -> baseline__AVGO__seed23__phase2.json
AVGO  seed= 29 ts=50000: final=996685.03, sharpe=-0.0826, max_dd=0.0157, preservation=0.9887 -> baseline__AVGO__seed29__phase2.json
AVGO  seed= 37 ts=50000: final=988681.43, sharpe=-0.0755, max_dd=0.0483, preservation=0.9537 -> baseline__AVGO__seed37__phase2.json
AVGO  seed= 42 ts=50000: final=1003422.10, sharpe=0.0349, max_dd=0.0327, preservation=0.9895 -> baseline__AVGO__seed42__phase2.json
AVGO  seed= 53 ts=50000: final=995817.18, sharpe=-0.0888, max_dd=0.0170, preservation=0.9876 -> baseline__AVGO__seed53__phase2.json
AVGO  seed= 67 ts=50000: final=948325.36, sharpe=-0.2595, max_dd=0.0976, preservation=0.9114 -> baseline__AVGO__seed67__phase2.json
AVGO  seed= 89 ts=50000: final=995803.04, sharpe=-0.0552, max_dd=0.0266, preservation=0.9819 -> baseline__AVGO__seed89__phase2.json
AXP   seed=  7 ts=50000: final=1016674.86, sharpe=0.3229, max_dd=0.0184, preservation=0.9825 -> baseline__AXP__seed7__phase2.json
AXP   seed= 13 ts=50000: final=1022521.83, sharpe=0.5573, max_dd=0.0112, preservation=0.9929 -> baseline__AXP__seed13__phase2.json
AXP   seed= 19 ts=50000: final=1021171.90, sharpe=0.7444, max_dd=0.0050, preservation=0.9967 -> baseline__AXP__seed19__phase2.json
AXP   seed= 23 ts=50000: final=1015431.73, sharpe=0.7832, max_dd=0.0032, preservation=0.9970 -> baseline__AXP__seed23__phase2.json
AXP   seed= 29 ts=50000: final=1016528.95, sharpe=0.7748, max_dd=0.0038, preservation=0.9975 -> baseline__AXP__seed29__phase2.json
AXP   seed= 37 ts=50000: final=1027388.68, sharpe=0.6742, max_dd=0.0080, preservation=0.9957 -> baseline__AXP__seed37__phase2.json
AXP   seed= 42 ts=50000: final=1022025.00, sharpe=0.8152, max_dd=0.0039, preservation=0.9980 -> baseline__AXP__seed42__phase2.json
AXP   seed= 53 ts=50000: final=1020447.97, sharpe=0.7147, max_dd=0.0059, preservation=0.9951 -> baseline__AXP__seed53__phase2.json
AXP   seed= 67 ts=50000: final=1016706.02, sharpe=0.6282, max_dd=0.0056, preservation=0.9953 -> baseline__AXP__seed67__phase2.json
AXP   seed= 89 ts=50000: final=1025697.55, sharpe=0.7541, max_dd=0.0070, preservation=0.9983 -> baseline__AXP__seed89__phase2.json
BA    seed=  7 ts=50000: final=1008394.50, sharpe=0.2383, max_dd=0.0122, preservation=0.9906 -> baseline__BA__seed7__phase2.json
BA    seed= 13 ts=50000: final=998425.44, sharpe=-0.0386, max_dd=0.0196, preservation=0.9808 -> baseline__BA__seed13__phase2.json
BA    seed= 19 ts=50000: final=1004859.94, sharpe=0.3160, max_dd=0.0040, preservation=0.9990 -> baseline__BA__seed19__phase2.json
BA    seed= 23 ts=50000: final=1002459.47, sharpe=0.1007, max_dd=0.0094, preservation=0.9906 -> baseline__BA__seed23__phase2.json
BA    seed= 29 ts=50000: final=1004207.53, sharpe=0.2543, max_dd=0.0040, preservation=0.9971 -> baseline__BA__seed29__phase2.json
BA    seed= 37 ts=50000: final=1011306.80, sharpe=0.3289, max_dd=0.0104, preservation=0.9928 -> baseline__BA__seed37__phase2.json
BA    seed= 42 ts=50000: final=1007509.69, sharpe=0.4218, max_dd=0.0042, preservation=0.9982 -> baseline__BA__seed42__phase2.json
BA    seed= 53 ts=50000: final=1008490.28, sharpe=0.4149, max_dd=0.0042, preservation=0.9972 -> baseline__BA__seed53__phase2.json
BA    seed= 67 ts=50000: final=1006775.37, sharpe=0.2754, max_dd=0.0072, preservation=0.9939 -> baseline__BA__seed67__phase2.json
BA    seed= 89 ts=50000: final=1010151.87, sharpe=0.4127, max_dd=0.0044, preservation=0.9956 -> baseline__BA__seed89__phase2.json
BLK   seed=  7 ts=50000: final=991290.57, sharpe=-0.4861, max_dd=0.0100, preservation=0.9913 -> baseline__BLK__seed7__phase2.json
BLK   seed= 13 ts=50000: final=991290.57, sharpe=-0.4861, max_dd=0.0100, preservation=0.9913 -> baseline__BLK__seed13__phase2.json
BLK   seed= 19 ts=50000: final=991290.57, sharpe=-0.4861, max_dd=0.0100, preservation=0.9913 -> baseline__BLK__seed19__phase2.json
BLK   seed= 23 ts=50000: final=991290.57, sharpe=-0.4861, max_dd=0.0100, preservation=0.9913 -> baseline__BLK__seed23__phase2.json
BLK   seed= 29 ts=50000: final=991239.93, sharpe=-0.4889, max_dd=0.0100, preservation=0.9912 -> baseline__BLK__seed29__phase2.json
BLK   seed= 37 ts=50000: final=991269.14, sharpe=-0.4870, max_dd=0.0100, preservation=0.9913 -> baseline__BLK__seed37__phase2.json
BLK   seed= 42 ts=50000: final=991290.57, sharpe=-0.4861, max_dd=0.0100, preservation=0.9913 -> baseline__BLK__seed42__phase2.json
BLK   seed= 53 ts=50000: final=991290.57, sharpe=-0.4861, max_dd=0.0100, preservation=0.9913 -> baseline__BLK__seed53__phase2.json
BLK   seed= 67 ts=50000: final=991290.57, sharpe=-0.4861, max_dd=0.0100, preservation=0.9913 -> baseline__BLK__seed67__phase2.json
BLK   seed= 89 ts=50000: final=991290.57, sharpe=-0.4861, max_dd=0.0100, preservation=0.9913 -> baseline__BLK__seed89__phase2.json
BRK-B seed=  7 ts=50000: final=1036507.89, sharpe=0.5725, max_dd=0.0208, preservation=0.9932 -> baseline__BRK-B__seed7__phase2.json
BRK-B seed= 13 ts=50000: final=1223572.21, sharpe=0.6593, max_dd=0.1369, preservation=0.9567 -> baseline__BRK-B__seed13__phase2.json
BRK-B seed= 19 ts=50000: final=1086230.62, sharpe=0.3766, max_dd=0.1340, preservation=0.9941 -> baseline__BRK-B__seed19__phase2.json
BRK-B seed= 23 ts=50000: final=1027397.52, sharpe=0.3937, max_dd=0.0225, preservation=0.9775 -> baseline__BRK-B__seed23__phase2.json
BRK-B seed= 29 ts=50000: final=1021960.53, sharpe=0.4752, max_dd=0.0182, preservation=0.9989 -> baseline__BRK-B__seed29__phase2.json
BRK-B seed= 37 ts=50000: final=1003401.07, sharpe=0.0372, max_dd=0.0592, preservation=0.9437 -> baseline__BRK-B__seed37__phase2.json
BRK-B seed= 42 ts=50000: final=961734.76, sharpe=-0.2447, max_dd=0.1284, preservation=0.8966 -> baseline__BRK-B__seed42__phase2.json
BRK-B seed= 53 ts=50000: final=1042817.74, sharpe=0.1824, max_dd=0.1378, preservation=0.9704 -> baseline__BRK-B__seed53__phase2.json
BRK-B seed= 67 ts=50000: final=957832.83, sharpe=-0.2829, max_dd=0.1328, preservation=0.8936 -> baseline__BRK-B__seed67__phase2.json
BRK-B seed= 89 ts=50000: final=1026634.48, sharpe=0.3003, max_dd=0.0404, preservation=0.9605 -> baseline__BRK-B__seed89__phase2.json
C     seed=  7 ts=50000: final=1000068.04, sharpe=0.0025, max_dd=0.0102, preservation=0.9898 -> baseline__C__seed7__phase2.json
C     seed= 13 ts=50000: final=1003451.49, sharpe=0.1662, max_dd=0.0084, preservation=0.9984 -> baseline__C__seed13__phase2.json
C     seed= 19 ts=50000: final=1002532.45, sharpe=0.1344, max_dd=0.0081, preservation=0.9996 -> baseline__C__seed19__phase2.json
C     seed= 23 ts=50000: final=1002945.26, sharpe=0.1533, max_dd=0.0081, preservation=0.9991 -> baseline__C__seed23__phase2.json
C     seed= 29 ts=50000: final=1002584.22, sharpe=0.1371, max_dd=0.0081, preservation=0.9996 -> baseline__C__seed29__phase2.json
C     seed= 37 ts=50000: final=1004877.83, sharpe=0.1833, max_dd=0.0091, preservation=0.9949 -> baseline__C__seed37__phase2.json
C     seed= 42 ts=50000: final=1004095.48, sharpe=0.1716, max_dd=0.0092, preservation=0.9970 -> baseline__C__seed42__phase2.json
C     seed= 53 ts=50000: final=1004404.86, sharpe=0.2002, max_dd=0.0086, preservation=0.9986 -> baseline__C__seed53__phase2.json
C     seed= 67 ts=50000: final=1002850.04, sharpe=0.1478, max_dd=0.0081, preservation=0.9988 -> baseline__C__seed67__phase2.json
C     seed= 89 ts=50000: final=1005831.45, sharpe=0.2574, max_dd=0.0081, preservation=0.9977 -> baseline__C__seed89__phase2.json
CAT   seed=  7 ts=50000: final=991116.47, sharpe=-0.4715, max_dd=0.0130, preservation=0.9911 -> baseline__CAT__seed7__phase2.json
CAT   seed= 13 ts=50000: final=991448.26, sharpe=-0.4505, max_dd=0.0130, preservation=0.9914 -> baseline__CAT__seed13__phase2.json
CAT   seed= 19 ts=50000: final=991116.47, sharpe=-0.4715, max_dd=0.0130, preservation=0.9911 -> baseline__CAT__seed19__phase2.json
CAT   seed= 23 ts=50000: final=991560.02, sharpe=-0.4409, max_dd=0.0130, preservation=0.9916 -> baseline__CAT__seed23__phase2.json
CAT   seed= 29 ts=50000: final=990794.64, sharpe=-0.4885, max_dd=0.0130, preservation=0.9908 -> baseline__CAT__seed29__phase2.json
CAT   seed= 37 ts=50000: final=991482.76, sharpe=-0.4143, max_dd=0.0139, preservation=0.9915 -> baseline__CAT__seed37__phase2.json
CAT   seed= 42 ts=50000: final=1037501.68, sharpe=0.1434, max_dd=0.1360, preservation=0.9703 -> baseline__CAT__seed42__phase2.json
CAT   seed= 53 ts=50000: final=2010324.25, sharpe=1.0101, max_dd=0.2322, preservation=0.9425 -> baseline__CAT__seed53__phase2.json
CAT   seed= 67 ts=50000: final=991145.23, sharpe=-0.4698, max_dd=0.0130, preservation=0.9911 -> baseline__CAT__seed67__phase2.json
CAT   seed= 89 ts=50000: final=1015442.21, sharpe=0.1633, max_dd=0.0509, preservation=0.9998 -> baseline__CAT__seed89__phase2.json
COPX  seed=  7 ts=50000: final=1070682.39, sharpe=0.5618, max_dd=0.0464, preservation=0.9720 -> baseline__COPX__seed7__phase2.json
COPX  seed= 13 ts=50000: final=933756.03, sharpe=-0.2818, max_dd=0.1923, preservation=0.8379 -> baseline__COPX__seed13__phase2.json
COPX  seed= 19 ts=50000: final=1073652.42, sharpe=0.6746, max_dd=0.0440, preservation=0.9882 -> baseline__COPX__seed19__phase2.json
COPX  seed= 23 ts=50000: final=1064312.03, sharpe=0.6173, max_dd=0.0398, preservation=0.9822 -> baseline__COPX__seed23__phase2.json
COPX  seed= 29 ts=50000: final=979382.38, sharpe=-0.0765, max_dd=0.1939, preservation=0.8809 -> baseline__COPX__seed29__phase2.json
COPX  seed= 37 ts=50000: final=1077819.30, sharpe=0.7843, max_dd=0.0396, preservation=0.9939 -> baseline__COPX__seed37__phase2.json
COPX  seed= 42 ts=50000: final=990228.27, sharpe=-0.0503, max_dd=0.1260, preservation=0.8906 -> baseline__COPX__seed42__phase2.json
COPX  seed= 53 ts=50000: final=889257.98, sharpe=-0.4829, max_dd=0.2019, preservation=0.8014 -> baseline__COPX__seed53__phase2.json
COPX  seed= 67 ts=50000: final=1056028.89, sharpe=0.4786, max_dd=0.0443, preservation=0.9691 -> baseline__COPX__seed67__phase2.json
COPX  seed= 89 ts=50000: final=961504.31, sharpe=-0.1221, max_dd=0.2298, preservation=0.8628 -> baseline__COPX__seed89__phase2.json
COST  seed=  7 ts=50000: final=995077.80, sharpe=-0.0320, max_dd=0.1213, preservation=0.9124 -> baseline__COST__seed7__phase2.json
COST  seed= 13 ts=50000: final=1011410.63, sharpe=0.4528, max_dd=0.0035, preservation=0.9982 -> baseline__COST__seed13__phase2.json
COST  seed= 19 ts=50000: final=1354451.91, sharpe=0.6384, max_dd=0.1711, preservation=0.8793 -> baseline__COST__seed19__phase2.json
COST  seed= 23 ts=50000: final=1051940.00, sharpe=0.6855, max_dd=0.0305, preservation=0.9898 -> baseline__COST__seed23__phase2.json
COST  seed= 29 ts=50000: final=1033997.26, sharpe=0.3448, max_dd=0.0510, preservation=0.9558 -> baseline__COST__seed29__phase2.json
COST  seed= 37 ts=50000: final=995549.36, sharpe=-0.0415, max_dd=0.0760, preservation=0.9240 -> baseline__COST__seed37__phase2.json
COST  seed= 42 ts=50000: final=997838.72, sharpe=-0.0109, max_dd=0.1529, preservation=0.9095 -> baseline__COST__seed42__phase2.json
COST  seed= 53 ts=50000: final=1381818.91, sharpe=0.6439, max_dd=0.1711, preservation=0.8716 -> baseline__COST__seed53__phase2.json
COST  seed= 67 ts=50000: final=1050034.23, sharpe=0.5684, max_dd=0.0312, preservation=0.9777 -> baseline__COST__seed67__phase2.json
COST  seed= 89 ts=50000: final=1005292.71, sharpe=0.0289, max_dd=0.1379, preservation=0.9186 -> baseline__COST__seed89__phase2.json
CRM   seed=  7 ts=50000: final=973395.86, sharpe=-0.5000, max_dd=0.0346, preservation=0.9734 -> baseline__CRM__seed7__phase2.json
CRM   seed= 13 ts=50000: final=973756.82, sharpe=-0.4916, max_dd=0.0346, preservation=0.9738 -> baseline__CRM__seed13__phase2.json
CRM   seed= 19 ts=50000: final=973801.08, sharpe=-0.4933, max_dd=0.0346, preservation=0.9738 -> baseline__CRM__seed19__phase2.json
CRM   seed= 23 ts=50000: final=973734.68, sharpe=-0.4901, max_dd=0.0346, preservation=0.9737 -> baseline__CRM__seed23__phase2.json
CRM   seed= 29 ts=50000: final=973801.08, sharpe=-0.4933, max_dd=0.0346, preservation=0.9738 -> baseline__CRM__seed29__phase2.json
CRM   seed= 37 ts=50000: final=973912.02, sharpe=-0.4898, max_dd=0.0346, preservation=0.9739 -> baseline__CRM__seed37__phase2.json
CRM   seed= 42 ts=50000: final=973804.02, sharpe=-0.4932, max_dd=0.0346, preservation=0.9738 -> baseline__CRM__seed42__phase2.json
CRM   seed= 53 ts=50000: final=973244.12, sharpe=-0.4854, max_dd=0.0355, preservation=0.9732 -> baseline__CRM__seed53__phase2.json
CRM   seed= 67 ts=50000: final=973804.02, sharpe=-0.4932, max_dd=0.0346, preservation=0.9738 -> baseline__CRM__seed67__phase2.json
CRM   seed= 89 ts=50000: final=973374.94, sharpe=-0.4979, max_dd=0.0346, preservation=0.9734 -> baseline__CRM__seed89__phase2.json
DIA   seed=  7 ts=50000: final=999056.43, sharpe=-0.0722, max_dd=0.0059, preservation=0.9965 -> baseline__DIA__seed7__phase2.json
DIA   seed= 13 ts=50000: final=998798.89, sharpe=-0.0902, max_dd=0.0059, preservation=0.9962 -> baseline__DIA__seed13__phase2.json
DIA   seed= 19 ts=50000: final=998678.70, sharpe=-0.1009, max_dd=0.0059, preservation=0.9961 -> baseline__DIA__seed19__phase2.json
DIA   seed= 23 ts=50000: final=998984.97, sharpe=-0.0773, max_dd=0.0059, preservation=0.9964 -> baseline__DIA__seed23__phase2.json
DIA   seed= 29 ts=50000: final=998958.09, sharpe=-0.0797, max_dd=0.0059, preservation=0.9964 -> baseline__DIA__seed29__phase2.json
DIA   seed= 37 ts=50000: final=996565.11, sharpe=-0.1794, max_dd=0.0070, preservation=0.9936 -> baseline__DIA__seed37__phase2.json
DIA   seed= 42 ts=50000: final=999056.43, sharpe=-0.0722, max_dd=0.0059, preservation=0.9965 -> baseline__DIA__seed42__phase2.json
DIA   seed= 53 ts=50000: final=996189.18, sharpe=-0.2243, max_dd=0.0065, preservation=0.9936 -> baseline__DIA__seed53__phase2.json
DIA   seed= 67 ts=50000: final=999056.43, sharpe=-0.0722, max_dd=0.0059, preservation=0.9965 -> baseline__DIA__seed67__phase2.json
DIA   seed= 89 ts=50000: final=999159.83, sharpe=-0.0617, max_dd=0.0059, preservation=0.9966 -> baseline__DIA__seed89__phase2.json
EEMX  seed=  7 ts=50000: final=997728.83, sharpe=-0.2092, max_dd=0.0057, preservation=0.9977 -> baseline__EEMX__seed7__phase2.json
EEMX  seed= 13 ts=50000: final=996615.73, sharpe=-0.2515, max_dd=0.0059, preservation=0.9966 -> baseline__EEMX__seed13__phase2.json
EEMX  seed= 19 ts=50000: final=997204.29, sharpe=-0.2619, max_dd=0.0057, preservation=0.9972 -> baseline__EEMX__seed19__phase2.json
EEMX  seed= 23 ts=50000: final=998025.29, sharpe=-0.1689, max_dd=0.0057, preservation=0.9980 -> baseline__EEMX__seed23__phase2.json
EEMX  seed= 29 ts=50000: final=997204.29, sharpe=-0.2619, max_dd=0.0057, preservation=0.9972 -> baseline__EEMX__seed29__phase2.json
EEMX  seed= 37 ts=50000: final=998972.99, sharpe=-0.0465, max_dd=0.0076, preservation=0.9955 -> baseline__EEMX__seed37__phase2.json
EEMX  seed= 42 ts=50000: final=998175.28, sharpe=-0.1416, max_dd=0.0060, preservation=0.9982 -> baseline__EEMX__seed42__phase2.json
EEMX  seed= 53 ts=50000: final=997517.32, sharpe=-0.1705, max_dd=0.0062, preservation=0.9972 -> baseline__EEMX__seed53__phase2.json
EEMX  seed= 67 ts=50000: final=997564.33, sharpe=-0.2286, max_dd=0.0057, preservation=0.9976 -> baseline__EEMX__seed67__phase2.json
EEMX  seed= 89 ts=50000: final=998132.27, sharpe=-0.1657, max_dd=0.0058, preservation=0.9981 -> baseline__EEMX__seed89__phase2.json
GLD   seed=  7 ts=50000: final=1018054.45, sharpe=0.2199, max_dd=0.0510, preservation=0.9528 -> baseline__GLD__seed7__phase2.json
GLD   seed= 13 ts=50000: final=1021241.41, sharpe=0.2622, max_dd=0.0482, preservation=0.9555 -> baseline__GLD__seed13__phase2.json
GLD   seed= 19 ts=50000: final=1026210.36, sharpe=0.3413, max_dd=0.0418, preservation=0.9598 -> baseline__GLD__seed19__phase2.json
GLD   seed= 23 ts=50000: final=1034939.62, sharpe=0.5934, max_dd=0.0260, preservation=0.9779 -> baseline__GLD__seed23__phase2.json
GLD   seed= 29 ts=50000: final=1640706.21, sharpe=1.3995, max_dd=0.1120, preservation=0.9704 -> baseline__GLD__seed29__phase2.json
GLD   seed= 37 ts=50000: final=1027151.81, sharpe=0.4186, max_dd=0.0328, preservation=0.9672 -> baseline__GLD__seed37__phase2.json
GLD   seed= 42 ts=50000: final=986774.20, sharpe=-0.1159, max_dd=0.0981, preservation=0.9229 -> baseline__GLD__seed42__phase2.json
GLD   seed= 53 ts=50000: final=993829.79, sharpe=-0.0734, max_dd=0.0646, preservation=0.9354 -> baseline__GLD__seed53__phase2.json
GLD   seed= 67 ts=50000: final=1015645.90, sharpe=0.9725, max_dd=0.0023, preservation=0.9999 -> baseline__GLD__seed67__phase2.json
GLD   seed= 89 ts=50000: final=1555860.73, sharpe=1.3638, max_dd=0.1117, preservation=0.9743 -> baseline__GLD__seed89__phase2.json
GOOGL seed=  7 ts=50000: final=1012835.76, sharpe=0.1747, max_dd=0.0214, preservation=0.9797 -> baseline__GOOGL__seed7__phase2.json
GOOGL seed= 13 ts=50000: final=1012835.76, sharpe=0.1747, max_dd=0.0214, preservation=0.9797 -> baseline__GOOGL__seed13__phase2.json
GOOGL seed= 19 ts=50000: final=1012056.04, sharpe=0.1641, max_dd=0.0214, preservation=0.9790 -> baseline__GOOGL__seed19__phase2.json
GOOGL seed= 23 ts=50000: final=1011013.76, sharpe=0.1492, max_dd=0.0220, preservation=0.9780 -> baseline__GOOGL__seed23__phase2.json
GOOGL seed= 29 ts=50000: final=1012835.76, sharpe=0.1747, max_dd=0.0214, preservation=0.9797 -> baseline__GOOGL__seed29__phase2.json
GOOGL seed= 37 ts=50000: final=1009011.63, sharpe=0.1125, max_dd=0.0265, preservation=0.9738 -> baseline__GOOGL__seed37__phase2.json
GOOGL seed= 42 ts=50000: final=1012835.76, sharpe=0.1747, max_dd=0.0214, preservation=0.9797 -> baseline__GOOGL__seed42__phase2.json
GOOGL seed= 53 ts=50000: final=1006176.31, sharpe=0.0813, max_dd=0.0267, preservation=0.9733 -> baseline__GOOGL__seed53__phase2.json
GOOGL seed= 67 ts=50000: final=1012565.05, sharpe=0.1708, max_dd=0.0214, preservation=0.9795 -> baseline__GOOGL__seed67__phase2.json
GOOGL seed= 89 ts=50000: final=986956.17, sharpe=-0.1236, max_dd=0.0595, preservation=0.9512 -> baseline__GOOGL__seed89__phase2.json
GS    seed=  7 ts=50000: final=998886.83, sharpe=-0.0430, max_dd=0.0111, preservation=0.9895 -> baseline__GS__seed7__phase2.json
GS    seed= 13 ts=50000: final=1004256.13, sharpe=0.2262, max_dd=0.0059, preservation=0.9992 -> baseline__GS__seed13__phase2.json
GS    seed= 19 ts=50000: final=1004238.12, sharpe=0.2274, max_dd=0.0059, preservation=0.9995 -> baseline__GS__seed19__phase2.json
GS    seed= 23 ts=50000: final=1003647.83, sharpe=0.1895, max_dd=0.0059, preservation=0.9979 -> baseline__GS__seed23__phase2.json
GS    seed= 29 ts=50000: final=1002170.23, sharpe=0.1126, max_dd=0.0059, preservation=0.9971 -> baseline__GS__seed29__phase2.json
GS    seed= 37 ts=50000: final=1003076.03, sharpe=0.1153, max_dd=0.0072, preservation=0.9928 -> baseline__GS__seed37__phase2.json
GS    seed= 42 ts=50000: final=1004472.19, sharpe=0.2352, max_dd=0.0059, preservation=0.9991 -> baseline__GS__seed42__phase2.json
GS    seed= 53 ts=50000: final=1004249.33, sharpe=0.2280, max_dd=0.0059, preservation=0.9996 -> baseline__GS__seed53__phase2.json
GS    seed= 67 ts=50000: final=1004249.33, sharpe=0.2280, max_dd=0.0059, preservation=0.9996 -> baseline__GS__seed67__phase2.json
GS    seed= 89 ts=50000: final=1004342.20, sharpe=0.2319, max_dd=0.0059, preservation=0.9994 -> baseline__GS__seed89__phase2.json
HSBC  seed=  7 ts=50000: final=1008646.65, sharpe=0.4821, max_dd=0.0032, preservation=0.9968 -> baseline__HSBC__seed7__phase2.json
HSBC  seed= 13 ts=50000: final=1007073.66, sharpe=0.4694, max_dd=0.0032, preservation=0.9978 -> baseline__HSBC__seed13__phase2.json
HSBC  seed= 19 ts=50000: final=1007750.37, sharpe=0.5217, max_dd=0.0032, preservation=0.9983 -> baseline__HSBC__seed19__phase2.json
HSBC  seed= 23 ts=50000: final=1006874.60, sharpe=0.4529, max_dd=0.0032, preservation=0.9976 -> baseline__HSBC__seed23__phase2.json
HSBC  seed= 29 ts=50000: final=1007684.19, sharpe=0.5214, max_dd=0.0032, preservation=0.9984 -> baseline__HSBC__seed29__phase2.json
HSBC  seed= 37 ts=50000: final=1006246.78, sharpe=0.2526, max_dd=0.0108, preservation=0.9904 -> baseline__HSBC__seed37__phase2.json
HSBC  seed= 42 ts=50000: final=1008094.80, sharpe=0.4905, max_dd=0.0032, preservation=0.9975 -> baseline__HSBC__seed42__phase2.json
HSBC  seed= 53 ts=50000: final=1008238.52, sharpe=0.4688, max_dd=0.0034, preservation=0.9971 -> baseline__HSBC__seed53__phase2.json
HSBC  seed= 67 ts=50000: final=1007649.59, sharpe=0.5179, max_dd=0.0032, preservation=0.9983 -> baseline__HSBC__seed67__phase2.json
HSBC  seed= 89 ts=50000: final=1009214.35, sharpe=0.5145, max_dd=0.0032, preservation=0.9972 -> baseline__HSBC__seed89__phase2.json
IAU   seed=  7 ts=50000: final=1025663.21, sharpe=0.3392, max_dd=0.0393, preservation=0.9611 -> baseline__IAU__seed7__phase2.json
IAU   seed= 13 ts=50000: final=979541.78, sharpe=-0.1937, max_dd=0.0904, preservation=0.9166 -> baseline__IAU__seed13__phase2.json
IAU   seed= 19 ts=50000: final=1026015.73, sharpe=0.3404, max_dd=0.0412, preservation=0.9601 -> baseline__IAU__seed19__phase2.json
IAU   seed= 23 ts=50000: final=1031714.28, sharpe=0.6217, max_dd=0.0211, preservation=0.9794 -> baseline__IAU__seed23__phase2.json
IAU   seed= 29 ts=50000: final=1644885.61, sharpe=1.4103, max_dd=0.1114, preservation=0.9703 -> baseline__IAU__seed29__phase2.json
IAU   seed= 37 ts=50000: final=1031291.78, sharpe=0.5185, max_dd=0.0272, preservation=0.9734 -> baseline__IAU__seed37__phase2.json
IAU   seed= 42 ts=50000: final=995621.26, sharpe=-0.0363, max_dd=0.1003, preservation=0.9316 -> baseline__IAU__seed42__phase2.json
IAU   seed= 53 ts=50000: final=991510.48, sharpe=-0.0994, max_dd=0.0669, preservation=0.9335 -> baseline__IAU__seed53__phase2.json
IAU   seed= 67 ts=50000: final=1015489.29, sharpe=0.9499, max_dd=0.0024, preservation=0.9999 -> baseline__IAU__seed67__phase2.json
IAU   seed= 89 ts=50000: final=1563610.33, sharpe=1.3759, max_dd=0.1112, preservation=0.9740 -> baseline__IAU__seed89__phase2.json
IBB   seed=  7 ts=50000: final=992368.95, sharpe=-0.3891, max_dd=0.0125, preservation=0.9924 -> baseline__IBB__seed7__phase2.json
IBB   seed= 13 ts=50000: final=992161.93, sharpe=-0.3602, max_dd=0.0125, preservation=0.9922 -> baseline__IBB__seed13__phase2.json
IBB   seed= 19 ts=50000: final=992368.95, sharpe=-0.3891, max_dd=0.0125, preservation=0.9924 -> baseline__IBB__seed19__phase2.json
IBB   seed= 23 ts=50000: final=992351.02, sharpe=-0.3754, max_dd=0.0125, preservation=0.9924 -> baseline__IBB__seed23__phase2.json
IBB   seed= 29 ts=50000: final=992124.41, sharpe=-0.4016, max_dd=0.0125, preservation=0.9921 -> baseline__IBB__seed29__phase2.json
IBB   seed= 37 ts=50000: final=987919.51, sharpe=-0.3844, max_dd=0.0141, preservation=0.9879 -> baseline__IBB__seed37__phase2.json
IBB   seed= 42 ts=50000: final=992368.95, sharpe=-0.3891, max_dd=0.0125, preservation=0.9924 -> baseline__IBB__seed42__phase2.json
IBB   seed= 53 ts=50000: final=988941.20, sharpe=-0.3906, max_dd=0.0135, preservation=0.9889 -> baseline__IBB__seed53__phase2.json
IBB   seed= 67 ts=50000: final=992365.66, sharpe=-0.3870, max_dd=0.0125, preservation=0.9924 -> baseline__IBB__seed67__phase2.json
IBB   seed= 89 ts=50000: final=992443.44, sharpe=-0.3790, max_dd=0.0125, preservation=0.9924 -> baseline__IBB__seed89__phase2.json
IBM   seed=  7 ts=50000: final=1003441.21, sharpe=0.2652, max_dd=0.0037, preservation=0.9963 -> baseline__IBM__seed7__phase2.json
IBM   seed= 13 ts=50000: final=1004738.34, sharpe=0.3849, max_dd=0.0024, preservation=0.9976 -> baseline__IBM__seed13__phase2.json
IBM   seed= 19 ts=50000: final=1002344.04, sharpe=0.1640, max_dd=0.0053, preservation=0.9947 -> baseline__IBM__seed19__phase2.json
IBM   seed= 23 ts=50000: final=1003650.67, sharpe=0.2788, max_dd=0.0035, preservation=0.9965 -> baseline__IBM__seed23__phase2.json
IBM   seed= 29 ts=50000: final=1004908.09, sharpe=0.4044, max_dd=0.0022, preservation=0.9978 -> baseline__IBM__seed29__phase2.json
IBM   seed= 37 ts=50000: final=1003911.48, sharpe=0.2880, max_dd=0.0036, preservation=0.9964 -> baseline__IBM__seed37__phase2.json
IBM   seed= 42 ts=50000: final=1005103.06, sharpe=0.4206, max_dd=0.0020, preservation=0.9980 -> baseline__IBM__seed42__phase2.json
IBM   seed= 53 ts=50000: final=1005103.06, sharpe=0.4206, max_dd=0.0020, preservation=0.9980 -> baseline__IBM__seed53__phase2.json
IBM   seed= 67 ts=50000: final=1005103.06, sharpe=0.4206, max_dd=0.0020, preservation=0.9980 -> baseline__IBM__seed67__phase2.json
IBM   seed= 89 ts=50000: final=999231.89, sharpe=-0.0079, max_dd=0.0548, preservation=0.9910 -> baseline__IBM__seed89__phase2.json
IJR   seed=  7 ts=50000: final=1001927.52, sharpe=0.0306, max_dd=0.0230, preservation=0.9940 -> baseline__IJR__seed7__phase2.json
IJR   seed= 13 ts=50000: final=996600.58, sharpe=-0.0926, max_dd=0.0153, preservation=0.9926 -> baseline__IJR__seed13__phase2.json
IJR   seed= 19 ts=50000: final=996823.64, sharpe=-0.1476, max_dd=0.0086, preservation=0.9956 -> baseline__IJR__seed19__phase2.json
IJR   seed= 23 ts=50000: final=996111.57, sharpe=-0.2699, max_dd=0.0077, preservation=0.9961 -> baseline__IJR__seed23__phase2.json
IJR   seed= 29 ts=50000: final=995225.70, sharpe=-0.1454, max_dd=0.0128, preservation=0.9912 -> baseline__IJR__seed29__phase2.json
IJR   seed= 37 ts=50000: final=1002690.91, sharpe=0.0578, max_dd=0.0173, preservation=0.9970 -> baseline__IJR__seed37__phase2.json
IJR   seed= 42 ts=50000: final=990244.35, sharpe=-0.0370, max_dd=0.1038, preservation=0.9706 -> baseline__IJR__seed42__phase2.json
IJR   seed= 53 ts=50000: final=984752.36, sharpe=-0.1951, max_dd=0.0311, preservation=0.9713 -> baseline__IJR__seed53__phase2.json
IJR   seed= 67 ts=50000: final=966622.62, sharpe=-0.2480, max_dd=0.0804, preservation=0.9494 -> baseline__IJR__seed67__phase2.json
IJR   seed= 89 ts=50000: final=996509.91, sharpe=-0.0431, max_dd=0.0263, preservation=0.9839 -> baseline__IJR__seed89__phase2.json
JNJ   seed=  7 ts=50000: final=1001483.95, sharpe=0.1358, max_dd=0.0034, preservation=0.9966 -> baseline__JNJ__seed7__phase2.json
JNJ   seed= 13 ts=50000: final=975809.01, sharpe=-0.1068, max_dd=0.0853, preservation=0.9318 -> baseline__JNJ__seed13__phase2.json
JNJ   seed= 19 ts=50000: final=1162554.74, sharpe=0.4712, max_dd=0.0945, preservation=0.9834 -> baseline__JNJ__seed19__phase2.json
JNJ   seed= 23 ts=50000: final=999889.14, sharpe=-0.0098, max_dd=0.0050, preservation=0.9950 -> baseline__JNJ__seed23__phase2.json
JNJ   seed= 29 ts=50000: final=1023263.23, sharpe=0.3054, max_dd=0.0379, preservation=0.9974 -> baseline__JNJ__seed29__phase2.json
JNJ   seed= 37 ts=50000: final=993818.60, sharpe=-0.0429, max_dd=0.0559, preservation=0.9521 -> baseline__JNJ__seed37__phase2.json
JNJ   seed= 42 ts=50000: final=1001496.52, sharpe=0.1370, max_dd=0.0034, preservation=0.9966 -> baseline__JNJ__seed42__phase2.json
JNJ   seed= 53 ts=50000: final=1001496.52, sharpe=0.1370, max_dd=0.0034, preservation=0.9966 -> baseline__JNJ__seed53__phase2.json
JNJ   seed= 67 ts=50000: final=992940.65, sharpe=-0.0434, max_dd=0.0644, preservation=0.9477 -> baseline__JNJ__seed67__phase2.json
JNJ   seed= 89 ts=50000: final=984947.67, sharpe=-0.0720, max_dd=0.0851, preservation=0.9401 -> baseline__JNJ__seed89__phase2.json
JPM   seed=  7 ts=50000: final=1003699.48, sharpe=0.1131, max_dd=0.0106, preservation=0.9894 -> baseline__JPM__seed7__phase2.json
JPM   seed= 13 ts=50000: final=1005375.22, sharpe=0.2211, max_dd=0.0072, preservation=0.9959 -> baseline__JPM__seed13__phase2.json
JPM   seed= 19 ts=50000: final=1005724.84, sharpe=0.2757, max_dd=0.0069, preservation=0.9993 -> baseline__JPM__seed19__phase2.json
JPM   seed= 23 ts=50000: final=1004754.03, sharpe=0.1938, max_dd=0.0071, preservation=0.9953 -> baseline__JPM__seed23__phase2.json
JPM   seed= 29 ts=50000: final=1005586.48, sharpe=0.2384, max_dd=0.0071, preservation=0.9970 -> baseline__JPM__seed29__phase2.json
JPM   seed= 37 ts=50000: final=1006818.31, sharpe=0.2083, max_dd=0.0088, preservation=0.9919 -> baseline__JPM__seed37__phase2.json
JPM   seed= 42 ts=50000: final=1004221.86, sharpe=0.1328, max_dd=0.0096, preservation=0.9904 -> baseline__JPM__seed42__phase2.json
JPM   seed= 53 ts=50000: final=1006968.76, sharpe=0.3124, max_dd=0.0071, preservation=0.9992 -> baseline__JPM__seed53__phase2.json
JPM   seed= 67 ts=50000: final=1006134.68, sharpe=0.2954, max_dd=0.0069, preservation=0.9996 -> baseline__JPM__seed67__phase2.json
JPM   seed= 89 ts=50000: final=1008517.39, sharpe=0.3370, max_dd=0.0069, preservation=0.9974 -> baseline__JPM__seed89__phase2.json
LLY   seed=  7 ts=50000: final=2695329.02, sharpe=1.1332, max_dd=0.2711, preservation=0.9772 -> baseline__LLY__seed7__phase2.json
LLY   seed= 13 ts=50000: final=2755026.58, sharpe=1.1351, max_dd=0.2755, preservation=0.9769 -> baseline__LLY__seed13__phase2.json
LLY   seed= 19 ts=50000: final=2601015.61, sharpe=1.1392, max_dd=0.2607, preservation=0.9780 -> baseline__LLY__seed19__phase2.json
LLY   seed= 23 ts=50000: final=1160212.78, sharpe=0.6560, max_dd=0.0567, preservation=0.9772 -> baseline__LLY__seed23__phase2.json
LLY   seed= 29 ts=50000: final=2755026.58, sharpe=1.1351, max_dd=0.2755, preservation=0.9769 -> baseline__LLY__seed29__phase2.json
LLY   seed= 37 ts=50000: final=2755026.58, sharpe=1.1351, max_dd=0.2755, preservation=0.9769 -> baseline__LLY__seed37__phase2.json
LLY   seed= 42 ts=50000: final=2746237.42, sharpe=1.1351, max_dd=0.2748, preservation=0.9769 -> baseline__LLY__seed42__phase2.json
LLY   seed= 53 ts=50000: final=2740871.53, sharpe=1.1341, max_dd=0.2746, preservation=0.9769 -> baseline__LLY__seed53__phase2.json
LLY   seed= 67 ts=50000: final=2739614.47, sharpe=1.1363, max_dd=0.2738, preservation=0.9770 -> baseline__LLY__seed67__phase2.json
LLY   seed= 89 ts=50000: final=2585889.74, sharpe=1.1329, max_dd=0.2603, preservation=0.9786 -> baseline__LLY__seed89__phase2.json
MA    seed=  7 ts=50000: final=988075.06, sharpe=-0.5088, max_dd=0.0186, preservation=0.9828 -> baseline__MA__seed7__phase2.json
MA    seed= 13 ts=50000: final=987151.18, sharpe=-0.5136, max_dd=0.0187, preservation=0.9819 -> baseline__MA__seed13__phase2.json
MA    seed= 19 ts=50000: final=987533.45, sharpe=-0.5261, max_dd=0.0188, preservation=0.9823 -> baseline__MA__seed19__phase2.json
MA    seed= 23 ts=50000: final=987522.75, sharpe=-0.5105, max_dd=0.0186, preservation=0.9823 -> baseline__MA__seed23__phase2.json
MA    seed= 29 ts=50000: final=988001.55, sharpe=-0.5119, max_dd=0.0186, preservation=0.9828 -> baseline__MA__seed29__phase2.json
MA    seed= 37 ts=50000: final=987617.01, sharpe=-0.5184, max_dd=0.0190, preservation=0.9824 -> baseline__MA__seed37__phase2.json
MA    seed= 42 ts=50000: final=988075.06, sharpe=-0.5088, max_dd=0.0186, preservation=0.9828 -> baseline__MA__seed42__phase2.json
MA    seed= 53 ts=50000: final=981846.96, sharpe=-0.5908, max_dd=0.0239, preservation=0.9766 -> baseline__MA__seed53__phase2.json
MA    seed= 67 ts=50000: final=988075.06, sharpe=-0.5088, max_dd=0.0186, preservation=0.9828 -> baseline__MA__seed67__phase2.json
MA    seed= 89 ts=50000: final=984409.79, sharpe=-0.5342, max_dd=0.0233, preservation=0.9792 -> baseline__MA__seed89__phase2.json
MCD   seed=  7 ts=50000: final=1001491.19, sharpe=0.1204, max_dd=0.0042, preservation=0.9958 -> baseline__MCD__seed7__phase2.json
MCD   seed= 13 ts=50000: final=1000776.93, sharpe=0.0620, max_dd=0.0049, preservation=0.9951 -> baseline__MCD__seed13__phase2.json
MCD   seed= 19 ts=50000: final=1001306.44, sharpe=0.1055, max_dd=0.0043, preservation=0.9957 -> baseline__MCD__seed19__phase2.json
MCD   seed= 23 ts=50000: final=1000228.81, sharpe=0.0181, max_dd=0.0054, preservation=0.9946 -> baseline__MCD__seed23__phase2.json
MCD   seed= 29 ts=50000: final=1001387.09, sharpe=0.1120, max_dd=0.0043, preservation=0.9957 -> baseline__MCD__seed29__phase2.json
MCD   seed= 37 ts=50000: final=1001491.19, sharpe=0.1204, max_dd=0.0042, preservation=0.9958 -> baseline__MCD__seed37__phase2.json
MCD   seed= 42 ts=50000: final=1001491.19, sharpe=0.1204, max_dd=0.0042, preservation=0.9958 -> baseline__MCD__seed42__phase2.json
MCD   seed= 53 ts=50000: final=1001472.47, sharpe=0.1189, max_dd=0.0042, preservation=0.9958 -> baseline__MCD__seed53__phase2.json
MCD   seed= 67 ts=50000: final=1001400.16, sharpe=0.1130, max_dd=0.0042, preservation=0.9958 -> baseline__MCD__seed67__phase2.json
MCD   seed= 89 ts=50000: final=1001186.77, sharpe=0.0954, max_dd=0.0045, preservation=0.9955 -> baseline__MCD__seed89__phase2.json
META  seed=  7 ts=50000: final=881478.38, sharpe=-0.5632, max_dd=0.1242, preservation=0.8766 -> baseline__META__seed7__phase2.json
META  seed= 13 ts=50000: final=885800.41, sharpe=-0.5283, max_dd=0.1218, preservation=0.8809 -> baseline__META__seed13__phase2.json
META  seed= 19 ts=50000: final=888998.00, sharpe=-0.5343, max_dd=0.1164, preservation=0.8841 -> baseline__META__seed19__phase2.json
META  seed= 23 ts=50000: final=888903.36, sharpe=-0.5231, max_dd=0.1201, preservation=0.8840 -> baseline__META__seed23__phase2.json
META  seed= 29 ts=50000: final=888643.63, sharpe=-0.5361, max_dd=0.1164, preservation=0.8837 -> baseline__META__seed29__phase2.json
META  seed= 37 ts=50000: final=865483.23, sharpe=-0.5627, max_dd=0.1434, preservation=0.8601 -> baseline__META__seed37__phase2.json
META  seed= 42 ts=50000: final=857698.17, sharpe=-0.5537, max_dd=0.1507, preservation=0.8524 -> baseline__META__seed42__phase2.json
META  seed= 53 ts=50000: final=881468.74, sharpe=-0.5267, max_dd=0.1275, preservation=0.8766 -> baseline__META__seed53__phase2.json
META  seed= 67 ts=50000: final=890079.51, sharpe=-0.5281, max_dd=0.1176, preservation=0.8851 -> baseline__META__seed67__phase2.json
META  seed= 89 ts=50000: final=886868.50, sharpe=-0.5432, max_dd=0.1203, preservation=0.8819 -> baseline__META__seed89__phase2.json
MSFT  seed=  7 ts=50000: final=995290.38, sharpe=-0.1282, max_dd=0.0156, preservation=0.9886 -> baseline__MSFT__seed7__phase2.json
MSFT  seed= 13 ts=50000: final=995132.30, sharpe=-0.1314, max_dd=0.0156, preservation=0.9884 -> baseline__MSFT__seed13__phase2.json
MSFT  seed= 19 ts=50000: final=995068.75, sharpe=-0.1342, max_dd=0.0156, preservation=0.9883 -> baseline__MSFT__seed19__phase2.json
MSFT  seed= 23 ts=50000: final=995437.08, sharpe=-0.1242, max_dd=0.0156, preservation=0.9887 -> baseline__MSFT__seed23__phase2.json
MSFT  seed= 29 ts=50000: final=995437.08, sharpe=-0.1242, max_dd=0.0156, preservation=0.9887 -> baseline__MSFT__seed29__phase2.json
MSFT  seed= 37 ts=50000: final=991238.25, sharpe=-0.1831, max_dd=0.0177, preservation=0.9838 -> baseline__MSFT__seed37__phase2.json
MSFT  seed= 42 ts=50000: final=995437.08, sharpe=-0.1242, max_dd=0.0156, preservation=0.9887 -> baseline__MSFT__seed42__phase2.json
MSFT  seed= 53 ts=50000: final=990170.95, sharpe=-0.2203, max_dd=0.0176, preservation=0.9835 -> baseline__MSFT__seed53__phase2.json
MSFT  seed= 67 ts=50000: final=994542.95, sharpe=-0.1451, max_dd=0.0156, preservation=0.9878 -> baseline__MSFT__seed67__phase2.json
MSFT  seed= 89 ts=50000: final=995332.51, sharpe=-0.1266, max_dd=0.0156, preservation=0.9886 -> baseline__MSFT__seed89__phase2.json
NFLX  seed=  7 ts=50000: final=951890.67, sharpe=-0.6986, max_dd=0.0502, preservation=0.9519 -> baseline__NFLX__seed7__phase2.json
NFLX  seed= 13 ts=50000: final=953476.04, sharpe=-0.6801, max_dd=0.0491, preservation=0.9535 -> baseline__NFLX__seed13__phase2.json
NFLX  seed= 19 ts=50000: final=952965.23, sharpe=-0.6899, max_dd=0.0491, preservation=0.9530 -> baseline__NFLX__seed19__phase2.json
NFLX  seed= 23 ts=50000: final=953515.63, sharpe=-0.6791, max_dd=0.0491, preservation=0.9535 -> baseline__NFLX__seed23__phase2.json
NFLX  seed= 29 ts=50000: final=952762.12, sharpe=-0.6936, max_dd=0.0491, preservation=0.9528 -> baseline__NFLX__seed29__phase2.json
NFLX  seed= 37 ts=50000: final=947514.96, sharpe=-0.7057, max_dd=0.0531, preservation=0.9475 -> baseline__NFLX__seed37__phase2.json
NFLX  seed= 42 ts=50000: final=952762.12, sharpe=-0.6936, max_dd=0.0491, preservation=0.9528 -> baseline__NFLX__seed42__phase2.json
NFLX  seed= 53 ts=50000: final=953298.47, sharpe=-0.6844, max_dd=0.0491, preservation=0.9533 -> baseline__NFLX__seed53__phase2.json
NFLX  seed= 67 ts=50000: final=953297.14, sharpe=-0.6845, max_dd=0.0491, preservation=0.9533 -> baseline__NFLX__seed67__phase2.json
NFLX  seed= 89 ts=50000: final=950840.99, sharpe=-0.7087, max_dd=0.0505, preservation=0.9508 -> baseline__NFLX__seed89__phase2.json
NVDA  seed=  7 ts=50000: final=1009309.64, sharpe=0.0894, max_dd=0.0387, preservation=0.9767 -> baseline__NVDA__seed7__phase2.json
NVDA  seed= 13 ts=50000: final=1000702.10, sharpe=0.0091, max_dd=0.0242, preservation=0.9787 -> baseline__NVDA__seed13__phase2.json
NVDA  seed= 19 ts=50000: final=1005893.23, sharpe=0.1152, max_dd=0.0206, preservation=0.9950 -> baseline__NVDA__seed19__phase2.json
NVDA  seed= 23 ts=50000: final=1007773.95, sharpe=0.1399, max_dd=0.0206, preservation=0.9930 -> baseline__NVDA__seed23__phase2.json
NVDA  seed= 29 ts=50000: final=998970.81, sharpe=-0.0183, max_dd=0.0211, preservation=0.9872 -> baseline__NVDA__seed29__phase2.json
NVDA  seed= 37 ts=50000: final=1009212.28, sharpe=0.0879, max_dd=0.0342, preservation=0.9747 -> baseline__NVDA__seed37__phase2.json
NVDA  seed= 42 ts=50000: final=1008443.41, sharpe=0.1344, max_dd=0.0225, preservation=0.9898 -> baseline__NVDA__seed42__phase2.json
NVDA  seed= 53 ts=50000: final=1003324.71, sharpe=0.0445, max_dd=0.0234, preservation=0.9790 -> baseline__NVDA__seed53__phase2.json
NVDA  seed= 67 ts=50000: final=1007491.03, sharpe=0.1254, max_dd=0.0206, preservation=0.9891 -> baseline__NVDA__seed67__phase2.json
NVDA  seed= 89 ts=50000: final=1012197.24, sharpe=0.1794, max_dd=0.0206, preservation=0.9873 -> baseline__NVDA__seed89__phase2.json
ORCL  seed=  7 ts=50000: final=1003657.22, sharpe=0.1711, max_dd=0.0070, preservation=0.9956 -> baseline__ORCL__seed7__phase2.json
ORCL  seed= 13 ts=50000: final=1004740.75, sharpe=0.2076, max_dd=0.0067, preservation=0.9967 -> baseline__ORCL__seed13__phase2.json
ORCL  seed= 19 ts=50000: final=1002407.30, sharpe=0.1025, max_dd=0.0074, preservation=0.9940 -> baseline__ORCL__seed19__phase2.json
ORCL  seed= 23 ts=50000: final=1003889.42, sharpe=0.1645, max_dd=0.0067, preservation=0.9959 -> baseline__ORCL__seed23__phase2.json
ORCL  seed= 29 ts=50000: final=1004338.66, sharpe=0.2111, max_dd=0.0067, preservation=0.9963 -> baseline__ORCL__seed29__phase2.json
ORCL  seed= 37 ts=50000: final=998736.22, sharpe=-0.0384, max_dd=0.0113, preservation=0.9887 -> baseline__ORCL__seed37__phase2.json
ORCL  seed= 42 ts=50000: final=1004338.66, sharpe=0.2111, max_dd=0.0067, preservation=0.9963 -> baseline__ORCL__seed42__phase2.json
ORCL  seed= 53 ts=50000: final=1001276.31, sharpe=0.0446, max_dd=0.0082, preservation=0.9928 -> baseline__ORCL__seed53__phase2.json
ORCL  seed= 67 ts=50000: final=1004338.66, sharpe=0.2111, max_dd=0.0067, preservation=0.9963 -> baseline__ORCL__seed67__phase2.json
ORCL  seed= 89 ts=50000: final=982640.05, sharpe=-0.1774, max_dd=0.0654, preservation=0.9683 -> baseline__ORCL__seed89__phase2.json
PGR   seed=  7 ts=50000: final=1002977.73, sharpe=0.2444, max_dd=0.0034, preservation=0.9966 -> baseline__PGR__seed7__phase2.json
PGR   seed= 13 ts=50000: final=1001625.55, sharpe=0.1288, max_dd=0.0048, preservation=0.9952 -> baseline__PGR__seed13__phase2.json
PGR   seed= 19 ts=50000: final=1002965.03, sharpe=0.2433, max_dd=0.0035, preservation=0.9965 -> baseline__PGR__seed19__phase2.json
PGR   seed= 23 ts=50000: final=1000775.81, sharpe=0.0596, max_dd=0.0056, preservation=0.9944 -> baseline__PGR__seed23__phase2.json
PGR   seed= 29 ts=50000: final=1036251.97, sharpe=0.2687, max_dd=0.0423, preservation=0.9889 -> baseline__PGR__seed29__phase2.json
PGR   seed= 37 ts=50000: final=1002977.73, sharpe=0.2444, max_dd=0.0034, preservation=0.9966 -> baseline__PGR__seed37__phase2.json
PGR   seed= 42 ts=50000: final=1002430.72, sharpe=0.1970, max_dd=0.0040, preservation=0.9960 -> baseline__PGR__seed42__phase2.json
PGR   seed= 53 ts=50000: final=1002394.67, sharpe=0.1941, max_dd=0.0040, preservation=0.9960 -> baseline__PGR__seed53__phase2.json
PGR   seed= 67 ts=50000: final=1002043.68, sharpe=0.1641, max_dd=0.0044, preservation=0.9956 -> baseline__PGR__seed67__phase2.json
PGR   seed= 89 ts=50000: final=998596.38, sharpe=-0.0982, max_dd=0.0078, preservation=0.9922 -> baseline__PGR__seed89__phase2.json
PLTR  seed=  7 ts=50000: final=968412.82, sharpe=-0.3968, max_dd=0.0520, preservation=0.9684 -> baseline__PLTR__seed7__phase2.json
PLTR  seed= 13 ts=50000: final=967331.25, sharpe=-0.4163, max_dd=0.0520, preservation=0.9673 -> baseline__PLTR__seed13__phase2.json
PLTR  seed= 19 ts=50000: final=965699.84, sharpe=-0.4445, max_dd=0.0520, preservation=0.9657 -> baseline__PLTR__seed19__phase2.json
PLTR  seed= 23 ts=50000: final=967507.88, sharpe=-0.4122, max_dd=0.0520, preservation=0.9675 -> baseline__PLTR__seed23__phase2.json
PLTR  seed= 29 ts=50000: final=964605.75, sharpe=-0.4588, max_dd=0.0520, preservation=0.9646 -> baseline__PLTR__seed29__phase2.json
PLTR  seed= 37 ts=50000: final=973438.09, sharpe=-0.2724, max_dd=0.0584, preservation=0.9734 -> baseline__PLTR__seed37__phase2.json
PLTR  seed= 42 ts=50000: final=967169.37, sharpe=-0.4093, max_dd=0.0533, preservation=0.9672 -> baseline__PLTR__seed42__phase2.json
PLTR  seed= 53 ts=50000: final=968403.78, sharpe=-0.3775, max_dd=0.0540, preservation=0.9684 -> baseline__PLTR__seed53__phase2.json
PLTR  seed= 67 ts=50000: final=965699.84, sharpe=-0.4445, max_dd=0.0520, preservation=0.9657 -> baseline__PLTR__seed67__phase2.json
PLTR  seed= 89 ts=50000: final=969460.60, sharpe=-0.3800, max_dd=0.0520, preservation=0.9695 -> baseline__PLTR__seed89__phase2.json
PPLT  seed=  7 ts=50000: final=981768.36, sharpe=-0.1502, max_dd=0.0780, preservation=0.9264 -> baseline__PPLT__seed7__phase2.json
PPLT  seed= 13 ts=50000: final=1011834.10, sharpe=0.2526, max_dd=0.0129, preservation=0.9896 -> baseline__PPLT__seed13__phase2.json
PPLT  seed= 19 ts=50000: final=981867.38, sharpe=-0.1579, max_dd=0.0738, preservation=0.9267 -> baseline__PPLT__seed19__phase2.json
PPLT  seed= 23 ts=50000: final=1000074.46, sharpe=0.0009, max_dd=0.0415, preservation=0.9586 -> baseline__PPLT__seed23__phase2.json
PPLT  seed= 29 ts=50000: final=979750.35, sharpe=-0.1723, max_dd=0.0749, preservation=0.9264 -> baseline__PPLT__seed29__phase2.json
PPLT  seed= 37 ts=50000: final=997408.67, sharpe=-0.0244, max_dd=0.0601, preservation=0.9462 -> baseline__PPLT__seed37__phase2.json
PPLT  seed= 42 ts=50000: final=994976.88, sharpe=-0.0540, max_dd=0.0505, preservation=0.9504 -> baseline__PPLT__seed42__phase2.json
PPLT  seed= 53 ts=50000: final=990997.46, sharpe=-0.1039, max_dd=0.0517, preservation=0.9513 -> baseline__PPLT__seed53__phase2.json
PPLT  seed= 67 ts=50000: final=1004324.91, sharpe=0.3168, max_dd=0.0040, preservation=0.9980 -> baseline__PPLT__seed67__phase2.json
PPLT  seed= 89 ts=50000: final=993235.22, sharpe=-0.0582, max_dd=0.0647, preservation=0.9371 -> baseline__PPLT__seed89__phase2.json
QCOM  seed=  7 ts=50000: final=1006766.89, sharpe=0.0967, max_dd=0.0260, preservation=0.9793 -> baseline__QCOM__seed7__phase2.json
QCOM  seed= 13 ts=50000: final=1006766.89, sharpe=0.0967, max_dd=0.0260, preservation=0.9793 -> baseline__QCOM__seed13__phase2.json
QCOM  seed= 19 ts=50000: final=1006766.89, sharpe=0.0967, max_dd=0.0260, preservation=0.9793 -> baseline__QCOM__seed19__phase2.json
QCOM  seed= 23 ts=50000: final=1005299.71, sharpe=0.0749, max_dd=0.0260, preservation=0.9778 -> baseline__QCOM__seed23__phase2.json
QCOM  seed= 29 ts=50000: final=1006766.89, sharpe=0.0967, max_dd=0.0260, preservation=0.9793 -> baseline__QCOM__seed29__phase2.json
QCOM  seed= 37 ts=50000: final=995453.65, sharpe=-0.0523, max_dd=0.0365, preservation=0.9653 -> baseline__QCOM__seed37__phase2.json
QCOM  seed= 42 ts=50000: final=1006766.89, sharpe=0.0967, max_dd=0.0260, preservation=0.9793 -> baseline__QCOM__seed42__phase2.json
QCOM  seed= 53 ts=50000: final=988940.25, sharpe=-0.1340, max_dd=0.0381, preservation=0.9619 -> baseline__QCOM__seed53__phase2.json
QCOM  seed= 67 ts=50000: final=1006766.89, sharpe=0.0967, max_dd=0.0260, preservation=0.9793 -> baseline__QCOM__seed67__phase2.json
QCOM  seed= 89 ts=50000: final=1005888.71, sharpe=0.0834, max_dd=0.0265, preservation=0.9784 -> baseline__QCOM__seed89__phase2.json
QQQ   seed=  7 ts=50000: final=992844.71, sharpe=-0.2073, max_dd=0.0162, preservation=0.9893 -> baseline__QQQ__seed7__phase2.json
QQQ   seed= 13 ts=50000: final=991515.03, sharpe=-0.2392, max_dd=0.0162, preservation=0.9880 -> baseline__QQQ__seed13__phase2.json
QQQ   seed= 19 ts=50000: final=992238.63, sharpe=-0.2248, max_dd=0.0162, preservation=0.9887 -> baseline__QQQ__seed19__phase2.json
QQQ   seed= 23 ts=50000: final=992844.71, sharpe=-0.2073, max_dd=0.0162, preservation=0.9893 -> baseline__QQQ__seed23__phase2.json
QQQ   seed= 29 ts=50000: final=992844.71, sharpe=-0.2073, max_dd=0.0162, preservation=0.9893 -> baseline__QQQ__seed29__phase2.json
QQQ   seed= 37 ts=50000: final=988837.94, sharpe=-0.2427, max_dd=0.0184, preservation=0.9848 -> baseline__QQQ__seed37__phase2.json
QQQ   seed= 42 ts=50000: final=992844.71, sharpe=-0.2073, max_dd=0.0162, preservation=0.9893 -> baseline__QQQ__seed42__phase2.json
QQQ   seed= 53 ts=50000: final=990152.96, sharpe=-0.2512, max_dd=0.0176, preservation=0.9866 -> baseline__QQQ__seed53__phase2.json
QQQ   seed= 67 ts=50000: final=992844.71, sharpe=-0.2073, max_dd=0.0162, preservation=0.9893 -> baseline__QQQ__seed67__phase2.json
QQQ   seed= 89 ts=50000: final=992844.71, sharpe=-0.2073, max_dd=0.0162, preservation=0.9893 -> baseline__QQQ__seed89__phase2.json
REGN  seed=  7 ts=50000: final=1007365.15, sharpe=0.3449, max_dd=0.0040, preservation=0.9967 -> baseline__REGN__seed7__phase2.json
REGN  seed= 13 ts=50000: final=1121580.58, sharpe=0.1830, max_dd=0.3910, preservation=0.7606 -> baseline__REGN__seed13__phase2.json
REGN  seed= 19 ts=50000: final=1136309.30, sharpe=0.2031, max_dd=0.3892, preservation=0.7738 -> baseline__REGN__seed19__phase2.json
REGN  seed= 23 ts=50000: final=1032315.85, sharpe=0.3771, max_dd=0.0352, preservation=0.9648 -> baseline__REGN__seed23__phase2.json
REGN  seed= 29 ts=50000: final=1051638.00, sharpe=0.5260, max_dd=0.0331, preservation=0.9669 -> baseline__REGN__seed29__phase2.json
REGN  seed= 37 ts=50000: final=1007266.61, sharpe=0.3359, max_dd=0.0038, preservation=0.9969 -> baseline__REGN__seed37__phase2.json
REGN  seed= 42 ts=50000: final=1095549.29, sharpe=0.2552, max_dd=0.1709, preservation=0.8632 -> baseline__REGN__seed42__phase2.json
REGN  seed= 53 ts=50000: final=1126722.97, sharpe=0.1960, max_dd=0.3801, preservation=0.7667 -> baseline__REGN__seed53__phase2.json
REGN  seed= 67 ts=50000: final=1009253.56, sharpe=0.0471, max_dd=0.1334, preservation=0.9180 -> baseline__REGN__seed67__phase2.json
REGN  seed= 89 ts=50000: final=1075707.69, sharpe=0.8061, max_dd=0.0284, preservation=0.9948 -> baseline__REGN__seed89__phase2.json
RY    seed=  7 ts=50000: final=1000023.20, sharpe=0.0028, max_dd=0.0029, preservation=0.9973 -> baseline__RY__seed7__phase2.json
RY    seed= 13 ts=50000: final=999658.71, sharpe=-0.0408, max_dd=0.0031, preservation=0.9969 -> baseline__RY__seed13__phase2.json
RY    seed= 19 ts=50000: final=1000516.90, sharpe=0.0637, max_dd=0.0029, preservation=0.9978 -> baseline__RY__seed19__phase2.json
RY    seed= 23 ts=50000: final=999560.56, sharpe=-0.0523, max_dd=0.0032, preservation=0.9968 -> baseline__RY__seed23__phase2.json
RY    seed= 29 ts=50000: final=1000570.71, sharpe=0.0703, max_dd=0.0029, preservation=0.9979 -> baseline__RY__seed29__phase2.json
RY    seed= 37 ts=50000: final=998518.82, sharpe=-0.1220, max_dd=0.0047, preservation=0.9954 -> baseline__RY__seed37__phase2.json
RY    seed= 42 ts=50000: final=1000516.90, sharpe=0.0637, max_dd=0.0029, preservation=0.9978 -> baseline__RY__seed42__phase2.json
RY    seed= 53 ts=50000: final=998409.57, sharpe=-0.1529, max_dd=0.0043, preservation=0.9957 -> baseline__RY__seed53__phase2.json
RY    seed= 67 ts=50000: final=999577.48, sharpe=-0.0504, max_dd=0.0031, preservation=0.9969 -> baseline__RY__seed67__phase2.json
RY    seed= 89 ts=50000: final=999983.57, sharpe=-0.0019, max_dd=0.0029, preservation=0.9973 -> baseline__RY__seed89__phase2.json
RYTM  seed=  7 ts=50000: final=1059493.74, sharpe=0.1587, max_dd=0.1340, preservation=0.8669 -> baseline__RYTM__seed7__phase2.json
RYTM  seed= 13 ts=50000: final=795489.80, sharpe=-0.4882, max_dd=0.3842, preservation=0.6210 -> baseline__RYTM__seed13__phase2.json
RYTM  seed= 19 ts=50000: final=1193672.44, sharpe=0.2963, max_dd=0.3820, preservation=0.9325 -> baseline__RYTM__seed19__phase2.json
RYTM  seed= 23 ts=50000: final=753834.49, sharpe=-0.5602, max_dd=0.4301, preservation=0.5800 -> baseline__RYTM__seed23__phase2.json
RYTM  seed= 29 ts=50000: final=7846606.09, sharpe=0.9699, max_dd=0.4586, preservation=0.9595 -> baseline__RYTM__seed29__phase2.json
RYTM  seed= 37 ts=50000: final=725388.96, sharpe=-0.6342, max_dd=0.4477, preservation=0.5605 -> baseline__RYTM__seed37__phase2.json
RYTM  seed= 42 ts=50000: final=727395.50, sharpe=-0.6288, max_dd=0.4415, preservation=0.5597 -> baseline__RYTM__seed42__phase2.json
RYTM  seed= 53 ts=50000: final=808147.86, sharpe=-0.4717, max_dd=0.3813, preservation=0.6474 -> baseline__RYTM__seed53__phase2.json
RYTM  seed= 67 ts=50000: final=980768.71, sharpe=-0.1472, max_dd=0.0720, preservation=0.9808 -> baseline__RYTM__seed67__phase2.json
RYTM  seed= 89 ts=50000: final=1132345.87, sharpe=0.3285, max_dd=0.1071, preservation=0.8992 -> baseline__RYTM__seed89__phase2.json
SAP   seed=  7 ts=50000: final=993265.24, sharpe=-0.2744, max_dd=0.0123, preservation=0.9933 -> baseline__SAP__seed7__phase2.json
SAP   seed= 13 ts=50000: final=993265.24, sharpe=-0.2744, max_dd=0.0123, preservation=0.9933 -> baseline__SAP__seed13__phase2.json
SAP   seed= 19 ts=50000: final=993265.24, sharpe=-0.2744, max_dd=0.0123, preservation=0.9933 -> baseline__SAP__seed19__phase2.json
SAP   seed= 23 ts=50000: final=993265.24, sharpe=-0.2744, max_dd=0.0123, preservation=0.9933 -> baseline__SAP__seed23__phase2.json
SAP   seed= 29 ts=50000: final=993265.24, sharpe=-0.2744, max_dd=0.0123, preservation=0.9933 -> baseline__SAP__seed29__phase2.json
SAP   seed= 37 ts=50000: final=992666.09, sharpe=-0.2821, max_dd=0.0126, preservation=0.9927 -> baseline__SAP__seed37__phase2.json
SAP   seed= 42 ts=50000: final=993265.24, sharpe=-0.2744, max_dd=0.0123, preservation=0.9933 -> baseline__SAP__seed42__phase2.json
SAP   seed= 53 ts=50000: final=993265.24, sharpe=-0.2744, max_dd=0.0123, preservation=0.9933 -> baseline__SAP__seed53__phase2.json
SAP   seed= 67 ts=50000: final=993046.02, sharpe=-0.2830, max_dd=0.0123, preservation=0.9930 -> baseline__SAP__seed67__phase2.json
SAP   seed= 89 ts=50000: final=993265.24, sharpe=-0.2744, max_dd=0.0123, preservation=0.9933 -> baseline__SAP__seed89__phase2.json
SCHB  seed=  7 ts=50000: final=997334.56, sharpe=-0.1293, max_dd=0.0095, preservation=0.9947 -> baseline__SCHB__seed7__phase2.json
SCHB  seed= 13 ts=50000: final=997165.09, sharpe=-0.1334, max_dd=0.0095, preservation=0.9945 -> baseline__SCHB__seed13__phase2.json
SCHB  seed= 19 ts=50000: final=996873.51, sharpe=-0.1515, max_dd=0.0095, preservation=0.9942 -> baseline__SCHB__seed19__phase2.json
SCHB  seed= 23 ts=50000: final=997334.56, sharpe=-0.1293, max_dd=0.0095, preservation=0.9947 -> baseline__SCHB__seed23__phase2.json
SCHB  seed= 29 ts=50000: final=997334.56, sharpe=-0.1293, max_dd=0.0095, preservation=0.9947 -> baseline__SCHB__seed29__phase2.json
SCHB  seed= 37 ts=50000: final=994885.82, sharpe=-0.1766, max_dd=0.0108, preservation=0.9919 -> baseline__SCHB__seed37__phase2.json
SCHB  seed= 42 ts=50000: final=997334.56, sharpe=-0.1293, max_dd=0.0095, preservation=0.9947 -> baseline__SCHB__seed42__phase2.json
SCHB  seed= 53 ts=50000: final=993522.12, sharpe=-0.2390, max_dd=0.0108, preservation=0.9909 -> baseline__SCHB__seed53__phase2.json
SCHB  seed= 67 ts=50000: final=997334.56, sharpe=-0.1293, max_dd=0.0095, preservation=0.9947 -> baseline__SCHB__seed67__phase2.json
SCHB  seed= 89 ts=50000: final=997334.56, sharpe=-0.1293, max_dd=0.0095, preservation=0.9947 -> baseline__SCHB__seed89__phase2.json
SCHD  seed=  7 ts=50000: final=999070.04, sharpe=-0.0749, max_dd=0.0058, preservation=0.9955 -> baseline__SCHD__seed7__phase2.json
SCHD  seed= 13 ts=50000: final=999491.53, sharpe=-0.0417, max_dd=0.0058, preservation=0.9959 -> baseline__SCHD__seed13__phase2.json
SCHD  seed= 19 ts=50000: final=999684.59, sharpe=-0.0261, max_dd=0.0058, preservation=0.9961 -> baseline__SCHD__seed19__phase2.json
SCHD  seed= 23 ts=50000: final=999355.04, sharpe=-0.0526, max_dd=0.0058, preservation=0.9958 -> baseline__SCHD__seed23__phase2.json
SCHD  seed= 29 ts=50000: final=999601.20, sharpe=-0.0330, max_dd=0.0058, preservation=0.9960 -> baseline__SCHD__seed29__phase2.json
SCHD  seed= 37 ts=50000: final=996534.22, sharpe=-0.1989, max_dd=0.0081, preservation=0.9925 -> baseline__SCHD__seed37__phase2.json
SCHD  seed= 42 ts=50000: final=999766.60, sharpe=-0.0193, max_dd=0.0058, preservation=0.9962 -> baseline__SCHD__seed42__phase2.json
SCHD  seed= 53 ts=50000: final=996661.69, sharpe=-0.2199, max_dd=0.0069, preservation=0.9931 -> baseline__SCHD__seed53__phase2.json
SCHD  seed= 67 ts=50000: final=999489.85, sharpe=-0.0418, max_dd=0.0058, preservation=0.9959 -> baseline__SCHD__seed67__phase2.json
SCHD  seed= 89 ts=50000: final=999672.29, sharpe=-0.0266, max_dd=0.0058, preservation=0.9961 -> baseline__SCHD__seed89__phase2.json
SCHF  seed=  7 ts=50000: final=1000450.54, sharpe=0.0298, max_dd=0.0062, preservation=0.9969 -> baseline__SCHF__seed7__phase2.json
SCHF  seed= 13 ts=50000: final=1000330.37, sharpe=0.0211, max_dd=0.0062, preservation=0.9968 -> baseline__SCHF__seed13__phase2.json
SCHF  seed= 19 ts=50000: final=1000084.33, sharpe=0.0057, max_dd=0.0062, preservation=0.9966 -> baseline__SCHF__seed19__phase2.json
SCHF  seed= 23 ts=50000: final=1000461.23, sharpe=0.0297, max_dd=0.0062, preservation=0.9970 -> baseline__SCHF__seed23__phase2.json
SCHF  seed= 29 ts=50000: final=1000449.18, sharpe=0.0306, max_dd=0.0062, preservation=0.9969 -> baseline__SCHF__seed29__phase2.json
SCHF  seed= 37 ts=50000: final=999315.58, sharpe=-0.0285, max_dd=0.0090, preservation=0.9928 -> baseline__SCHF__seed37__phase2.json
SCHF  seed= 42 ts=50000: final=999480.17, sharpe=-0.0253, max_dd=0.0073, preservation=0.9951 -> baseline__SCHF__seed42__phase2.json
SCHF  seed= 53 ts=50000: final=997301.83, sharpe=-0.1267, max_dd=0.0076, preservation=0.9924 -> baseline__SCHF__seed53__phase2.json
SCHF  seed= 67 ts=50000: final=1000449.18, sharpe=0.0306, max_dd=0.0062, preservation=0.9969 -> baseline__SCHF__seed67__phase2.json
SCHF  seed= 89 ts=50000: final=1000557.89, sharpe=0.0377, max_dd=0.0062, preservation=0.9971 -> baseline__SCHF__seed89__phase2.json
SCHG  seed=  7 ts=50000: final=993862.91, sharpe=-0.1887, max_dd=0.0150, preservation=0.9915 -> baseline__SCHG__seed7__phase2.json
SCHG  seed= 13 ts=50000: final=993506.67, sharpe=-0.1957, max_dd=0.0150, preservation=0.9911 -> baseline__SCHG__seed13__phase2.json
SCHG  seed= 19 ts=50000: final=993278.14, sharpe=-0.2066, max_dd=0.0150, preservation=0.9909 -> baseline__SCHG__seed19__phase2.json
SCHG  seed= 23 ts=50000: final=993862.91, sharpe=-0.1887, max_dd=0.0150, preservation=0.9915 -> baseline__SCHG__seed23__phase2.json
SCHG  seed= 29 ts=50000: final=993862.91, sharpe=-0.1887, max_dd=0.0150, preservation=0.9915 -> baseline__SCHG__seed29__phase2.json
SCHG  seed= 37 ts=50000: final=990492.97, sharpe=-0.2180, max_dd=0.0170, preservation=0.9878 -> baseline__SCHG__seed37__phase2.json
SCHG  seed= 42 ts=50000: final=993862.91, sharpe=-0.1887, max_dd=0.0150, preservation=0.9915 -> baseline__SCHG__seed42__phase2.json
SCHG  seed= 53 ts=50000: final=987815.29, sharpe=-0.2877, max_dd=0.0170, preservation=0.9854 -> baseline__SCHG__seed53__phase2.json
SCHG  seed= 67 ts=50000: final=993862.91, sharpe=-0.1887, max_dd=0.0150, preservation=0.9915 -> baseline__SCHG__seed67__phase2.json
SCHG  seed= 89 ts=50000: final=993862.91, sharpe=-0.1887, max_dd=0.0150, preservation=0.9915 -> baseline__SCHG__seed89__phase2.json
SCHK  seed=  7 ts=50000: final=997803.65, sharpe=-0.1010, max_dd=0.0098, preservation=0.9942 -> baseline__SCHK__seed7__phase2.json
SCHK  seed= 13 ts=50000: final=997630.12, sharpe=-0.1056, max_dd=0.0098, preservation=0.9940 -> baseline__SCHK__seed13__phase2.json
SCHK  seed= 19 ts=50000: final=997342.76, sharpe=-0.1221, max_dd=0.0098, preservation=0.9937 -> baseline__SCHK__seed19__phase2.json
SCHK  seed= 23 ts=50000: final=997820.32, sharpe=-0.1002, max_dd=0.0098, preservation=0.9942 -> baseline__SCHK__seed23__phase2.json
SCHK  seed= 29 ts=50000: final=997820.32, sharpe=-0.1002, max_dd=0.0098, preservation=0.9942 -> baseline__SCHK__seed29__phase2.json
SCHK  seed= 37 ts=50000: final=994577.70, sharpe=-0.1745, max_dd=0.0111, preservation=0.9905 -> baseline__SCHK__seed37__phase2.json
SCHK  seed= 42 ts=50000: final=997820.32, sharpe=-0.1002, max_dd=0.0098, preservation=0.9942 -> baseline__SCHK__seed42__phase2.json
SCHK  seed= 53 ts=50000: final=994120.32, sharpe=-0.2094, max_dd=0.0111, preservation=0.9905 -> baseline__SCHK__seed53__phase2.json
SCHK  seed= 67 ts=50000: final=997820.32, sharpe=-0.1002, max_dd=0.0098, preservation=0.9942 -> baseline__SCHK__seed67__phase2.json
SCHK  seed= 89 ts=50000: final=997821.74, sharpe=-0.1001, max_dd=0.0098, preservation=0.9942 -> baseline__SCHK__seed89__phase2.json
SCHV  seed=  7 ts=50000: final=1000240.02, sharpe=0.0178, max_dd=0.0057, preservation=0.9964 -> baseline__SCHV__seed7__phase2.json
SCHV  seed= 13 ts=50000: final=1000165.81, sharpe=0.0122, max_dd=0.0057, preservation=0.9963 -> baseline__SCHV__seed13__phase2.json
SCHV  seed= 19 ts=50000: final=1000063.10, sharpe=0.0047, max_dd=0.0057, preservation=0.9962 -> baseline__SCHV__seed19__phase2.json
SCHV  seed= 23 ts=50000: final=1000139.07, sharpe=0.0102, max_dd=0.0057, preservation=0.9963 -> baseline__SCHV__seed23__phase2.json
SCHV  seed= 29 ts=50000: final=1000240.02, sharpe=0.0178, max_dd=0.0057, preservation=0.9964 -> baseline__SCHV__seed29__phase2.json
SCHV  seed= 37 ts=50000: final=998319.90, sharpe=-0.0882, max_dd=0.0068, preservation=0.9940 -> baseline__SCHV__seed37__phase2.json
SCHV  seed= 42 ts=50000: final=1000240.02, sharpe=0.0178, max_dd=0.0057, preservation=0.9964 -> baseline__SCHV__seed42__phase2.json
SCHV  seed= 53 ts=50000: final=997120.15, sharpe=-0.1606, max_dd=0.0067, preservation=0.9933 -> baseline__SCHV__seed53__phase2.json
SCHV  seed= 67 ts=50000: final=1000240.02, sharpe=0.0178, max_dd=0.0057, preservation=0.9964 -> baseline__SCHV__seed67__phase2.json
SCHV  seed= 89 ts=50000: final=1000241.66, sharpe=0.0180, max_dd=0.0057, preservation=0.9964 -> baseline__SCHV__seed89__phase2.json
SCHW  seed=  7 ts=50000: final=1000438.45, sharpe=0.0110, max_dd=0.0201, preservation=0.9821 -> baseline__SCHW__seed7__phase2.json
SCHW  seed= 13 ts=50000: final=1008917.78, sharpe=0.3157, max_dd=0.0065, preservation=0.9954 -> baseline__SCHW__seed13__phase2.json
SCHW  seed= 19 ts=50000: final=1012191.93, sharpe=0.4384, max_dd=0.0065, preservation=0.9986 -> baseline__SCHW__seed19__phase2.json
SCHW  seed= 23 ts=50000: final=997049.52, sharpe=-0.0790, max_dd=0.0196, preservation=0.9804 -> baseline__SCHW__seed23__phase2.json
SCHW  seed= 29 ts=50000: final=999211.10, sharpe=-0.0204, max_dd=0.0171, preservation=0.9829 -> baseline__SCHW__seed29__phase2.json
SCHW  seed= 37 ts=50000: final=1005177.59, sharpe=0.1192, max_dd=0.0173, preservation=0.9828 -> baseline__SCHW__seed37__phase2.json
SCHW  seed= 42 ts=50000: final=1012028.49, sharpe=0.4245, max_dd=0.0065, preservation=0.9977 -> baseline__SCHW__seed42__phase2.json
SCHW  seed= 53 ts=50000: final=1012191.93, sharpe=0.4384, max_dd=0.0065, preservation=0.9986 -> baseline__SCHW__seed53__phase2.json
SCHW  seed= 67 ts=50000: final=1005505.06, sharpe=0.1808, max_dd=0.0096, preservation=0.9904 -> baseline__SCHW__seed67__phase2.json
SCHW  seed= 89 ts=50000: final=1012235.90, sharpe=0.4381, max_dd=0.0065, preservation=0.9985 -> baseline__SCHW__seed89__phase2.json
SLV   seed=  7 ts=50000: final=1021516.04, sharpe=0.2138, max_dd=0.0548, preservation=0.9453 -> baseline__SLV__seed7__phase2.json
SLV   seed= 13 ts=50000: final=1013086.40, sharpe=0.1200, max_dd=0.0707, preservation=0.9358 -> baseline__SLV__seed13__phase2.json
SLV   seed= 19 ts=50000: final=1050397.13, sharpe=0.5651, max_dd=0.0301, preservation=0.9724 -> baseline__SLV__seed19__phase2.json
SLV   seed= 23 ts=50000: final=1041957.78, sharpe=0.5685, max_dd=0.0234, preservation=0.9772 -> baseline__SLV__seed23__phase2.json
SLV   seed= 29 ts=50000: final=2026093.51, sharpe=1.1154, max_dd=0.1778, preservation=0.9458 -> baseline__SLV__seed29__phase2.json
SLV   seed= 37 ts=50000: final=1040660.46, sharpe=0.5299, max_dd=0.0279, preservation=0.9731 -> baseline__SLV__seed37__phase2.json
SLV   seed= 42 ts=50000: final=990734.79, sharpe=-0.0741, max_dd=0.0983, preservation=0.9154 -> baseline__SLV__seed42__phase2.json
SLV   seed= 53 ts=50000: final=1019895.56, sharpe=0.2353, max_dd=0.0475, preservation=0.9552 -> baseline__SLV__seed53__phase2.json
SLV   seed= 67 ts=50000: final=1037506.81, sharpe=0.8717, max_dd=0.0066, preservation=0.9961 -> baseline__SLV__seed67__phase2.json
SLV   seed= 89 ts=50000: final=991442.16, sharpe=-0.0371, max_dd=0.1702, preservation=0.9148 -> baseline__SLV__seed89__phase2.json
SNY   seed=  7 ts=50000: final=1009351.29, sharpe=0.3272, max_dd=0.0099, preservation=0.9930 -> baseline__SNY__seed7__phase2.json
SNY   seed= 13 ts=50000: final=1007842.24, sharpe=0.2862, max_dd=0.0090, preservation=0.9928 -> baseline__SNY__seed13__phase2.json
SNY   seed= 19 ts=50000: final=1013040.61, sharpe=0.5114, max_dd=0.0047, preservation=0.9973 -> baseline__SNY__seed19__phase2.json
SNY   seed= 23 ts=50000: final=1009899.51, sharpe=0.4981, max_dd=0.0032, preservation=0.9980 -> baseline__SNY__seed23__phase2.json
SNY   seed= 29 ts=50000: final=1010465.23, sharpe=0.4510, max_dd=0.0056, preservation=0.9968 -> baseline__SNY__seed29__phase2.json
SNY   seed= 37 ts=50000: final=1012334.76, sharpe=0.4105, max_dd=0.0085, preservation=0.9944 -> baseline__SNY__seed37__phase2.json
SNY   seed= 42 ts=50000: final=1009245.72, sharpe=0.3605, max_dd=0.0066, preservation=0.9934 -> baseline__SNY__seed42__phase2.json
SNY   seed= 53 ts=50000: final=1009456.63, sharpe=0.3831, max_dd=0.0057, preservation=0.9945 -> baseline__SNY__seed53__phase2.json
SNY   seed= 67 ts=50000: final=1006129.29, sharpe=0.2336, max_dd=0.0087, preservation=0.9913 -> baseline__SNY__seed67__phase2.json
SNY   seed= 89 ts=50000: final=1011988.49, sharpe=0.4430, max_dd=0.0075, preservation=0.9959 -> baseline__SNY__seed89__phase2.json
SPOT  seed=  7 ts=50000: final=928788.72, sharpe=-0.4946, max_dd=0.0878, preservation=0.9288 -> baseline__SPOT__seed7__phase2.json
SPOT  seed= 13 ts=50000: final=931913.35, sharpe=-0.4739, max_dd=0.0878, preservation=0.9319 -> baseline__SPOT__seed13__phase2.json
SPOT  seed= 19 ts=50000: final=929410.24, sharpe=-0.4945, max_dd=0.0878, preservation=0.9294 -> baseline__SPOT__seed19__phase2.json
SPOT  seed= 23 ts=50000: final=931920.15, sharpe=-0.4739, max_dd=0.0878, preservation=0.9319 -> baseline__SPOT__seed23__phase2.json
SPOT  seed= 29 ts=50000: final=929410.24, sharpe=-0.4945, max_dd=0.0878, preservation=0.9294 -> baseline__SPOT__seed29__phase2.json
SPOT  seed= 37 ts=50000: final=924549.89, sharpe=-0.4569, max_dd=0.0965, preservation=0.9245 -> baseline__SPOT__seed37__phase2.json
SPOT  seed= 42 ts=50000: final=929410.24, sharpe=-0.4945, max_dd=0.0878, preservation=0.9294 -> baseline__SPOT__seed42__phase2.json
SPOT  seed= 53 ts=50000: final=927428.54, sharpe=-0.4623, max_dd=0.0935, preservation=0.9274 -> baseline__SPOT__seed53__phase2.json
SPOT  seed= 67 ts=50000: final=929410.24, sharpe=-0.4945, max_dd=0.0878, preservation=0.9294 -> baseline__SPOT__seed67__phase2.json
SPOT  seed= 89 ts=50000: final=927566.97, sharpe=-0.4933, max_dd=0.0878, preservation=0.9276 -> baseline__SPOT__seed89__phase2.json
SPY   seed=  7 ts=50000: final=997943.11, sharpe=-0.0970, max_dd=0.0094, preservation=0.9936 -> baseline__SPY__seed7__phase2.json
SPY   seed= 13 ts=50000: final=997679.43, sharpe=-0.1072, max_dd=0.0094, preservation=0.9934 -> baseline__SPY__seed13__phase2.json
SPY   seed= 19 ts=50000: final=997465.83, sharpe=-0.1194, max_dd=0.0094, preservation=0.9932 -> baseline__SPY__seed19__phase2.json
SPY   seed= 23 ts=50000: final=997943.11, sharpe=-0.0970, max_dd=0.0094, preservation=0.9936 -> baseline__SPY__seed23__phase2.json
SPY   seed= 29 ts=50000: final=997943.11, sharpe=-0.0970, max_dd=0.0094, preservation=0.9936 -> baseline__SPY__seed29__phase2.json
SPY   seed= 37 ts=50000: final=994412.87, sharpe=-0.1892, max_dd=0.0115, preservation=0.9896 -> baseline__SPY__seed37__phase2.json
SPY   seed= 42 ts=50000: final=997943.11, sharpe=-0.0970, max_dd=0.0094, preservation=0.9936 -> baseline__SPY__seed42__phase2.json
SPY   seed= 53 ts=50000: final=994065.54, sharpe=-0.2243, max_dd=0.0106, preservation=0.9898 -> baseline__SPY__seed53__phase2.json
SPY   seed= 67 ts=50000: final=997943.11, sharpe=-0.0970, max_dd=0.0094, preservation=0.9936 -> baseline__SPY__seed67__phase2.json
SPY   seed= 89 ts=50000: final=997938.41, sharpe=-0.0969, max_dd=0.0094, preservation=0.9936 -> baseline__SPY__seed89__phase2.json
SPYG  seed=  7 ts=50000: final=995121.18, sharpe=-0.1499, max_dd=0.0147, preservation=0.9901 -> baseline__SPYG__seed7__phase2.json
SPYG  seed= 13 ts=50000: final=994822.20, sharpe=-0.1571, max_dd=0.0147, preservation=0.9898 -> baseline__SPYG__seed13__phase2.json
SPYG  seed= 19 ts=50000: final=994506.63, sharpe=-0.1687, max_dd=0.0147, preservation=0.9895 -> baseline__SPYG__seed19__phase2.json
SPYG  seed= 23 ts=50000: final=995121.18, sharpe=-0.1499, max_dd=0.0147, preservation=0.9901 -> baseline__SPYG__seed23__phase2.json
SPYG  seed= 29 ts=50000: final=995121.18, sharpe=-0.1499, max_dd=0.0147, preservation=0.9901 -> baseline__SPYG__seed29__phase2.json
SPYG  seed= 37 ts=50000: final=991259.90, sharpe=-0.2112, max_dd=0.0167, preservation=0.9857 -> baseline__SPYG__seed37__phase2.json
SPYG  seed= 42 ts=50000: final=995121.18, sharpe=-0.1499, max_dd=0.0147, preservation=0.9901 -> baseline__SPYG__seed42__phase2.json
SPYG  seed= 53 ts=50000: final=990176.87, sharpe=-0.2498, max_dd=0.0166, preservation=0.9852 -> baseline__SPYG__seed53__phase2.json
SPYG  seed= 67 ts=50000: final=995115.44, sharpe=-0.1500, max_dd=0.0147, preservation=0.9901 -> baseline__SPYG__seed67__phase2.json
SPYG  seed= 89 ts=50000: final=995010.60, sharpe=-0.1520, max_dd=0.0147, preservation=0.9900 -> baseline__SPYG__seed89__phase2.json
SPYV  seed=  7 ts=50000: final=1000259.78, sharpe=0.0259, max_dd=0.0046, preservation=0.9974 -> baseline__SPYV__seed7__phase2.json
SPYV  seed= 13 ts=50000: final=1000252.13, sharpe=0.0242, max_dd=0.0046, preservation=0.9974 -> baseline__SPYV__seed13__phase2.json
SPYV  seed= 19 ts=50000: final=1000287.30, sharpe=0.0287, max_dd=0.0046, preservation=0.9974 -> baseline__SPYV__seed19__phase2.json
SPYV  seed= 23 ts=50000: final=1000260.93, sharpe=0.0251, max_dd=0.0046, preservation=0.9974 -> baseline__SPYV__seed23__phase2.json
SPYV  seed= 29 ts=50000: final=1000286.08, sharpe=0.0286, max_dd=0.0046, preservation=0.9974 -> baseline__SPYV__seed29__phase2.json
SPYV  seed= 37 ts=50000: final=998727.92, sharpe=-0.0833, max_dd=0.0058, preservation=0.9948 -> baseline__SPYV__seed37__phase2.json
SPYV  seed= 42 ts=50000: final=1000410.31, sharpe=0.0410, max_dd=0.0046, preservation=0.9975 -> baseline__SPYV__seed42__phase2.json
SPYV  seed= 53 ts=50000: final=998201.73, sharpe=-0.1310, max_dd=0.0051, preservation=0.9953 -> baseline__SPYV__seed53__phase2.json
SPYV  seed= 67 ts=50000: final=1000410.31, sharpe=0.0410, max_dd=0.0046, preservation=0.9975 -> baseline__SPYV__seed67__phase2.json
SPYV  seed= 89 ts=50000: final=1000410.31, sharpe=0.0410, max_dd=0.0046, preservation=0.9975 -> baseline__SPYV__seed89__phase2.json
SPYX  seed=  7 ts=50000: final=997421.99, sharpe=-0.1141, max_dd=0.0100, preservation=0.9931 -> baseline__SPYX__seed7__phase2.json
SPYX  seed= 13 ts=50000: final=997143.11, sharpe=-0.1243, max_dd=0.0100, preservation=0.9928 -> baseline__SPYX__seed13__phase2.json
SPYX  seed= 19 ts=50000: final=996942.46, sharpe=-0.1352, max_dd=0.0100, preservation=0.9926 -> baseline__SPYX__seed19__phase2.json
SPYX  seed= 23 ts=50000: final=997421.99, sharpe=-0.1141, max_dd=0.0100, preservation=0.9931 -> baseline__SPYX__seed23__phase2.json
SPYX  seed= 29 ts=50000: final=997421.99, sharpe=-0.1141, max_dd=0.0100, preservation=0.9931 -> baseline__SPYX__seed29__phase2.json
SPYX  seed= 37 ts=50000: final=994056.44, sharpe=-0.1930, max_dd=0.0121, preservation=0.9892 -> baseline__SPYX__seed37__phase2.json
SPYX  seed= 42 ts=50000: final=997421.99, sharpe=-0.1141, max_dd=0.0100, preservation=0.9931 -> baseline__SPYX__seed42__phase2.json
SPYX  seed= 53 ts=50000: final=994494.17, sharpe=-0.2067, max_dd=0.0111, preservation=0.9902 -> baseline__SPYX__seed53__phase2.json
SPYX  seed= 67 ts=50000: final=997421.99, sharpe=-0.1141, max_dd=0.0100, preservation=0.9931 -> baseline__SPYX__seed67__phase2.json
SPYX  seed= 89 ts=50000: final=997411.50, sharpe=-0.1140, max_dd=0.0100, preservation=0.9931 -> baseline__SPYX__seed89__phase2.json
TAN   seed=  7 ts=50000: final=1028190.59, sharpe=0.1269, max_dd=0.0671, preservation=0.9380 -> baseline__TAN__seed7__phase2.json
TAN   seed= 13 ts=50000: final=830692.79, sharpe=-0.3156, max_dd=0.3095, preservation=0.6986 -> baseline__TAN__seed13__phase2.json
TAN   seed= 19 ts=50000: final=1070152.93, sharpe=0.2450, max_dd=0.1151, preservation=0.9728 -> baseline__TAN__seed19__phase2.json
TAN   seed= 23 ts=50000: final=860840.70, sharpe=-0.2214, max_dd=0.4041, preservation=0.7227 -> baseline__TAN__seed23__phase2.json
TAN   seed= 29 ts=50000: final=856760.05, sharpe=-0.2836, max_dd=0.3077, preservation=0.7204 -> baseline__TAN__seed29__phase2.json
TAN   seed= 37 ts=50000: final=856919.42, sharpe=-0.2843, max_dd=0.2946, preservation=0.7199 -> baseline__TAN__seed37__phase2.json
TAN   seed= 42 ts=50000: final=750111.68, sharpe=-0.4523, max_dd=0.3742, preservation=0.6298 -> baseline__TAN__seed42__phase2.json
TAN   seed= 53 ts=50000: final=1064348.42, sharpe=0.2008, max_dd=0.1292, preservation=0.9629 -> baseline__TAN__seed53__phase2.json
TAN   seed= 67 ts=50000: final=1045923.18, sharpe=0.2751, max_dd=0.0467, preservation=0.9864 -> baseline__TAN__seed67__phase2.json
TAN   seed= 89 ts=50000: final=1085147.45, sharpe=0.2002, max_dd=0.1449, preservation=0.9233 -> baseline__TAN__seed89__phase2.json
TMUS  seed=  7 ts=50000: final=1123279.13, sharpe=0.5075, max_dd=0.0517, preservation=0.9758 -> baseline__TMUS__seed7__phase2.json
TMUS  seed= 13 ts=50000: final=1427705.36, sharpe=0.6688, max_dd=0.1843, preservation=0.8354 -> baseline__TMUS__seed13__phase2.json
TMUS  seed= 19 ts=50000: final=1445654.47, sharpe=0.6743, max_dd=0.1909, preservation=0.8296 -> baseline__TMUS__seed19__phase2.json
TMUS  seed= 23 ts=50000: final=1459731.40, sharpe=0.6696, max_dd=0.1981, preservation=0.8231 -> baseline__TMUS__seed23__phase2.json
TMUS  seed= 29 ts=50000: final=1447174.01, sharpe=0.6720, max_dd=0.1901, preservation=0.8303 -> baseline__TMUS__seed29__phase2.json
TMUS  seed= 37 ts=50000: final=1112956.16, sharpe=0.5452, max_dd=0.0449, preservation=0.9864 -> baseline__TMUS__seed37__phase2.json
TMUS  seed= 42 ts=50000: final=1458580.95, sharpe=0.6708, max_dd=0.1969, preservation=0.8242 -> baseline__TMUS__seed42__phase2.json
TMUS  seed= 53 ts=50000: final=1132547.15, sharpe=0.3960, max_dd=0.0809, preservation=0.9530 -> baseline__TMUS__seed53__phase2.json
TMUS  seed= 67 ts=50000: final=1161915.80, sharpe=0.5688, max_dd=0.0556, preservation=0.9852 -> baseline__TMUS__seed67__phase2.json
TMUS  seed= 89 ts=50000: final=1435036.18, sharpe=0.6691, max_dd=0.1827, preservation=0.8368 -> baseline__TMUS__seed89__phase2.json
TSLA  seed=  7 ts=50000: final=986694.03, sharpe=-0.2708, max_dd=0.0222, preservation=0.9867 -> baseline__TSLA__seed7__phase2.json
TSLA  seed= 13 ts=50000: final=990284.53, sharpe=-0.2590, max_dd=0.0186, preservation=0.9903 -> baseline__TSLA__seed13__phase2.json
TSLA  seed= 19 ts=50000: final=991471.52, sharpe=-0.2291, max_dd=0.0186, preservation=0.9915 -> baseline__TSLA__seed19__phase2.json
TSLA  seed= 23 ts=50000: final=987438.77, sharpe=-0.3279, max_dd=0.0186, preservation=0.9874 -> baseline__TSLA__seed23__phase2.json
TSLA  seed= 29 ts=50000: final=990598.16, sharpe=-0.2525, max_dd=0.0186, preservation=0.9906 -> baseline__TSLA__seed29__phase2.json
TSLA  seed= 37 ts=50000: final=985636.16, sharpe=-0.2895, max_dd=0.0208, preservation=0.9856 -> baseline__TSLA__seed37__phase2.json
TSLA  seed= 42 ts=50000: final=991471.52, sharpe=-0.2291, max_dd=0.0186, preservation=0.9915 -> baseline__TSLA__seed42__phase2.json
TSLA  seed= 53 ts=50000: final=990808.99, sharpe=-0.2460, max_dd=0.0186, preservation=0.9908 -> baseline__TSLA__seed53__phase2.json
TSLA  seed= 67 ts=50000: final=991471.52, sharpe=-0.2291, max_dd=0.0186, preservation=0.9915 -> baseline__TSLA__seed67__phase2.json
TSLA  seed= 89 ts=50000: final=949174.31, sharpe=-0.3454, max_dd=0.0804, preservation=0.9492 -> baseline__TSLA__seed89__phase2.json
TSM   seed=  7 ts=50000: final=999320.83, sharpe=-0.0225, max_dd=0.0139, preservation=0.9954 -> baseline__TSM__seed7__phase2.json
TSM   seed= 13 ts=50000: final=992233.53, sharpe=-0.1904, max_dd=0.0160, preservation=0.9881 -> baseline__TSM__seed13__phase2.json
TSM   seed= 19 ts=50000: final=999320.83, sharpe=-0.0225, max_dd=0.0139, preservation=0.9954 -> baseline__TSM__seed19__phase2.json
TSM   seed= 23 ts=50000: final=999142.23, sharpe=-0.0280, max_dd=0.0139, preservation=0.9952 -> baseline__TSM__seed23__phase2.json
TSM   seed= 29 ts=50000: final=999018.44, sharpe=-0.0325, max_dd=0.0139, preservation=0.9951 -> baseline__TSM__seed29__phase2.json
TSM   seed= 37 ts=50000: final=998969.88, sharpe=-0.0251, max_dd=0.0158, preservation=0.9919 -> baseline__TSM__seed37__phase2.json
TSM   seed= 42 ts=50000: final=999320.83, sharpe=-0.0225, max_dd=0.0139, preservation=0.9954 -> baseline__TSM__seed42__phase2.json
TSM   seed= 53 ts=50000: final=996272.78, sharpe=-0.0993, max_dd=0.0157, preservation=0.9920 -> baseline__TSM__seed53__phase2.json
TSM   seed= 67 ts=50000: final=999320.83, sharpe=-0.0225, max_dd=0.0139, preservation=0.9954 -> baseline__TSM__seed67__phase2.json
TSM   seed= 89 ts=50000: final=1000075.11, sharpe=0.0025, max_dd=0.0139, preservation=0.9961 -> baseline__TSM__seed89__phase2.json
V     seed=  7 ts=50000: final=994454.28, sharpe=-0.2760, max_dd=0.0127, preservation=0.9886 -> baseline__V__seed7__phase2.json
V     seed= 13 ts=50000: final=991395.71, sharpe=-0.3693, max_dd=0.0145, preservation=0.9856 -> baseline__V__seed13__phase2.json
V     seed= 19 ts=50000: final=993767.95, sharpe=-0.3009, max_dd=0.0131, preservation=0.9879 -> baseline__V__seed19__phase2.json
V     seed= 23 ts=50000: final=994075.08, sharpe=-0.2907, max_dd=0.0127, preservation=0.9883 -> baseline__V__seed23__phase2.json
V     seed= 29 ts=50000: final=994371.63, sharpe=-0.2801, max_dd=0.0127, preservation=0.9886 -> baseline__V__seed29__phase2.json
V     seed= 37 ts=50000: final=992043.51, sharpe=-0.3424, max_dd=0.0145, preservation=0.9859 -> baseline__V__seed37__phase2.json
V     seed= 42 ts=50000: final=994114.65, sharpe=-0.2871, max_dd=0.0127, preservation=0.9883 -> baseline__V__seed42__phase2.json
V     seed= 53 ts=50000: final=990804.51, sharpe=-0.3842, max_dd=0.0150, preservation=0.9850 -> baseline__V__seed53__phase2.json
V     seed= 67 ts=50000: final=993916.44, sharpe=-0.2959, max_dd=0.0127, preservation=0.9881 -> baseline__V__seed67__phase2.json
V     seed= 89 ts=50000: final=992029.47, sharpe=-0.3362, max_dd=0.0149, preservation=0.9862 -> baseline__V__seed89__phase2.json
VOO   seed=  7 ts=50000: final=997934.28, sharpe=-0.0986, max_dd=0.0093, preservation=0.9937 -> baseline__VOO__seed7__phase2.json
VOO   seed= 13 ts=50000: final=997708.89, sharpe=-0.1072, max_dd=0.0093, preservation=0.9935 -> baseline__VOO__seed13__phase2.json
VOO   seed= 19 ts=50000: final=997451.75, sharpe=-0.1215, max_dd=0.0093, preservation=0.9932 -> baseline__VOO__seed19__phase2.json
VOO   seed= 23 ts=50000: final=997934.28, sharpe=-0.0986, max_dd=0.0093, preservation=0.9937 -> baseline__VOO__seed23__phase2.json
VOO   seed= 29 ts=50000: final=997934.28, sharpe=-0.0986, max_dd=0.0093, preservation=0.9937 -> baseline__VOO__seed29__phase2.json
VOO   seed= 37 ts=50000: final=994538.25, sharpe=-0.1878, max_dd=0.0113, preservation=0.9898 -> baseline__VOO__seed37__phase2.json
VOO   seed= 42 ts=50000: final=997934.28, sharpe=-0.0986, max_dd=0.0093, preservation=0.9937 -> baseline__VOO__seed42__phase2.json
VOO   seed= 53 ts=50000: final=994247.88, sharpe=-0.2213, max_dd=0.0104, preservation=0.9900 -> baseline__VOO__seed53__phase2.json
VOO   seed= 67 ts=50000: final=997934.28, sharpe=-0.0986, max_dd=0.0093, preservation=0.9937 -> baseline__VOO__seed67__phase2.json
VOO   seed= 89 ts=50000: final=997931.63, sharpe=-0.0984, max_dd=0.0093, preservation=0.9937 -> baseline__VOO__seed89__phase2.json
VTI   seed=  7 ts=50000: final=997635.62, sharpe=-0.1141, max_dd=0.0095, preservation=0.9947 -> baseline__VTI__seed7__phase2.json
VTI   seed= 13 ts=50000: final=997435.36, sharpe=-0.1198, max_dd=0.0095, preservation=0.9945 -> baseline__VTI__seed13__phase2.json
VTI   seed= 19 ts=50000: final=997195.41, sharpe=-0.1353, max_dd=0.0095, preservation=0.9943 -> baseline__VTI__seed19__phase2.json
VTI   seed= 23 ts=50000: final=997659.41, sharpe=-0.1130, max_dd=0.0095, preservation=0.9948 -> baseline__VTI__seed23__phase2.json
VTI   seed= 29 ts=50000: final=997659.41, sharpe=-0.1130, max_dd=0.0095, preservation=0.9948 -> baseline__VTI__seed29__phase2.json
VTI   seed= 37 ts=50000: final=994725.44, sharpe=-0.1766, max_dd=0.0108, preservation=0.9912 -> baseline__VTI__seed37__phase2.json
VTI   seed= 42 ts=50000: final=997659.41, sharpe=-0.1130, max_dd=0.0095, preservation=0.9948 -> baseline__VTI__seed42__phase2.json
VTI   seed= 53 ts=50000: final=993914.70, sharpe=-0.2237, max_dd=0.0107, preservation=0.9910 -> baseline__VTI__seed53__phase2.json
VTI   seed= 67 ts=50000: final=997659.41, sharpe=-0.1130, max_dd=0.0095, preservation=0.9948 -> baseline__VTI__seed67__phase2.json
VTI   seed= 89 ts=50000: final=997659.41, sharpe=-0.1130, max_dd=0.0095, preservation=0.9948 -> baseline__VTI__seed89__phase2.json
VYM   seed=  7 ts=50000: final=999162.77, sharpe=-0.0700, max_dd=0.0045, preservation=0.9955 -> baseline__VYM__seed7__phase2.json
VYM   seed= 13 ts=50000: final=1000687.02, sharpe=0.0630, max_dd=0.0044, preservation=0.9970 -> baseline__VYM__seed13__phase2.json
VYM   seed= 19 ts=50000: final=1000679.11, sharpe=0.0627, max_dd=0.0044, preservation=0.9970 -> baseline__VYM__seed19__phase2.json
VYM   seed= 23 ts=50000: final=1000687.91, sharpe=0.0631, max_dd=0.0044, preservation=0.9970 -> baseline__VYM__seed23__phase2.json
VYM   seed= 29 ts=50000: final=1000639.75, sharpe=0.0590, max_dd=0.0044, preservation=0.9969 -> baseline__VYM__seed29__phase2.json
VYM   seed= 37 ts=50000: final=998470.70, sharpe=-0.1016, max_dd=0.0063, preservation=0.9943 -> baseline__VYM__seed37__phase2.json
VYM   seed= 42 ts=50000: final=1000830.54, sharpe=0.0767, max_dd=0.0044, preservation=0.9971 -> baseline__VYM__seed42__phase2.json
VYM   seed= 53 ts=50000: final=997659.81, sharpe=-0.1679, max_dd=0.0060, preservation=0.9940 -> baseline__VYM__seed53__phase2.json
VYM   seed= 67 ts=50000: final=1000830.54, sharpe=0.0767, max_dd=0.0044, preservation=0.9971 -> baseline__VYM__seed67__phase2.json
VYM   seed= 89 ts=50000: final=1000818.33, sharpe=0.0753, max_dd=0.0044, preservation=0.9971 -> baseline__VYM__seed89__phase2.json
VYMI  seed=  7 ts=50000: final=1001836.10, sharpe=0.1070, max_dd=0.0080, preservation=0.9920 -> baseline__VYMI__seed7__phase2.json
VYMI  seed= 13 ts=50000: final=1003229.06, sharpe=0.2716, max_dd=0.0039, preservation=0.9962 -> baseline__VYMI__seed13__phase2.json
VYMI  seed= 19 ts=50000: final=1004002.61, sharpe=0.4691, max_dd=0.0024, preservation=0.9995 -> baseline__VYMI__seed19__phase2.json
VYMI  seed= 23 ts=50000: final=1004188.32, sharpe=0.4670, max_dd=0.0024, preservation=0.9991 -> baseline__VYMI__seed23__phase2.json
VYMI  seed= 29 ts=50000: final=1003742.53, sharpe=0.4349, max_dd=0.0024, preservation=0.9992 -> baseline__VYMI__seed29__phase2.json
VYMI  seed= 37 ts=50000: final=1005039.41, sharpe=0.2940, max_dd=0.0064, preservation=0.9944 -> baseline__VYMI__seed37__phase2.json
VYMI  seed= 42 ts=50000: final=1004617.24, sharpe=0.4148, max_dd=0.0026, preservation=0.9977 -> baseline__VYMI__seed42__phase2.json
VYMI  seed= 53 ts=50000: final=1004521.51, sharpe=0.3720, max_dd=0.0033, preservation=0.9967 -> baseline__VYMI__seed53__phase2.json
VYMI  seed= 67 ts=50000: final=1004199.40, sharpe=0.4800, max_dd=0.0024, preservation=0.9994 -> baseline__VYMI__seed67__phase2.json
VYMI  seed= 89 ts=50000: final=1005585.70, sharpe=0.4973, max_dd=0.0024, preservation=0.9980 -> baseline__VYMI__seed89__phase2.json
XLF   seed=  7 ts=50000: final=1004218.96, sharpe=0.1935, max_dd=0.0090, preservation=0.9921 -> baseline__XLF__seed7__phase2.json
XLF   seed= 13 ts=50000: final=1007743.71, sharpe=0.4685, max_dd=0.0044, preservation=0.9991 -> baseline__XLF__seed13__phase2.json
XLF   seed= 19 ts=50000: final=1007425.42, sharpe=0.4525, max_dd=0.0044, preservation=0.9991 -> baseline__XLF__seed19__phase2.json
XLF   seed= 23 ts=50000: final=1007161.51, sharpe=0.4289, max_dd=0.0044, preservation=0.9983 -> baseline__XLF__seed23__phase2.json
XLF   seed= 29 ts=50000: final=1005881.64, sharpe=0.3015, max_dd=0.0053, preservation=0.9956 -> baseline__XLF__seed29__phase2.json
XLF   seed= 37 ts=50000: final=1005535.34, sharpe=0.2055, max_dd=0.0105, preservation=0.9899 -> baseline__XLF__seed37__phase2.json
XLF   seed= 42 ts=50000: final=1008132.44, sharpe=0.4878, max_dd=0.0044, preservation=0.9993 -> baseline__XLF__seed42__phase2.json
XLF   seed= 53 ts=50000: final=1007478.79, sharpe=0.3583, max_dd=0.0050, preservation=0.9956 -> baseline__XLF__seed53__phase2.json
XLF   seed= 67 ts=50000: final=1005857.42, sharpe=0.3288, max_dd=0.0044, preservation=0.9958 -> baseline__XLF__seed67__phase2.json
XLF   seed= 89 ts=50000: final=1007904.13, sharpe=0.4823, max_dd=0.0044, preservation=0.9996 -> baseline__XLF__seed89__phase2.json
XLI   seed=  7 ts=50000: final=995909.95, sharpe=-0.2488, max_dd=0.0100, preservation=0.9929 -> baseline__XLI__seed7__phase2.json
XLI   seed= 13 ts=50000: final=994605.21, sharpe=-0.3081, max_dd=0.0100, preservation=0.9916 -> baseline__XLI__seed13__phase2.json
XLI   seed= 19 ts=50000: final=995751.07, sharpe=-0.2592, max_dd=0.0100, preservation=0.9927 -> baseline__XLI__seed19__phase2.json
XLI   seed= 23 ts=50000: final=995242.41, sharpe=-0.2741, max_dd=0.0100, preservation=0.9922 -> baseline__XLI__seed23__phase2.json
XLI   seed= 29 ts=50000: final=995921.27, sharpe=-0.2489, max_dd=0.0100, preservation=0.9929 -> baseline__XLI__seed29__phase2.json
XLI   seed= 37 ts=50000: final=993146.55, sharpe=-0.2940, max_dd=0.0120, preservation=0.9897 -> baseline__XLI__seed37__phase2.json
XLI   seed= 42 ts=50000: final=995937.70, sharpe=-0.2479, max_dd=0.0100, preservation=0.9929 -> baseline__XLI__seed42__phase2.json
XLI   seed= 53 ts=50000: final=979087.43, sharpe=-0.2748, max_dd=0.0362, preservation=0.9698 -> baseline__XLI__seed53__phase2.json
XLI   seed= 67 ts=50000: final=995937.70, sharpe=-0.2479, max_dd=0.0100, preservation=0.9929 -> baseline__XLI__seed67__phase2.json
XLI   seed= 89 ts=50000: final=996056.55, sharpe=-0.2366, max_dd=0.0100, preservation=0.9930 -> baseline__XLI__seed89__phase2.json
XLK   seed=  7 ts=50000: final=995301.63, sharpe=-0.1862, max_dd=0.0121, preservation=0.9917 -> baseline__XLK__seed7__phase2.json
XLK   seed= 13 ts=50000: final=994938.55, sharpe=-0.1942, max_dd=0.0121, preservation=0.9914 -> baseline__XLK__seed13__phase2.json
XLK   seed= 19 ts=50000: final=994643.01, sharpe=-0.2121, max_dd=0.0121, preservation=0.9911 -> baseline__XLK__seed19__phase2.json
XLK   seed= 23 ts=50000: final=995301.63, sharpe=-0.1862, max_dd=0.0121, preservation=0.9917 -> baseline__XLK__seed23__phase2.json
XLK   seed= 29 ts=50000: final=995301.63, sharpe=-0.1862, max_dd=0.0121, preservation=0.9917 -> baseline__XLK__seed29__phase2.json
XLK   seed= 37 ts=50000: final=990279.38, sharpe=-0.2516, max_dd=0.0155, preservation=0.9863 -> baseline__XLK__seed37__phase2.json
XLK   seed= 42 ts=50000: final=995301.63, sharpe=-0.1862, max_dd=0.0121, preservation=0.9917 -> baseline__XLK__seed42__phase2.json
XLK   seed= 53 ts=50000: final=993103.52, sharpe=-0.2381, max_dd=0.0131, preservation=0.9895 -> baseline__XLK__seed53__phase2.json
XLK   seed= 67 ts=50000: final=995301.63, sharpe=-0.1862, max_dd=0.0121, preservation=0.9917 -> baseline__XLK__seed67__phase2.json
XLK   seed= 89 ts=50000: final=995301.63, sharpe=-0.1862, max_dd=0.0121, preservation=0.9917 -> baseline__XLK__seed89__phase2.json
XLU   seed=  7 ts=50000: final=1027402.62, sharpe=0.2846, max_dd=0.0508, preservation=0.9688 -> baseline__XLU__seed7__phase2.json
XLU   seed= 13 ts=50000: final=1208466.85, sharpe=0.5232, max_dd=0.1357, preservation=0.9575 -> baseline__XLU__seed13__phase2.json
XLU   seed= 19 ts=50000: final=1000862.91, sharpe=0.0577, max_dd=0.0058, preservation=0.9942 -> baseline__XLU__seed19__phase2.json
XLU   seed= 23 ts=50000: final=1038907.75, sharpe=0.3276, max_dd=0.0692, preservation=0.9773 -> baseline__XLU__seed23__phase2.json
XLU   seed= 29 ts=50000: final=1038611.90, sharpe=0.5586, max_dd=0.0307, preservation=0.9863 -> baseline__XLU__seed29__phase2.json
XLU   seed= 37 ts=50000: final=1011787.06, sharpe=0.0638, max_dd=0.0873, preservation=0.9437 -> baseline__XLU__seed37__phase2.json
XLU   seed= 42 ts=50000: final=1197852.11, sharpe=0.5125, max_dd=0.1342, preservation=0.9596 -> baseline__XLU__seed42__phase2.json
XLU   seed= 53 ts=50000: final=1009947.42, sharpe=0.0651, max_dd=0.0758, preservation=0.9521 -> baseline__XLU__seed53__phase2.json
XLU   seed= 67 ts=50000: final=1022946.52, sharpe=0.1144, max_dd=0.1003, preservation=0.9499 -> baseline__XLU__seed67__phase2.json
XLU   seed= 89 ts=50000: final=1019358.59, sharpe=0.1272, max_dd=0.0758, preservation=0.9533 -> baseline__XLU__seed89__phase2.json

Wrote baseline results:
- /scratch/PDRL/dissertation-project/experiments/results/baseline_20260529T175755Z_phase2.json
- /scratch/PDRL/dissertation-project/experiments/results/baseline_20260529T175755Z_phase2.csv

============================================================
Finished: 2026-05-29T21:06:23
Exit code: 0
