=== REINFORCE seed=42 ===
  24s
=== Deep Q seed=42 ===
  77s
=== PPO (SB3) seed=42 ===
  36s
=== REINFORCE seed=43 ===
  28s
=== Deep Q seed=43 ===
  69s
=== PPO (SB3) seed=43 ===
  30s
=== REINFORCE seed=44 ===
  20s
=== Deep Q seed=44 ===
  64s
=== PPO (SB3) seed=44 ===
  35s
=== fee sensitivity fee=0.0000 ===
=== fee sensitivity fee=0.0005 ===
=== fee sensitivity fee=0.0020 ===
{
  "B0_do_nothing": {
    "n_episodes": 26,
    "mean_delta_w": 0.0,
    "std_delta_w": 0.0,
    "mean_trades": 0.0,
    "sharpe_monthly": 0.0,
    "max_drawdown": 0.0,
    "max_accounting_gap": 0.0,
    "accounting_ok": true,
    "win_rate_vs_B1b": 0.3076923076923077,
    "months_identical_to_B1b": 0
  },
  "B1b_buy_and_hold": {
    "n_episodes": 26,
    "mean_delta_w": 125.18704027875482,
    "std_delta_w": 309.87147912775475,
    "mean_trades": 11.0,
    "sharpe_monthly": 0.4039966525190991,
    "max_drawdown": 0.059645185142431556,
    "max_accounting_gap": 0.0,
    "accounting_ok": true,
    "win_rate_vs_B1b": 0.0,
    "months_identical_to_B1b": 26
  },
  "B2_random": {
    "n_episodes": 26,
    "mean_delta_w": 60.90256849397834,
    "std_delta_w": 104.4175545931321,
    "mean_trades": 14.538461538461538,
    "sharpe_monthly": 0.5832598621111944,
    "max_drawdown": 0.01797778272910877,
    "max_accounting_gap": 0.0,
    "accounting_ok": true,
    "win_rate_vs_B1b": 0.34615384615384615,
    "months_identical_to_B1b": 0
  },
  "A_reinforce": {
    "n_episodes": 26,
    "mean_delta_w": 125.18704027875482,
    "std_delta_w": 309.87147912775475,
    "mean_trades": 11.0,
    "sharpe_monthly": 0.4039966525190991,
    "max_drawdown": 0.059645185142431556,
    "max_accounting_gap": 0.0,
    "accounting_ok": true,
    "win_rate_vs_B1b": 0.0,
    "months_identical_to_B1b": 26
  },
  "A_dqn": {
    "n_episodes": 26,
    "mean_delta_w": 123.23002413237751,
    "std_delta_w": 273.971552725905,
    "mean_trades": 13.23076923076923,
    "sharpe_monthly": 0.44979131193107136,
    "max_drawdown": 0.04848542690669788,
    "max_accounting_gap": 0.0,
    "accounting_ok": true,
    "win_rate_vs_B1b": 0.34615384615384615,
    "months_identical_to_B1b": 0
  },
  "A_ppo": {
    "n_episodes": 26,
    "mean_delta_w": 55.66607476617859,
    "std_delta_w": 110.4535104167542,
    "mean_trades": 4.0,
    "sharpe_monthly": 0.5039774159838278,
    "max_drawdown": 0.01852646131151936,
    "max_accounting_gap": 0.0,
    "accounting_ok": true,
    "win_rate_vs_B1b": 0.3076923076923077,
    "months_identical_to_B1b": 0
  }
}
wrote /Users/the1finix/Documents/GitHub/dissertation project -uncertainty-aware portfolio agent/experiments/final_model/results/full_ablation_results.json
wrote 5 charts to /Users/the1finix/Documents/GitHub/dissertation project -uncertainty-aware portfolio agent/reports/generated/charts
ABLATION_DONE
