data: train=60 val=12 test=24 months (2018-01..2025-12)

=== slice 0.1 C0 | validation (12 months), 80,000 steps, seeds [42, 43, 44, 45, 46, 47] ===
  B0_do_nothing    dW=   +0.00  expo=0.000
  B1a_slice_bah    dW= +121.79  expo=0.690
  B1b_true_bah     dW= +166.92  expo=0.910
  B2_random        dW=  +38.39  expo=0.157

  reinforce @ 0.1 C0
      seed 42: dW=   +0.08  trades= 20.7  expo=0.04  ddI=0.002  cond=MASK-ONLY  (20.0s)
      seed 43: dW= +121.79  trades= 11.0  expo=0.69  ddI=0.027  cond=MASK-ONLY  (18.5s)
      seed 44: dW= +121.79  trades= 11.0  expo=0.69  ddI=0.027  cond=MASK-ONLY  (17.9s)
      seed 45: dW= +119.20  trades= 20.8  expo=0.67  ddI=0.026  cond=MASK-ONLY  (18.1s)
      seed 46: dW= +119.20  trades= 20.8  expo=0.67  ddI=0.026  cond=MASK-ONLY  (17.8s)
      seed 47: dW= +121.79  trades= 11.0  expo=0.69  ddI=0.027  cond=MASK-ONLY  (18.3s)
      mean=+100.64  spread=121.71  state-dependent 0/6

  dqn @ 0.1 C0
      seed 42: dW=  +70.30  trades= 11.8  expo=0.39  ddI=0.013  cond=state  (60.1s)
      seed 43: dW=  +54.55  trades= 13.1  expo=0.14  ddI=0.004  cond=state  (63.8s)
      seed 44: dW= +105.94  trades= 10.4  expo=0.35  ddI=0.012  cond=state  (63.9s)
      seed 45: dW=  +23.55  trades= 11.8  expo=0.22  ddI=0.009  cond=state  (63.7s)
      seed 46: dW= +107.43  trades= 13.8  expo=0.64  ddI=0.025  cond=state  (66.1s)
      seed 47: dW=  +57.77  trades= 14.1  expo=0.42  ddI=0.017  cond=state  (65.0s)
      mean=+69.92  spread=83.88  state-dependent 6/6

  ppo @ 0.1 C0
      seed 42: dW=  +66.96  trades=  5.0  expo=0.34  ddI=0.012  cond=state  (39.5s)
      seed 43: dW= +121.79  trades= 11.0  expo=0.69  ddI=0.027  cond=MASK-ONLY  (40.0s)
      seed 44: dW= +121.79  trades= 11.0  expo=0.69  ddI=0.027  cond=MASK-ONLY  (40.3s)
      seed 45: dW= +121.79  trades= 11.0  expo=0.69  ddI=0.027  cond=MASK-ONLY  (39.7s)
      seed 46: dW= +121.79  trades= 11.0  expo=0.69  ddI=0.027  cond=MASK-ONLY  (39.9s)
      seed 47: dW= +121.79  trades= 11.0  expo=0.69  ddI=0.027  cond=MASK-ONLY  (39.7s)
      mean=+112.65  spread=54.83  state-dependent 1/6

=== slice 0.25 C0 | validation (12 months), 80,000 steps, seeds [42, 43, 44, 45, 46, 47] ===
  B0_do_nothing    dW=   +0.00  expo=0.000
  B1a_slice_bah    dW= +167.39  expo=0.838
  B1b_true_bah     dW= +166.92  expo=0.910
  B2_random        dW=  +64.99  expo=0.359

  reinforce @ 0.25 C0
      seed 42: dW= +167.39  trades=  5.0  expo=0.84  ddI=0.029  cond=MASK-ONLY  (19.0s)
      seed 43: dW= +167.39  trades=  5.0  expo=0.84  ddI=0.029  cond=MASK-ONLY  (19.0s)
      seed 44: dW= +130.10  trades= 20.8  expo=0.74  ddI=0.027  cond=MASK-ONLY  (19.3s)
      seed 45: dW= +130.10  trades= 20.8  expo=0.74  ddI=0.027  cond=MASK-ONLY  (18.9s)
      seed 46: dW= +167.39  trades=  5.0  expo=0.84  ddI=0.029  cond=MASK-ONLY  (18.6s)
      seed 47: dW= +167.39  trades=  5.0  expo=0.84  ddI=0.029  cond=MASK-ONLY  (18.9s)
      mean=+154.96  spread=37.29  state-dependent 0/6

  dqn @ 0.25 C0
      seed 42: dW= +117.43  trades=  9.2  expo=0.52  ddI=0.016  cond=state  (63.9s)
      seed 43: dW=  +83.51  trades=  7.2  expo=0.30  ddI=0.010  cond=state  (68.4s)
      seed 44: dW=  +83.61  trades=  7.1  expo=0.37  ddI=0.015  cond=state  (74.0s)
      seed 45: dW=  +53.23  trades=  9.2  expo=0.23  ddI=0.010  cond=state  (69.4s)
      seed 46: dW= +110.46  trades= 10.9  expo=0.37  ddI=0.013  cond=state  (72.6s)
      seed 47: dW=  +68.72  trades=  7.2  expo=0.16  ddI=0.007  cond=state  (66.4s)
      mean=+86.16  spread=64.20  state-dependent 6/6

  ppo @ 0.25 C0
      seed 42: dW=   +0.00  trades=  0.0  expo=0.00  ddI=0.000  cond=MASK-ONLY  (40.0s)
      seed 43: dW= +167.39  trades=  5.0  expo=0.84  ddI=0.029  cond=MASK-ONLY  (39.7s)
      seed 44: dW= +167.39  trades=  5.0  expo=0.84  ddI=0.029  cond=MASK-ONLY  (42.6s)
      seed 45: dW=  +41.73  trades=  2.0  expo=0.23  ddI=0.008  cond=MASK-ONLY  (39.2s)
      seed 46: dW= +167.39  trades=  5.0  expo=0.84  ddI=0.029  cond=MASK-ONLY  (39.5s)
      seed 47: dW= +167.39  trades=  5.0  expo=0.84  ddI=0.029  cond=MASK-ONLY  (39.7s)
      mean=+118.55  spread=167.39  state-dependent 0/6

  summary
      cell                    mean dW    spread    expo  state-dep
      reinforce__slice0.1     +100.64    121.71   0.574  0/6
      dqn__slice0.1            +69.92     83.88   0.361  6/6
      ppo__slice0.1           +112.65     54.83   0.631  1/6
      reinforce__slice0.25    +154.96     37.29   0.807  0/6
      dqn__slice0.25           +86.16     64.20   0.325  6/6
      ppo__slice0.25          +118.55    167.39   0.596  0/6

wrote /Users/the1finix/Documents/GitHub/dissertation project -uncertainty-aware portfolio agent/experiments/final_v2/results/conditioning_v2_results.json
CONDITIONING_V2_DONE
